
> my-app@0.0.0 build
> next build

⚠ Warning: Next.js inferred your workspace root, but it may not be correct.
 We detected multiple lockfiles and selected the directory of /home/lord/package-lock.json as the root directory.
 To silence this warning, set `turbopack.root` in your Next.js config, or consider removing one of the lockfiles if it's not needed.
   See https://nextjs.org/docs/app/api-reference/config/next-config-js/turbopack#root-directory for more information.
 Detected additional lockfiles: 
   * /home/lord/Music/app/package-lock.json

▲ Next.js 16.2.4 (Turbopack)

⚠ The "middleware" file convention is deprecated. Please use "proxy" instead. Learn more: https://nextjs.org/docs/messages/middleware-to-proxy
  Creating an optimized production build ...

> Build error occurred
Error: Turbopack build failed with 164 errors:
./Music/app/app/contact
You cannot have two parallel pages that resolve to the same path. Please check /(public)/contact and /contact.

./Music/app/app/programs
You cannot have two parallel pages that resolve to the same path. Please check /(public)/programs and /programs.

./Music/app/app/(public)/faq/page.tsx:7:1
Module not found: Can't resolve '@/components/ui/accordion'
  [90m 5 |[0m ...[36mom[0m [32m'@/components/ui/badge'[0m;
  [90m 6 |[0m ...[36mom[0m [32m'@/components/ui/input'[0m;
[31m[1m>[0m [90m 7 |[0m ... [33mAccordionContent[0m, [33mAccordionItem[0m, [33mAccordionTrigger[0m } [36mfrom[0m [32m'@/compon...[0m
  [90m   |[0m    [31m[1m^^^^^^^^^^^^^^^^^^^^^^^^^^^^^^^^^^^^^^^^^^^^^^^^^^^^^^^^^^^^^^^^^^^^^^[0m
  [90m 8 |[0m ...[36mrom[0m [32m'@/components/ui/button'[0m;
  [90m 9 |[0m ...} [36mfrom[0m [32m'next/navigation'[0m;
  [90m10 |[0m ...

Import map: aliased to relative './src/components/ui/accordion' inside of [project]/Music/app


Import traces:
  Client Component Browser:
    ./Music/app/app/(public)/faq/page.tsx [Client Component Browser]
    ./Music/app/app/(public)/faq/page.tsx [Server Component]

  Client Component SSR:
    ./Music/app/app/(public)/faq/page.tsx [Client Component SSR]
    ./Music/app/app/(public)/faq/page.tsx [Server Component]

https://nextjs.org/docs/messages/module-not-found


./Music/app/app/admin/children/page.tsx:8:1
Module not found: Can't resolve '@/components/ui/avatar'
  [90m 6 |[0m ...[36mt[0m { [33mInput[0m } [36mfrom[0m [32m'@/components/ui/input'[0m;
  [90m 7 |[0m ...[36mt[0m { [33mCard[0m, [33mCardContent[0m } [36mfrom[0m [32m'@/components/ui/card'[0m;
[31m[1m>[0m [90m 8 |[0m ...[36mt[0m { [33mAvatar[0m, [33mAvatarFallback[0m, [33mAvatarImage[0m } [36mfrom[0m [32m'@/components/ui/ava...[0m
  [90m   |[0m    [31m[1m^^^^^^^^^^^^^^^^^^^^^^^^^^^^^^^^^^^^^^^^^^^^^^^^^^^^^^^^^^^^^^^^^^^^^^[0m
  [90m 9 |[0m ...
  [90m10 |[0m ... children = [
  [90m11 |[0m ...ame: [32m'Amara Okafor'[0m, age: [35m4[0m, [36mclass[0m: [32m'Preschool'[0m, date: [32m'Sep 2023'[0m, ...

Import map: aliased to relative './src/components/ui/avatar' inside of [project]/Music/app


Import traces:
  Client Component Browser:
    ./Music/app/app/admin/children/page.tsx [Client Component Browser]
    ./Music/app/app/admin/children/page.tsx [Server Component]

  Client Component SSR:
    ./Music/app/app/admin/children/page.tsx [Client Component SSR]
    ./Music/app/app/admin/children/page.tsx [Server Component]

https://nextjs.org/docs/messages/module-not-found


./Music/app/app/admin/layout.tsx:12:1
Module not found: Can't resolve '@/components/ui/avatar'
  [90m10 |[0m ...[36mm[0m [32m'lucide-react'[0m;
  [90m11 |[0m ...[36mt[0m { [33mInput[0m } [36mfrom[0m [32m'@/components/ui/input'[0m;
[31m[1m>[0m [90m12 |[0m ...[36mt[0m { [33mAvatar[0m, [33mAvatarFallback[0m, [33mAvatarImage[0m } [36mfrom[0m [32m'@/components/ui/ava...[0m
  [90m   |[0m    [31m[1m^^^^^^^^^^^^^^^^^^^^^^^^^^^^^^^^^^^^^^^^^^^^^^^^^^^^^^^^^^^^^^^^^^^^^^[0m
  [90m13 |[0m ...
  [90m14 |[0m ... sidebarSections = [
  [90m15 |[0m ...

Import map: aliased to relative './src/components/ui/avatar' inside of [project]/Music/app


Import traces:
  Client Component Browser:
    ./Music/app/app/admin/layout.tsx [Client Component Browser]
    ./Music/app/app/admin/layout.tsx [Server Component]

  Client Component SSR:
    ./Music/app/app/admin/layout.tsx [Client Component SSR]
    ./Music/app/app/admin/layout.tsx [Server Component]

https://nextjs.org/docs/messages/module-not-found


./Music/app/app/admin/messages/page.tsx:8:1
Module not found: Can't resolve '@/components/ui/avatar'
  [90m 6 |[0m ...[36mt[0m { [33mInput[0m } [36mfrom[0m [32m'@/components/ui/input'[0m;
  [90m 7 |[0m ...[36mt[0m { [33mCard[0m, [33mCardContent[0m, [33mCardHeader[0m } [36mfrom[0m [32m'@/components/ui/card'[0m;
[31m[1m>[0m [90m 8 |[0m ...[36mt[0m { [33mAvatar[0m, [33mAvatarFallback[0m, [33mAvatarImage[0m } [36mfrom[0m [32m'@/components/ui/ava...[0m
  [90m   |[0m    [31m[1m^^^^^^^^^^^^^^^^^^^^^^^^^^^^^^^^^^^^^^^^^^^^^^^^^^^^^^^^^^^^^^^^^^^^^^[0m
  [90m 9 |[0m ...[36mt[0m { [33mTabs[0m, [33mTabsContent[0m, [33mTabsList[0m, [33mTabsTrigger[0m } [36mfrom[0m [32m'@/components/u...[0m
  [90m10 |[0m ...[36mt[0m { toast } [36mfrom[0m [32m'sonner'[0m;
  [90m11 |[0m ...

Import map: aliased to relative './src/components/ui/avatar' inside of [project]/Music/app


Import traces:
  Client Component Browser:
    ./Music/app/app/admin/messages/page.tsx [Client Component Browser]
    ./Music/app/app/admin/messages/page.tsx [Server Component]

  Client Component SSR:
    ./Music/app/app/admin/messages/page.tsx [Client Component SSR]
    ./Music/app/app/admin/messages/page.tsx [Server Component]

https://nextjs.org/docs/messages/module-not-found


./Music/app/app/admin/staff/page.tsx:9:1
Module not found: Can't resolve '@/components/ui/avatar'
  [90m 7 |[0m ...[36mt[0m { [33mInput[0m } [36mfrom[0m [32m'@/components/ui/input'[0m;
  [90m 8 |[0m ...[36mt[0m { [33mCard[0m, [33mCardContent[0m } [36mfrom[0m [32m'@/components/ui/card'[0m;
[31m[1m>[0m [90m 9 |[0m ...[36mt[0m { [33mAvatar[0m, [33mAvatarFallback[0m, [33mAvatarImage[0m } [36mfrom[0m [32m'@/components/ui/ava...[0m
  [90m   |[0m    [31m[1m^^^^^^^^^^^^^^^^^^^^^^^^^^^^^^^^^^^^^^^^^^^^^^^^^^^^^^^^^^^^^^^^^^^^^^[0m
  [90m10 |[0m ...
  [90m11 |[0m ... staff = [
  [90m12 |[0m ...ame: [32m'Mrs. Funke Adebayo'[0m, role: [32m'Director'[0m, [36mclass[0m: [32m'All'[0m, status: [32m...[0m

Import map: aliased to relative './src/components/ui/avatar' inside of [project]/Music/app


Import traces:
  Client Component Browser:
    ./Music/app/app/admin/staff/page.tsx [Client Component Browser]
    ./Music/app/app/admin/staff/page.tsx [Server Component]

  Client Component SSR:
    ./Music/app/app/admin/staff/page.tsx [Client Component SSR]
    ./Music/app/app/admin/staff/page.tsx [Server Component]

https://nextjs.org/docs/messages/module-not-found


./Music/app/app/parent/child/page.tsx:8:1
Module not found: Can't resolve '@/components/ui/avatar'
  [90m 6 |[0m ...[36mt[0m { [33mButton[0m } [36mfrom[0m [32m'@/components/ui/button'[0m;
  [90m 7 |[0m ...[36mt[0m { [33mCard[0m, [33mCardContent[0m, [33mCardHeader[0m, [33mCardTitle[0m } [36mfrom[0m [32m'@/components/u...[0m
[31m[1m>[0m [90m 8 |[0m ...[36mt[0m { [33mAvatar[0m, [33mAvatarFallback[0m, [33mAvatarImage[0m } [36mfrom[0m [32m'@/components/ui/ava...[0m
  [90m   |[0m    [31m[1m^^^^^^^^^^^^^^^^^^^^^^^^^^^^^^^^^^^^^^^^^^^^^^^^^^^^^^^^^^^^^^^^^^^^^^[0m
  [90m 9 |[0m ...[36mt[0m { [33mTabs[0m, [33mTabsContent[0m, [33mTabsList[0m, [33mTabsTrigger[0m } [36mfrom[0m [32m'@/components/u...[0m
  [90m10 |[0m ...
  [90m11 |[0m ...[36mt[0m [36mdefault[0m [36mfunction[0m [33mChildProfile[0m() {

Import map: aliased to relative './src/components/ui/avatar' inside of [project]/Music/app


Import traces:
  Client Component Browser:
    ./Music/app/app/parent/child/page.tsx [Client Component Browser]
    ./Music/app/app/parent/child/page.tsx [Server Component]

  Client Component SSR:
    ./Music/app/app/parent/child/page.tsx [Client Component SSR]
    ./Music/app/app/parent/child/page.tsx [Server Component]

https://nextjs.org/docs/messages/module-not-found


./Music/app/app/parent/layout.tsx:10:1
Module not found: Can't resolve '@/components/ui/avatar'
  [90m 8 |[0m ...[33meText[0m, [33mHelpCircle[0m, [33mSettings[0m, [33mLogOut[0m, [33mMenu[0m, [33mX[0m, [33mHeart[0m, [33mBell[0m
  [90m 9 |[0m ...[36mm[0m [32m'lucide-react'[0m;
[31m[1m>[0m [90m10 |[0m ...[36mt[0m { [33mAvatar[0m, [33mAvatarFallback[0m, [33mAvatarImage[0m } [36mfrom[0m [32m'@/components/ui/ava...[0m
  [90m   |[0m    [31m[1m^^^^^^^^^^^^^^^^^^^^^^^^^^^^^^^^^^^^^^^^^^^^^^^^^^^^^^^^^^^^^^^^^^^^^^[0m
  [90m11 |[0m ...
  [90m12 |[0m ... navItems = [
  [90m13 |[0m ...ref: [32m'/parent'[0m, label: [32m'Dashboard'[0m, icon: [33mLayoutDashboard[0m },

Import map: aliased to relative './src/components/ui/avatar' inside of [project]/Music/app


Import traces:
  Client Component Browser:
    ./Music/app/app/parent/layout.tsx [Client Component Browser]
    ./Music/app/app/parent/layout.tsx [Server Component]

  Client Component SSR:
    ./Music/app/app/parent/layout.tsx [Client Component SSR]
    ./Music/app/app/parent/layout.tsx [Server Component]

https://nextjs.org/docs/messages/module-not-found


./Music/app/app/parent/messages/page.tsx:8:1
Module not found: Can't resolve '@/components/ui/avatar'
  [90m 6 |[0m ...[36mt[0m { [33mButton[0m } [36mfrom[0m [32m'@/components/ui/button'[0m;
  [90m 7 |[0m ...[36mt[0m { [33mInput[0m } [36mfrom[0m [32m'@/components/ui/input'[0m;
[31m[1m>[0m [90m 8 |[0m ...[36mt[0m { [33mAvatar[0m, [33mAvatarFallback[0m, [33mAvatarImage[0m } [36mfrom[0m [32m'@/components/ui/ava...[0m
  [90m   |[0m    [31m[1m^^^^^^^^^^^^^^^^^^^^^^^^^^^^^^^^^^^^^^^^^^^^^^^^^^^^^^^^^^^^^^^^^^^^^^[0m
  [90m 9 |[0m ...[36mt[0m { [33mTabs[0m, [33mTabsContent[0m, [33mTabsList[0m, [33mTabsTrigger[0m } [36mfrom[0m [32m'@/components/u...[0m
  [90m10 |[0m ...[36mt[0m { toast } [36mfrom[0m [32m'sonner'[0m;
  [90m11 |[0m ...

Import map: aliased to relative './src/components/ui/avatar' inside of [project]/Music/app


Import traces:
  Client Component Browser:
    ./Music/app/app/parent/messages/page.tsx [Client Component Browser]
    ./Music/app/app/parent/messages/page.tsx [Server Component]

  Client Component SSR:
    ./Music/app/app/parent/messages/page.tsx [Client Component SSR]
    ./Music/app/app/parent/messages/page.tsx [Server Component]

https://nextjs.org/docs/messages/module-not-found


./Music/app/app/parent/page.tsx:9:1
Module not found: Can't resolve '@/components/ui/avatar'
  [90m 7 |[0m ...[36mt[0m { [33mButton[0m } [36mfrom[0m [32m'@/components/ui/button'[0m;
  [90m 8 |[0m ...[36mt[0m { [33mCard[0m, [33mCardContent[0m, [33mCardHeader[0m, [33mCardTitle[0m } [36mfrom[0m [32m'@/components/u...[0m
[31m[1m>[0m [90m 9 |[0m ...[36mt[0m { [33mAvatar[0m, [33mAvatarFallback[0m, [33mAvatarImage[0m } [36mfrom[0m [32m'@/components/ui/ava...[0m
  [90m   |[0m    [31m[1m^^^^^^^^^^^^^^^^^^^^^^^^^^^^^^^^^^^^^^^^^^^^^^^^^^^^^^^^^^^^^^^^^^^^^^[0m
  [90m10 |[0m ...
  [90m11 |[0m ...[36mt[0m [36mdefault[0m [36mfunction[0m [33mParentDashboard[0m() {
  [90m12 |[0m ...[36mst[0m router = useRouter();

Import map: aliased to relative './src/components/ui/avatar' inside of [project]/Music/app


Import traces:
  Client Component Browser:
    ./Music/app/app/parent/page.tsx [Client Component Browser]
    ./Music/app/app/parent/page.tsx [Server Component]

  Client Component SSR:
    ./Music/app/app/parent/page.tsx [Client Component SSR]
    ./Music/app/app/parent/page.tsx [Server Component]

https://nextjs.org/docs/messages/module-not-found


./Music/app/app/parent/settings/page.tsx:11:1
Module not found: Can't resolve '@/components/ui/avatar'
  [90m 9 |[0m ...[36mt[0m { [33mSwitch[0m } [36mfrom[0m [32m'@/components/ui/switch'[0m;
  [90m10 |[0m ...[36mt[0m { [33mTabs[0m, [33mTabsContent[0m, [33mTabsList[0m, [33mTabsTrigger[0m } [36mfrom[0m [32m'@/components/u...[0m
[31m[1m>[0m [90m11 |[0m ...[36mt[0m { [33mAvatar[0m, [33mAvatarFallback[0m, [33mAvatarImage[0m } [36mfrom[0m [32m'@/components/ui/ava...[0m
  [90m   |[0m    [31m[1m^^^^^^^^^^^^^^^^^^^^^^^^^^^^^^^^^^^^^^^^^^^^^^^^^^^^^^^^^^^^^^^^^^^^^^[0m
  [90m12 |[0m ...[36mt[0m { toast } [36mfrom[0m [32m'sonner'[0m;
  [90m13 |[0m ...
  [90m14 |[0m ...[36mt[0m [36mdefault[0m [36mfunction[0m [33mSettings[0m() {

Import map: aliased to relative './src/components/ui/avatar' inside of [project]/Music/app


Import traces:
  Client Component Browser:
    ./Music/app/app/parent/settings/page.tsx [Client Component Browser]
    ./Music/app/app/parent/settings/page.tsx [Server Component]

  Client Component SSR:
    ./Music/app/app/parent/settings/page.tsx [Client Component SSR]
    ./Music/app/app/parent/settings/page.tsx [Server Component]

https://nextjs.org/docs/messages/module-not-found


./Music/app/app/(public)/about/page.tsx:5:1
Module not found: Can't resolve '@/components/ui/badge'
  [90m3 |[0m [36mimport[0m { motion } [36mfrom[0m [32m'framer-motion'[0m;
  [90m4 |[0m [36mimport[0m { [33mAward[0m, [33mUsers[0m, [33mHeart[0m, [33mBookOpen[0m, [33mArrowRight[0m, [33mCheckCircle[0m } [36mfrom[0m [32m...[0m
[31m[1m>[0m [90m5 |[0m [36mimport[0m { [33mBadge[0m } [36mfrom[0m [32m'@/components/ui/badge'[0m;
  [90m  |[0m [31m[1m^^^^^^^^^^^^^^^^^^^^^^^^^^^^^^^^^^^^^^^^^^^^^^[0m
  [90m6 |[0m [36mimport[0m { [33mButton[0m } [36mfrom[0m [32m'@/components/ui/button'[0m;
  [90m7 |[0m [36mimport[0m { useRouter } [36mfrom[0m [32m'next/navigation'[0m;
  [90m8 |[0m

Import map: aliased to relative './src/components/ui/badge' inside of [project]/Music/app


Import traces:
  Client Component Browser:
    ./Music/app/app/(public)/about/page.tsx [Client Component Browser]
    ./Music/app/app/(public)/about/page.tsx [Server Component]

  Client Component SSR:
    ./Music/app/app/(public)/about/page.tsx [Client Component SSR]
    ./Music/app/app/(public)/about/page.tsx [Server Component]

https://nextjs.org/docs/messages/module-not-found


./Music/app/app/(public)/contact/page.tsx:5:1
Module not found: Can't resolve '@/components/ui/badge'
  [90m3 |[0m [36mimport[0m { useState } [36mfrom[0m [32m'react'[0m;
  [90m4 |[0m [36mimport[0m { [33mMapPin[0m, [33mPhone[0m, [33mMail[0m, [33mClock[0m, [33mSend[0m, [33mFacebook[0m, [33mInstagram[0m, [33mTwitter[0m...
[31m[1m>[0m [90m5 |[0m [36mimport[0m { [33mBadge[0m } [36mfrom[0m [32m'@/components/ui/badge'[0m;
  [90m  |[0m [31m[1m^^^^^^^^^^^^^^^^^^^^^^^^^^^^^^^^^^^^^^^^^^^^^^[0m
  [90m6 |[0m [36mimport[0m { [33mButton[0m } [36mfrom[0m [32m'@/components/ui/button'[0m;
  [90m7 |[0m [36mimport[0m { [33mInput[0m } [36mfrom[0m [32m'@/components/ui/input'[0m;
  [90m8 |[0m [36mimport[0m { [33mTextarea[0m } [36mfrom[0m [32m'@/components/ui/textarea'[0m;

Import map: aliased to relative './src/components/ui/badge' inside of [project]/Music/app


Import traces:
  Client Component Browser:
    ./Music/app/app/(public)/contact/page.tsx [Client Component Browser]
    ./Music/app/app/(public)/contact/page.tsx [Server Component]

  Client Component SSR:
    ./Music/app/app/(public)/contact/page.tsx [Client Component SSR]
    ./Music/app/app/(public)/contact/page.tsx [Server Component]

https://nextjs.org/docs/messages/module-not-found


./Music/app/app/(public)/events/page.tsx:6:1
Module not found: Can't resolve '@/components/ui/badge'
  [90m4 |[0m [36mimport[0m { motion } [36mfrom[0m [32m'framer-motion'[0m;
  [90m5 |[0m [36mimport[0m { [33mClock[0m, [33mMapPin[0m, [33mArrowRight[0m, [33mList[0m, [33mLayoutGrid[0m } [36mfrom[0m [32m'lucide-rea...[0m
[31m[1m>[0m [90m6 |[0m [36mimport[0m { [33mBadge[0m } [36mfrom[0m [32m'@/components/ui/badge'[0m;
  [90m  |[0m [31m[1m^^^^^^^^^^^^^^^^^^^^^^^^^^^^^^^^^^^^^^^^^^^^^^[0m
  [90m7 |[0m [36mimport[0m { [33mButton[0m } [36mfrom[0m [32m'@/components/ui/button'[0m;
  [90m8 |[0m
  [90m9 |[0m [36mconst[0m upcomingEvents = [

Import map: aliased to relative './src/components/ui/badge' inside of [project]/Music/app


Import traces:
  Client Component Browser:
    ./Music/app/app/(public)/events/page.tsx [Client Component Browser]
    ./Music/app/app/(public)/events/page.tsx [Server Component]

  Client Component SSR:
    ./Music/app/app/(public)/events/page.tsx [Client Component SSR]
    ./Music/app/app/(public)/events/page.tsx [Server Component]

https://nextjs.org/docs/messages/module-not-found


./Music/app/app/(public)/faq/page.tsx:5:1
Module not found: Can't resolve '@/components/ui/badge'
  [90m3 |[0m [36mimport[0m { useState } [36mfrom[0m [32m'react'[0m;
  [90m4 |[0m [36mimport[0m { [33mSearch[0m, [33mMessageCircle[0m } [36mfrom[0m [32m'lucide-react'[0m;
[31m[1m>[0m [90m5 |[0m [36mimport[0m { [33mBadge[0m } [36mfrom[0m [32m'@/components/ui/badge'[0m;
  [90m  |[0m [31m[1m^^^^^^^^^^^^^^^^^^^^^^^^^^^^^^^^^^^^^^^^^^^^^^[0m
  [90m6 |[0m [36mimport[0m { [33mInput[0m } [36mfrom[0m [32m'@/components/ui/input'[0m;
  [90m7 |[0m [36mimport[0m { [33mAccordion[0m, [33mAccordionContent[0m, [33mAccordionItem[0m, [33mAccordionTrigger[0m }.[36m..[0m
  [90m8 |[0m [36mimport[0m { [33mButton[0m } [36mfrom[0m [32m'@/components/ui/button'[0m;

Import map: aliased to relative './src/components/ui/badge' inside of [project]/Music/app


Import traces:
  Client Component Browser:
    ./Music/app/app/(public)/faq/page.tsx [Client Component Browser]
    ./Music/app/app/(public)/faq/page.tsx [Server Component]

  Client Component SSR:
    ./Music/app/app/(public)/faq/page.tsx [Client Component SSR]
    ./Music/app/app/(public)/faq/page.tsx [Server Component]

https://nextjs.org/docs/messages/module-not-found


./Music/app/app/(public)/gallery/page.tsx:6:1
Module not found: Can't resolve '@/components/ui/badge'
  [90m4 |[0m [36mimport[0m { motion, [33mAnimatePresence[0m } [36mfrom[0m [32m'framer-motion'[0m;
  [90m5 |[0m [36mimport[0m { [33mX[0m, [33mZoomIn[0m } [36mfrom[0m [32m'lucide-react'[0m;
[31m[1m>[0m [90m6 |[0m [36mimport[0m { [33mBadge[0m } [36mfrom[0m [32m'@/components/ui/badge'[0m;
  [90m  |[0m [31m[1m^^^^^^^^^^^^^^^^^^^^^^^^^^^^^^^^^^^^^^^^^^^^^^[0m
  [90m7 |[0m
  [90m8 |[0m [36mconst[0m allImages = [
  [90m9 |[0m   { src: [32m'/images/gallery-classroom-1.jpg'[0m, category: [32m'Classroom'[0m, capt...

Import map: aliased to relative './src/components/ui/badge' inside of [project]/Music/app


Import traces:
  Client Component Browser:
    ./Music/app/app/(public)/gallery/page.tsx [Client Component Browser]
    ./Music/app/app/(public)/gallery/page.tsx [Server Component]

  Client Component SSR:
    ./Music/app/app/(public)/gallery/page.tsx [Client Component SSR]
    ./Music/app/app/(public)/gallery/page.tsx [Server Component]

https://nextjs.org/docs/messages/module-not-found


./Music/app/app/(public)/privacy/page.tsx:1:1
Module not found: Can't resolve '@/components/ui/badge'
[31m[1m>[0m [90m1 |[0m [36mimport[0m { [33mBadge[0m } [36mfrom[0m [32m'@/components/ui/badge'[0m;
  [90m  |[0m [31m[1m^^^^^^^^^^^^^^^^^^^^^^^^^^^^^^^^^^^^^^^^^^^^^^[0m
  [90m2 |[0m
  [90m3 |[0m [36mexport[0m [36mdefault[0m [36mfunction[0m [33mPrivacy[0m() {
  [90m4 |[0m   [36mreturn[0m (

Import map: aliased to relative './src/components/ui/badge' inside of [project]/Music/app


https://nextjs.org/docs/messages/module-not-found


./Music/app/app/(public)/programs/page.tsx:6:1
Module not found: Can't resolve '@/components/ui/badge'
  [90m4 |[0m [36mimport[0m { motion } [36mfrom[0m [32m'framer-motion'[0m;
  [90m5 |[0m [36mimport[0m { [33mClock[0m, [33mUsers[0m, [33mBookOpen[0m, [33mStar[0m, [33mArrowRight[0m, [33mCheckCircle[0m } [36mfrom[0m [32m'...[0m
[31m[1m>[0m [90m6 |[0m [36mimport[0m { [33mBadge[0m } [36mfrom[0m [32m'@/components/ui/badge'[0m;
  [90m  |[0m [31m[1m^^^^^^^^^^^^^^^^^^^^^^^^^^^^^^^^^^^^^^^^^^^^^^[0m
  [90m7 |[0m [36mimport[0m { [33mButton[0m } [36mfrom[0m [32m'@/components/ui/button'[0m;
  [90m8 |[0m [36mimport[0m { [33mTabs[0m, [33mTabsContent[0m, [33mTabsList[0m, [33mTabsTrigger[0m } [36mfrom[0m [32m'@/components/...[0m
  [90m9 |[0m [36mimport[0m { useRouter } [36mfrom[0m [32m'next/navigation'[0m;

Import map: aliased to relative './src/components/ui/badge' inside of [project]/Music/app


Import traces:
  Client Component Browser:
    ./Music/app/app/(public)/programs/page.tsx [Client Component Browser]
    ./Music/app/app/(public)/programs/page.tsx [Server Component]

  Client Component SSR:
    ./Music/app/app/(public)/programs/page.tsx [Client Component SSR]
    ./Music/app/app/(public)/programs/page.tsx [Server Component]

https://nextjs.org/docs/messages/module-not-found


./Music/app/app/(public)/terms/page.tsx:1:1
Module not found: Can't resolve '@/components/ui/badge'
[31m[1m>[0m [90m1 |[0m [36mimport[0m { [33mBadge[0m } [36mfrom[0m [32m'@/components/ui/badge'[0m;
  [90m  |[0m [31m[1m^^^^^^^^^^^^^^^^^^^^^^^^^^^^^^^^^^^^^^^^^^^^^^[0m
  [90m2 |[0m
  [90m3 |[0m [36mexport[0m [36mdefault[0m [36mfunction[0m [33mTerms[0m() {
  [90m4 |[0m   [36mreturn[0m (

Import map: aliased to relative './src/components/ui/badge' inside of [project]/Music/app


https://nextjs.org/docs/messages/module-not-found


./Music/app/app/admin/announcements/page.tsx:5:1
Module not found: Can't resolve '@/components/ui/badge'
  [90m3 |[0m [36mimport[0m { useState } [36mfrom[0m [32m'react'[0m;
  [90m4 |[0m [36mimport[0m { [33mPlus[0m, [33mEdit[0m, [33mTrash2[0m, [33mSend[0m } [36mfrom[0m [32m'lucide-react'[0m;
[31m[1m>[0m [90m5 |[0m [36mimport[0m { [33mBadge[0m } [36mfrom[0m [32m'@/components/ui/badge'[0m;
  [90m  |[0m [31m[1m^^^^^^^^^^^^^^^^^^^^^^^^^^^^^^^^^^^^^^^^^^^^^^[0m
  [90m6 |[0m [36mimport[0m { [33mButton[0m } [36mfrom[0m [32m'@/components/ui/button'[0m;
  [90m7 |[0m [36mimport[0m { [33mCard[0m, [33mCardContent[0m } [36mfrom[0m [32m'@/components/ui/card'[0m;
  [90m8 |[0m [36mimport[0m { [33mDialog[0m, [33mDialogContent[0m, [33mDialogHeader[0m, [33mDialogTitle[0m, [33mDialogTrigge.[0m..

Import map: aliased to relative './src/components/ui/badge' inside of [project]/Music/app


Import traces:
  Client Component Browser:
    ./Music/app/app/admin/announcements/page.tsx [Client Component Browser]
    ./Music/app/app/admin/announcements/page.tsx [Server Component]

  Client Component SSR:
    ./Music/app/app/admin/announcements/page.tsx [Client Component SSR]
    ./Music/app/app/admin/announcements/page.tsx [Server Component]

https://nextjs.org/docs/messages/module-not-found


./Music/app/app/admin/attendance/page.tsx:5:1
Module not found: Can't resolve '@/components/ui/badge'
  [90m3 |[0m [36mimport[0m { useState } [36mfrom[0m [32m'react'[0m;
  [90m4 |[0m [36mimport[0m { [33mCalendarDays[0m, [33mSave[0m, [33mCheckCircle[0m, [33mXCircle[0m, [33mClock[0m } [36mfrom[0m [32m'lucide...[0m
[31m[1m>[0m [90m5 |[0m [36mimport[0m { [33mBadge[0m } [36mfrom[0m [32m'@/components/ui/badge'[0m;
  [90m  |[0m [31m[1m^^^^^^^^^^^^^^^^^^^^^^^^^^^^^^^^^^^^^^^^^^^^^^[0m
  [90m6 |[0m [36mimport[0m { [33mButton[0m } [36mfrom[0m [32m'@/components/ui/button'[0m;
  [90m7 |[0m [36mimport[0m { [33mInput[0m } [36mfrom[0m [32m'@/components/ui/input'[0m;
  [90m8 |[0m [36mimport[0m { [33mCard[0m, [33mCardContent[0m } [36mfrom[0m [32m'@/components/ui/card'[0m;

Import map: aliased to relative './src/components/ui/badge' inside of [project]/Music/app


Import traces:
  Client Component Browser:
    ./Music/app/app/admin/attendance/page.tsx [Client Component Browser]
    ./Music/app/app/admin/attendance/page.tsx [Server Component]

  Client Component SSR:
    ./Music/app/app/admin/attendance/page.tsx [Client Component SSR]
    ./Music/app/app/admin/attendance/page.tsx [Server Component]

https://nextjs.org/docs/messages/module-not-found


./Music/app/app/admin/children/page.tsx:4:1
Module not found: Can't resolve '@/components/ui/badge'
  [90m2 |[0m
  [90m3 |[0m [36mimport[0m { [33mSearch[0m, [33mPlus[0m, [33mFilter[0m, [33mMoreHorizontal[0m } [36mfrom[0m [32m'lucide-react'[0m;
[31m[1m>[0m [90m4 |[0m [36mimport[0m { [33mBadge[0m } [36mfrom[0m [32m'@/components/ui/badge'[0m;
  [90m  |[0m [31m[1m^^^^^^^^^^^^^^^^^^^^^^^^^^^^^^^^^^^^^^^^^^^^^^[0m
  [90m5 |[0m [36mimport[0m { [33mButton[0m } [36mfrom[0m [32m'@/components/ui/button'[0m;
  [90m6 |[0m [36mimport[0m { [33mInput[0m } [36mfrom[0m [32m'@/components/ui/input'[0m;
  [90m7 |[0m [36mimport[0m { [33mCard[0m, [33mCardContent[0m } [36mfrom[0m [32m'@/components/ui/card'[0m;

Import map: aliased to relative './src/components/ui/badge' inside of [project]/Music/app


Import traces:
  Client Component Browser:
    ./Music/app/app/admin/children/page.tsx [Client Component Browser]
    ./Music/app/app/admin/children/page.tsx [Server Component]

  Client Component SSR:
    ./Music/app/app/admin/children/page.tsx [Client Component SSR]
    ./Music/app/app/admin/children/page.tsx [Server Component]

https://nextjs.org/docs/messages/module-not-found


./Music/app/app/admin/events/page.tsx:5:1
Module not found: Can't resolve '@/components/ui/badge'
  [90m3 |[0m [36mimport[0m { useState } [36mfrom[0m [32m'react'[0m;
  [90m4 |[0m [36mimport[0m { [33mPlus[0m, [33mCalendar[0m, [33mClock[0m, [33mMapPin[0m, [33mEdit[0m, [33mTrash2[0m } [36mfrom[0m [32m'lucide-rea...[0m
[31m[1m>[0m [90m5 |[0m [36mimport[0m { [33mBadge[0m } [36mfrom[0m [32m'@/components/ui/badge'[0m;
  [90m  |[0m [31m[1m^^^^^^^^^^^^^^^^^^^^^^^^^^^^^^^^^^^^^^^^^^^^^^[0m
  [90m6 |[0m [36mimport[0m { [33mButton[0m } [36mfrom[0m [32m'@/components/ui/button'[0m;
  [90m7 |[0m [36mimport[0m { [33mInput[0m } [36mfrom[0m [32m'@/components/ui/input'[0m;
  [90m8 |[0m [36mimport[0m { [33mCard[0m, [33mCardContent[0m } [36mfrom[0m [32m'@/components/ui/card'[0m;

Import map: aliased to relative './src/components/ui/badge' inside of [project]/Music/app


Import traces:
  Client Component Browser:
    ./Music/app/app/admin/events/page.tsx [Client Component Browser]
    ./Music/app/app/admin/events/page.tsx [Server Component]

  Client Component SSR:
    ./Music/app/app/admin/events/page.tsx [Client Component SSR]
    ./Music/app/app/admin/events/page.tsx [Server Component]

https://nextjs.org/docs/messages/module-not-found


./Music/app/app/admin/invoices/page.tsx:4:1
Module not found: Can't resolve '@/components/ui/badge'
  [90m2 |[0m
  [90m3 |[0m [36mimport[0m { [33mPlus[0m, [33mDownload[0m } [36mfrom[0m [32m'lucide-react'[0m;
[31m[1m>[0m [90m4 |[0m [36mimport[0m { [33mBadge[0m } [36mfrom[0m [32m'@/components/ui/badge'[0m;
  [90m  |[0m [31m[1m^^^^^^^^^^^^^^^^^^^^^^^^^^^^^^^^^^^^^^^^^^^^^^[0m
  [90m5 |[0m [36mimport[0m { [33mButton[0m } [36mfrom[0m [32m'@/components/ui/button'[0m;
  [90m6 |[0m [36mimport[0m { [33mInput[0m } [36mfrom[0m [32m'@/components/ui/input'[0m;
  [90m7 |[0m [36mimport[0m { [33mCard[0m, [33mCardContent[0m } [36mfrom[0m [32m'@/components/ui/card'[0m;

Import map: aliased to relative './src/components/ui/badge' inside of [project]/Music/app


Import traces:
  Client Component Browser:
    ./Music/app/app/admin/invoices/page.tsx [Client Component Browser]
    ./Music/app/app/admin/invoices/page.tsx [Server Component]

  Client Component SSR:
    ./Music/app/app/admin/invoices/page.tsx [Client Component SSR]
    ./Music/app/app/admin/invoices/page.tsx [Server Component]

https://nextjs.org/docs/messages/module-not-found


./Music/app/app/admin/page.tsx:7:1
Module not found: Can't resolve '@/components/ui/badge'
  [90m 5 |[0m   [33mUsers[0m, [33mBaby[0m, [33mCreditCard[0m, [33mHelpCircle[0m, [33mUserCheck[0m, [33mCalendar[0m, [33mClipboardL...[0m
  [90m 6 |[0m } [36mfrom[0m [32m'lucide-react'[0m;
[31m[1m>[0m [90m 7 |[0m [36mimport[0m { [33mBadge[0m } [36mfrom[0m [32m'@/components/ui/badge'[0m;
  [90m   |[0m [31m[1m^^^^^^^^^^^^^^^^^^^^^^^^^^^^^^^^^^^^^^^^^^^^^^[0m
  [90m 8 |[0m [36mimport[0m { [33mButton[0m } [36mfrom[0m [32m'@/components/ui/button'[0m;
  [90m 9 |[0m [36mimport[0m { [33mCard[0m, [33mCardContent[0m, [33mCardHeader[0m, [33mCardTitle[0m } [36mfrom[0m [32m'@/components...[0m
  [90m10 |[0m [36mimport[0m { useRouter } [36mfrom[0m [32m'next/navigation'[0m;

Import map: aliased to relative './src/components/ui/badge' inside of [project]/Music/app


Import traces:
  Client Component Browser:
    ./Music/app/app/admin/page.tsx [Client Component Browser]
    ./Music/app/app/admin/page.tsx [Server Component]

  Client Component SSR:
    ./Music/app/app/admin/page.tsx [Client Component SSR]
    ./Music/app/app/admin/page.tsx [Server Component]

https://nextjs.org/docs/messages/module-not-found


./Music/app/app/admin/parents/page.tsx:4:1
Module not found: Can't resolve '@/components/ui/badge'
  [90m2 |[0m
  [90m3 |[0m [36mimport[0m { [33mSearch[0m, [33mPlus[0m, [33mFilter[0m, [33mMoreHorizontal[0m } [36mfrom[0m [32m'lucide-react'[0m;
[31m[1m>[0m [90m4 |[0m [36mimport[0m { [33mBadge[0m } [36mfrom[0m [32m'@/components/ui/badge'[0m;
  [90m  |[0m [31m[1m^^^^^^^^^^^^^^^^^^^^^^^^^^^^^^^^^^^^^^^^^^^^^^[0m
  [90m5 |[0m [36mimport[0m { [33mButton[0m } [36mfrom[0m [32m'@/components/ui/button'[0m;
  [90m6 |[0m [36mimport[0m { [33mInput[0m } [36mfrom[0m [32m'@/components/ui/input'[0m;
  [90m7 |[0m [36mimport[0m { [33mCard[0m, [33mCardContent[0m } [36mfrom[0m [32m'@/components/ui/card'[0m;

Import map: aliased to relative './src/components/ui/badge' inside of [project]/Music/app


Import traces:
  Client Component Browser:
    ./Music/app/app/admin/parents/page.tsx [Client Component Browser]
    ./Music/app/app/admin/parents/page.tsx [Server Component]

  Client Component SSR:
    ./Music/app/app/admin/parents/page.tsx [Client Component SSR]
    ./Music/app/app/admin/parents/page.tsx [Server Component]

https://nextjs.org/docs/messages/module-not-found


./Music/app/app/admin/payments/page.tsx:4:1
Module not found: Can't resolve '@/components/ui/badge'
  [90m2 |[0m
  [90m3 |[0m [36mimport[0m { [33mDownload[0m } [36mfrom[0m [32m'lucide-react'[0m;
[31m[1m>[0m [90m4 |[0m [36mimport[0m { [33mBadge[0m } [36mfrom[0m [32m'@/components/ui/badge'[0m;
  [90m  |[0m [31m[1m^^^^^^^^^^^^^^^^^^^^^^^^^^^^^^^^^^^^^^^^^^^^^^[0m
  [90m5 |[0m [36mimport[0m { [33mButton[0m } [36mfrom[0m [32m'@/components/ui/button'[0m;
  [90m6 |[0m [36mimport[0m { [33mCard[0m, [33mCardContent[0m, [33mCardHeader[0m, [33mCardTitle[0m } [36mfrom[0m [32m'@/components/...[0m
  [90m7 |[0m [36mimport[0m { [33mBarChart[0m, [33mBar[0m, [33mXAxis[0m, [33mYAxis[0m, [33mCartesianGrid[0m, [33mTooltip[0m, [33mResponsiv...[0m

Import map: aliased to relative './src/components/ui/badge' inside of [project]/Music/app


Import traces:
  Client Component Browser:
    ./Music/app/app/admin/payments/page.tsx [Client Component Browser]
    ./Music/app/app/admin/payments/page.tsx [Server Component]

  Client Component SSR:
    ./Music/app/app/admin/payments/page.tsx [Client Component SSR]
    ./Music/app/app/admin/payments/page.tsx [Server Component]

https://nextjs.org/docs/messages/module-not-found


./Music/app/app/admin/registrations/page.tsx:4:1
Module not found: Can't resolve '@/components/ui/badge'
  [90m2 |[0m
  [90m3 |[0m [36mimport[0m { [33mCheckCircle[0m, [33mXCircle[0m, [33mMoreHorizontal[0m } [36mfrom[0m [32m'lucide-react'[0m;
[31m[1m>[0m [90m4 |[0m [36mimport[0m { [33mBadge[0m } [36mfrom[0m [32m'@/components/ui/badge'[0m;
  [90m  |[0m [31m[1m^^^^^^^^^^^^^^^^^^^^^^^^^^^^^^^^^^^^^^^^^^^^^^[0m
  [90m5 |[0m [36mimport[0m { [33mButton[0m } [36mfrom[0m [32m'@/components/ui/button'[0m;
  [90m6 |[0m [36mimport[0m { [33mCard[0m, [33mCardContent[0m } [36mfrom[0m [32m'@/components/ui/card'[0m;
  [90m7 |[0m [36mimport[0m { toast } [36mfrom[0m [32m'sonner'[0m;

Import map: aliased to relative './src/components/ui/badge' inside of [project]/Music/app


Import traces:
  Client Component Browser:
    ./Music/app/app/admin/registrations/page.tsx [Client Component Browser]
    ./Music/app/app/admin/registrations/page.tsx [Server Component]

  Client Component SSR:
    ./Music/app/app/admin/registrations/page.tsx [Client Component SSR]
    ./Music/app/app/admin/registrations/page.tsx [Server Component]

https://nextjs.org/docs/messages/module-not-found


./Music/app/app/admin/resources/page.tsx:4:1
Module not found: Can't resolve '@/components/ui/badge'
  [90m2 |[0m
  [90m3 |[0m [36mimport[0m { [33mFileText[0m, [33mUpload[0m, [33mDownload[0m } [36mfrom[0m [32m'lucide-react'[0m;
[31m[1m>[0m [90m4 |[0m [36mimport[0m { [33mBadge[0m } [36mfrom[0m [32m'@/components/ui/badge'[0m;
  [90m  |[0m [31m[1m^^^^^^^^^^^^^^^^^^^^^^^^^^^^^^^^^^^^^^^^^^^^^^[0m
  [90m5 |[0m [36mimport[0m { [33mButton[0m } [36mfrom[0m [32m'@/components/ui/button'[0m;
  [90m6 |[0m [36mimport[0m { [33mCard[0m, [33mCardContent[0m } [36mfrom[0m [32m'@/components/ui/card'[0m;
  [90m7 |[0m [36mimport[0m { toast } [36mfrom[0m [32m'sonner'[0m;

Import map: aliased to relative './src/components/ui/badge' inside of [project]/Music/app


Import traces:
  Client Component Browser:
    ./Music/app/app/admin/resources/page.tsx [Client Component Browser]
    ./Music/app/app/admin/resources/page.tsx [Server Component]

  Client Component SSR:
    ./Music/app/app/admin/resources/page.tsx [Client Component SSR]
    ./Music/app/app/admin/resources/page.tsx [Server Component]

https://nextjs.org/docs/messages/module-not-found


./Music/app/app/admin/staff/page.tsx:5:1
Module not found: Can't resolve '@/components/ui/badge'
  [90m3 |[0m [36mimport[0m { useState } [36mfrom[0m [32m'react'[0m;
  [90m4 |[0m [36mimport[0m { [33mSearch[0m, [33mPlus[0m, [33mFilter[0m, [33mGrid3X3[0m, [33mList[0m, [33mMoreHorizontal[0m } [36mfrom[0m [32m'lu...[0m
[31m[1m>[0m [90m5 |[0m [36mimport[0m { [33mBadge[0m } [36mfrom[0m [32m'@/components/ui/badge'[0m;
  [90m  |[0m [31m[1m^^^^^^^^^^^^^^^^^^^^^^^^^^^^^^^^^^^^^^^^^^^^^^[0m
  [90m6 |[0m [36mimport[0m { [33mButton[0m } [36mfrom[0m [32m'@/components/ui/button'[0m;
  [90m7 |[0m [36mimport[0m { [33mInput[0m } [36mfrom[0m [32m'@/components/ui/input'[0m;
  [90m8 |[0m [36mimport[0m { [33mCard[0m, [33mCardContent[0m } [36mfrom[0m [32m'@/components/ui/card'[0m;

Import map: aliased to relative './src/components/ui/badge' inside of [project]/Music/app


Import traces:
  Client Component Browser:
    ./Music/app/app/admin/staff/page.tsx [Client Component Browser]
    ./Music/app/app/admin/staff/page.tsx [Server Component]

  Client Component SSR:
    ./Music/app/app/admin/staff/page.tsx [Client Component SSR]
    ./Music/app/app/admin/staff/page.tsx [Server Component]

https://nextjs.org/docs/messages/module-not-found


./Music/app/app/admin/support/page.tsx:5:1
Module not found: Can't resolve '@/components/ui/badge'
  [90m3 |[0m [36mimport[0m { useState } [36mfrom[0m [32m'react'[0m;
  [90m4 |[0m [36mimport[0m { [33mMessageSquare[0m, [33mCheckCircle[0m } [36mfrom[0m [32m'lucide-react'[0m;
[31m[1m>[0m [90m5 |[0m [36mimport[0m { [33mBadge[0m } [36mfrom[0m [32m'@/components/ui/badge'[0m;
  [90m  |[0m [31m[1m^^^^^^^^^^^^^^^^^^^^^^^^^^^^^^^^^^^^^^^^^^^^^^[0m
  [90m6 |[0m [36mimport[0m { [33mButton[0m } [36mfrom[0m [32m'@/components/ui/button'[0m;
  [90m7 |[0m [36mimport[0m { [33mCard[0m, [33mCardContent[0m } [36mfrom[0m [32m'@/components/ui/card'[0m;
  [90m8 |[0m [36mimport[0m { [33mTextarea[0m } [36mfrom[0m [32m'@/components/ui/textarea'[0m;

Import map: aliased to relative './src/components/ui/badge' inside of [project]/Music/app


Import traces:
  Client Component Browser:
    ./Music/app/app/admin/support/page.tsx [Client Component Browser]
    ./Music/app/app/admin/support/page.tsx [Server Component]

  Client Component SSR:
    ./Music/app/app/admin/support/page.tsx [Client Component SSR]
    ./Music/app/app/admin/support/page.tsx [Server Component]

https://nextjs.org/docs/messages/module-not-found


./Music/app/app/page.tsx:12:1
Module not found: Can't resolve '@/components/ui/badge'
  [90m10 |[0m } [36mfrom[0m [32m'lucide-react'[0m;
  [90m11 |[0m [36mimport[0m { [33mButton[0m } [36mfrom[0m [32m'@/components/ui/button'[0m;
[31m[1m>[0m [90m12 |[0m [36mimport[0m { [33mBadge[0m } [36mfrom[0m [32m'@/components/ui/badge'[0m;
  [90m   |[0m [31m[1m^^^^^^^^^^^^^^^^^^^^^^^^^^^^^^^^^^^^^^^^^^^^^^[0m
  [90m13 |[0m
  [90m14 |[0m [36mfunction[0m [33mAnimatedCounter[0m({ end, suffix = [32m''[0m }: { end: number; suffix?:...
  [90m15 |[0m   [36mconst[0m [count, setCount] = useState([35m0[0m);

Import map: aliased to relative './src/components/ui/badge' inside of [project]/Music/app


Import traces:
  Client Component Browser:
    ./Music/app/app/page.tsx [Client Component Browser]
    ./Music/app/app/page.tsx [Server Component]

  Client Component SSR:
    ./Music/app/app/page.tsx [Client Component SSR]
    ./Music/app/app/page.tsx [Server Component]

https://nextjs.org/docs/messages/module-not-found


./Music/app/app/parent/attendance/page.tsx:5:1
Module not found: Can't resolve '@/components/ui/badge'
  [90m3 |[0m [36mimport[0m { useState } [36mfrom[0m [32m'react'[0m;
  [90m4 |[0m [36mimport[0m { [33mChevronLeft[0m, [33mChevronRight[0m, [33mDownload[0m, [33mCalendarDays[0m } [36mfrom[0m [32m'luci...[0m
[31m[1m>[0m [90m5 |[0m [36mimport[0m { [33mBadge[0m } [36mfrom[0m [32m'@/components/ui/badge'[0m;
  [90m  |[0m [31m[1m^^^^^^^^^^^^^^^^^^^^^^^^^^^^^^^^^^^^^^^^^^^^^^[0m
  [90m6 |[0m [36mimport[0m { [33mButton[0m } [36mfrom[0m [32m'@/components/ui/button'[0m;
  [90m7 |[0m [36mimport[0m { [33mCard[0m, [33mCardContent[0m, [33mCardHeader[0m, [33mCardTitle[0m } [36mfrom[0m [32m'@/components/...[0m
  [90m8 |[0m [36mimport[0m { toast } [36mfrom[0m [32m'sonner'[0m;

Import map: aliased to relative './src/components/ui/badge' inside of [project]/Music/app


Import traces:
  Client Component Browser:
    ./Music/app/app/parent/attendance/page.tsx [Client Component Browser]
    ./Music/app/app/parent/attendance/page.tsx [Server Component]

  Client Component SSR:
    ./Music/app/app/parent/attendance/page.tsx [Client Component SSR]
    ./Music/app/app/parent/attendance/page.tsx [Server Component]

https://nextjs.org/docs/messages/module-not-found


./Music/app/app/parent/child/page.tsx:5:1
Module not found: Can't resolve '@/components/ui/badge'
  [90m3 |[0m [36mimport[0m { useState } [36mfrom[0m [32m'react'[0m;
  [90m4 |[0m [36mimport[0m { [33mPencil[0m, [33mDownload[0m, [33mFileText[0m, [33mPill[0m, [33mStethoscope[0m, [33mUser[0m } [36mfrom[0m [32m'lu...[0m
[31m[1m>[0m [90m5 |[0m [36mimport[0m { [33mBadge[0m } [36mfrom[0m [32m'@/components/ui/badge'[0m;
  [90m  |[0m [31m[1m^^^^^^^^^^^^^^^^^^^^^^^^^^^^^^^^^^^^^^^^^^^^^^[0m
  [90m6 |[0m [36mimport[0m { [33mButton[0m } [36mfrom[0m [32m'@/components/ui/button'[0m;
  [90m7 |[0m [36mimport[0m { [33mCard[0m, [33mCardContent[0m, [33mCardHeader[0m, [33mCardTitle[0m } [36mfrom[0m [32m'@/components/...[0m
  [90m8 |[0m [36mimport[0m { [33mAvatar[0m, [33mAvatarFallback[0m, [33mAvatarImage[0m } [36mfrom[0m [32m'@/components/ui/av...[0m

Import map: aliased to relative './src/components/ui/badge' inside of [project]/Music/app


Import traces:
  Client Component Browser:
    ./Music/app/app/parent/child/page.tsx [Client Component Browser]
    ./Music/app/app/parent/child/page.tsx [Server Component]

  Client Component SSR:
    ./Music/app/app/parent/child/page.tsx [Client Component SSR]
    ./Music/app/app/parent/child/page.tsx [Server Component]

https://nextjs.org/docs/messages/module-not-found


./Music/app/app/parent/events/page.tsx:5:1
Module not found: Can't resolve '@/components/ui/badge'
  [90m3 |[0m [36mimport[0m { useState } [36mfrom[0m [32m'react'[0m;
  [90m4 |[0m [36mimport[0m { [33mClock[0m, [33mMapPin[0m, [33mBell[0m } [36mfrom[0m [32m'lucide-react'[0m;
[31m[1m>[0m [90m5 |[0m [36mimport[0m { [33mBadge[0m } [36mfrom[0m [32m'@/components/ui/badge'[0m;
  [90m  |[0m [31m[1m^^^^^^^^^^^^^^^^^^^^^^^^^^^^^^^^^^^^^^^^^^^^^^[0m
  [90m6 |[0m [36mimport[0m { [33mButton[0m } [36mfrom[0m [32m'@/components/ui/button'[0m;
  [90m7 |[0m [36mimport[0m { [33mCard[0m, [33mCardContent[0m } [36mfrom[0m [32m'@/components/ui/card'[0m;
  [90m8 |[0m [36mimport[0m { [33mSwitch[0m } [36mfrom[0m [32m'@/components/ui/switch'[0m;

Import map: aliased to relative './src/components/ui/badge' inside of [project]/Music/app


Import traces:
  Client Component Browser:
    ./Music/app/app/parent/events/page.tsx [Client Component Browser]
    ./Music/app/app/parent/events/page.tsx [Server Component]

  Client Component SSR:
    ./Music/app/app/parent/events/page.tsx [Client Component SSR]
    ./Music/app/app/parent/events/page.tsx [Server Component]

https://nextjs.org/docs/messages/module-not-found


./Music/app/app/parent/messages/page.tsx:5:1
Module not found: Can't resolve '@/components/ui/badge'
  [90m3 |[0m [36mimport[0m { useState } [36mfrom[0m [32m'react'[0m;
  [90m4 |[0m [36mimport[0m { [33mSend[0m, [33mPaperclip[0m, [33mBell[0m } [36mfrom[0m [32m'lucide-react'[0m;
[31m[1m>[0m [90m5 |[0m [36mimport[0m { [33mBadge[0m } [36mfrom[0m [32m'@/components/ui/badge'[0m;
  [90m  |[0m [31m[1m^^^^^^^^^^^^^^^^^^^^^^^^^^^^^^^^^^^^^^^^^^^^^^[0m
  [90m6 |[0m [36mimport[0m { [33mButton[0m } [36mfrom[0m [32m'@/components/ui/button'[0m;
  [90m7 |[0m [36mimport[0m { [33mInput[0m } [36mfrom[0m [32m'@/components/ui/input'[0m;
  [90m8 |[0m [36mimport[0m { [33mAvatar[0m, [33mAvatarFallback[0m, [33mAvatarImage[0m } [36mfrom[0m [32m'@/components/ui/av...[0m

Import map: aliased to relative './src/components/ui/badge' inside of [project]/Music/app


Import traces:
  Client Component Browser:
    ./Music/app/app/parent/messages/page.tsx [Client Component Browser]
    ./Music/app/app/parent/messages/page.tsx [Server Component]

  Client Component SSR:
    ./Music/app/app/parent/messages/page.tsx [Client Component SSR]
    ./Music/app/app/parent/messages/page.tsx [Server Component]

https://nextjs.org/docs/messages/module-not-found


./Music/app/app/parent/page.tsx:6:1
Module not found: Can't resolve '@/components/ui/badge'
  [90m4 |[0m [36mimport[0m { motion } [36mfrom[0m [32m'framer-motion'[0m;
  [90m5 |[0m [36mimport[0m { [33mCalendarDays[0m, [33mCreditCard[0m, [33mMessageSquare[0m, [33mArrowRight[0m, [33mCheckCirc..[0m.
[31m[1m>[0m [90m6 |[0m [36mimport[0m { [33mBadge[0m } [36mfrom[0m [32m'@/components/ui/badge'[0m;
  [90m  |[0m [31m[1m^^^^^^^^^^^^^^^^^^^^^^^^^^^^^^^^^^^^^^^^^^^^^^[0m
  [90m7 |[0m [36mimport[0m { [33mButton[0m } [36mfrom[0m [32m'@/components/ui/button'[0m;
  [90m8 |[0m [36mimport[0m { [33mCard[0m, [33mCardContent[0m, [33mCardHeader[0m, [33mCardTitle[0m } [36mfrom[0m [32m'@/components/...[0m
  [90m9 |[0m [36mimport[0m { [33mAvatar[0m, [33mAvatarFallback[0m, [33mAvatarImage[0m } [36mfrom[0m [32m'@/components/ui/av...[0m

Import map: aliased to relative './src/components/ui/badge' inside of [project]/Music/app


Import traces:
  Client Component Browser:
    ./Music/app/app/parent/page.tsx [Client Component Browser]
    ./Music/app/app/parent/page.tsx [Server Component]

  Client Component SSR:
    ./Music/app/app/parent/page.tsx [Client Component SSR]
    ./Music/app/app/parent/page.tsx [Server Component]

https://nextjs.org/docs/messages/module-not-found


./Music/app/app/parent/payments/page.tsx:4:1
Module not found: Can't resolve '@/components/ui/badge'
  [90m2 |[0m
  [90m3 |[0m [36mimport[0m { [33mDownload[0m, [33mCreditCard[0m, [33mChevronLeft[0m, [33mChevronRight[0m, [33mFilter[0m } [36mfrom[0m.[32m..[0m
[31m[1m>[0m [90m4 |[0m [36mimport[0m { [33mBadge[0m } [36mfrom[0m [32m'@/components/ui/badge'[0m;
  [90m  |[0m [31m[1m^^^^^^^^^^^^^^^^^^^^^^^^^^^^^^^^^^^^^^^^^^^^^^[0m
  [90m5 |[0m [36mimport[0m { [33mButton[0m } [36mfrom[0m [32m'@/components/ui/button'[0m;
  [90m6 |[0m [36mimport[0m { [33mCard[0m, [33mCardContent[0m, [33mCardHeader[0m, [33mCardTitle[0m } [36mfrom[0m [32m'@/components/...[0m
  [90m7 |[0m [36mimport[0m { useRouter } [36mfrom[0m [32m'next/navigation'[0m;

Import map: aliased to relative './src/components/ui/badge' inside of [project]/Music/app


Import traces:
  Client Component Browser:
    ./Music/app/app/parent/payments/page.tsx [Client Component Browser]
    ./Music/app/app/parent/payments/page.tsx [Server Component]

  Client Component SSR:
    ./Music/app/app/parent/payments/page.tsx [Client Component SSR]
    ./Music/app/app/parent/payments/page.tsx [Server Component]

https://nextjs.org/docs/messages/module-not-found


./Music/app/app/parent/resources/page.tsx:5:1
Module not found: Can't resolve '@/components/ui/badge'
  [90m3 |[0m [36mimport[0m { useState } [36mfrom[0m [32m'react'[0m;
  [90m4 |[0m [36mimport[0m { [33mFileText[0m, [33mDownload[0m, [33mSearch[0m } [36mfrom[0m [32m'lucide-react'[0m;
[31m[1m>[0m [90m5 |[0m [36mimport[0m { [33mBadge[0m } [36mfrom[0m [32m'@/components/ui/badge'[0m;
  [90m  |[0m [31m[1m^^^^^^^^^^^^^^^^^^^^^^^^^^^^^^^^^^^^^^^^^^^^^^[0m
  [90m6 |[0m [36mimport[0m { [33mButton[0m } [36mfrom[0m [32m'@/components/ui/button'[0m;
  [90m7 |[0m [36mimport[0m { [33mCard[0m, [33mCardContent[0m } [36mfrom[0m [32m'@/components/ui/card'[0m;
  [90m8 |[0m [36mimport[0m { [33mInput[0m } [36mfrom[0m [32m'@/components/ui/input'[0m;

Import map: aliased to relative './src/components/ui/badge' inside of [project]/Music/app


Import traces:
  Client Component Browser:
    ./Music/app/app/parent/resources/page.tsx [Client Component Browser]
    ./Music/app/app/parent/resources/page.tsx [Server Component]

  Client Component SSR:
    ./Music/app/app/parent/resources/page.tsx [Client Component SSR]
    ./Music/app/app/parent/resources/page.tsx [Server Component]

https://nextjs.org/docs/messages/module-not-found


./Music/app/app/parent/support/page.tsx:5:1
Module not found: Can't resolve '@/components/ui/badge'
  [90m3 |[0m [36mimport[0m { useState } [36mfrom[0m [32m'react'[0m;
  [90m4 |[0m [36mimport[0m { [33mPlus[0m, [33mMessageSquare[0m, [33mCheckCircle[0m, [33mAlertCircle[0m } [36mfrom[0m [32m'lucide-r...[0m
[31m[1m>[0m [90m5 |[0m [36mimport[0m { [33mBadge[0m } [36mfrom[0m [32m'@/components/ui/badge'[0m;
  [90m  |[0m [31m[1m^^^^^^^^^^^^^^^^^^^^^^^^^^^^^^^^^^^^^^^^^^^^^^[0m
  [90m6 |[0m [36mimport[0m { [33mButton[0m } [36mfrom[0m [32m'@/components/ui/button'[0m;
  [90m7 |[0m [36mimport[0m { [33mCard[0m, [33mCardContent[0m, [33mCardHeader[0m, [33mCardTitle[0m } [36mfrom[0m [32m'@/components/...[0m
  [90m8 |[0m [36mimport[0m { [33mInput[0m } [36mfrom[0m [32m'@/components/ui/input'[0m;

Import map: aliased to relative './src/components/ui/badge' inside of [project]/Music/app


Import traces:
  Client Component Browser:
    ./Music/app/app/parent/support/page.tsx [Client Component Browser]
    ./Music/app/app/parent/support/page.tsx [Server Component]

  Client Component SSR:
    ./Music/app/app/parent/support/page.tsx [Client Component SSR]
    ./Music/app/app/parent/support/page.tsx [Server Component]

https://nextjs.org/docs/messages/module-not-found


./Music/app/app/(public)/about/page.tsx:6:1
Module not found: Can't resolve '@/components/ui/button'
  [90m4 |[0m [36mimport[0m { [33mAward[0m, [33mUsers[0m, [33mHeart[0m, [33mBookOpen[0m, [33mArrowRight[0m, [33mCheckCircle[0m } [36mfrom[0m [32m...[0m
  [90m5 |[0m [36mimport[0m { [33mBadge[0m } [36mfrom[0m [32m'@/components/ui/badge'[0m;
[31m[1m>[0m [90m6 |[0m [36mimport[0m { [33mButton[0m } [36mfrom[0m [32m'@/components/ui/button'[0m;
  [90m  |[0m [31m[1m^^^^^^^^^^^^^^^^^^^^^^^^^^^^^^^^^^^^^^^^^^^^^^^^[0m
  [90m7 |[0m [36mimport[0m { useRouter } [36mfrom[0m [32m'next/navigation'[0m;
  [90m8 |[0m
  [90m9 |[0m [36mexport[0m [36mdefault[0m [36mfunction[0m [33mAbout[0m() {

Import map: aliased to relative './src/components/ui/button' inside of [project]/Music/app


Import traces:
  Client Component Browser:
    ./Music/app/app/(public)/about/page.tsx [Client Component Browser]
    ./Music/app/app/(public)/about/page.tsx [Server Component]

  Client Component SSR:
    ./Music/app/app/(public)/about/page.tsx [Client Component SSR]
    ./Music/app/app/(public)/about/page.tsx [Server Component]

https://nextjs.org/docs/messages/module-not-found


./Music/app/app/(public)/contact/page.tsx:6:1
Module not found: Can't resolve '@/components/ui/button'
  [90m4 |[0m [36mimport[0m { [33mMapPin[0m, [33mPhone[0m, [33mMail[0m, [33mClock[0m, [33mSend[0m, [33mFacebook[0m, [33mInstagram[0m, [33mTwitter[0m...
  [90m5 |[0m [36mimport[0m { [33mBadge[0m } [36mfrom[0m [32m'@/components/ui/badge'[0m;
[31m[1m>[0m [90m6 |[0m [36mimport[0m { [33mButton[0m } [36mfrom[0m [32m'@/components/ui/button'[0m;
  [90m  |[0m [31m[1m^^^^^^^^^^^^^^^^^^^^^^^^^^^^^^^^^^^^^^^^^^^^^^^^[0m
  [90m7 |[0m [36mimport[0m { [33mInput[0m } [36mfrom[0m [32m'@/components/ui/input'[0m;
  [90m8 |[0m [36mimport[0m { [33mTextarea[0m } [36mfrom[0m [32m'@/components/ui/textarea'[0m;
  [90m9 |[0m [36mimport[0m { [33mLabel[0m } [36mfrom[0m [32m'@/components/ui/label'[0m;

Import map: aliased to relative './src/components/ui/button' inside of [project]/Music/app


Import traces:
  Client Component Browser:
    ./Music/app/app/(public)/contact/page.tsx [Client Component Browser]
    ./Music/app/app/(public)/contact/page.tsx [Server Component]

  Client Component SSR:
    ./Music/app/app/(public)/contact/page.tsx [Client Component SSR]
    ./Music/app/app/(public)/contact/page.tsx [Server Component]

https://nextjs.org/docs/messages/module-not-found


./Music/app/app/(public)/events/page.tsx:7:1
Module not found: Can't resolve '@/components/ui/button'
  [90m 5 |[0m [36mimport[0m { [33mClock[0m, [33mMapPin[0m, [33mArrowRight[0m, [33mList[0m, [33mLayoutGrid[0m } [36mfrom[0m [32m'lucide-re...[0m
  [90m 6 |[0m [36mimport[0m { [33mBadge[0m } [36mfrom[0m [32m'@/components/ui/badge'[0m;
[31m[1m>[0m [90m 7 |[0m [36mimport[0m { [33mButton[0m } [36mfrom[0m [32m'@/components/ui/button'[0m;
  [90m   |[0m [31m[1m^^^^^^^^^^^^^^^^^^^^^^^^^^^^^^^^^^^^^^^^^^^^^^^^[0m
  [90m 8 |[0m
  [90m 9 |[0m [36mconst[0m upcomingEvents = [
  [90m10 |[0m   { title: [32m'Open House Day'[0m, date: [32m'2024-05-15'[0m, time: [32m'10:00 AM - 2:0...[0m

Import map: aliased to relative './src/components/ui/button' inside of [project]/Music/app


Import traces:
  Client Component Browser:
    ./Music/app/app/(public)/events/page.tsx [Client Component Browser]
    ./Music/app/app/(public)/events/page.tsx [Server Component]

  Client Component SSR:
    ./Music/app/app/(public)/events/page.tsx [Client Component SSR]
    ./Music/app/app/(public)/events/page.tsx [Server Component]

https://nextjs.org/docs/messages/module-not-found


./Music/app/app/(public)/faq/page.tsx:8:1
Module not found: Can't resolve '@/components/ui/button'
  [90m 6 |[0m [36mimport[0m { [33mInput[0m } [36mfrom[0m [32m'@/components/ui/input'[0m;
  [90m 7 |[0m [36mimport[0m { [33mAccordion[0m, [33mAccordionContent[0m, [33mAccordionItem[0m, [33mAccordionTrigger[0m ..[36m.[0m
[31m[1m>[0m [90m 8 |[0m [36mimport[0m { [33mButton[0m } [36mfrom[0m [32m'@/components/ui/button'[0m;
  [90m   |[0m [31m[1m^^^^^^^^^^^^^^^^^^^^^^^^^^^^^^^^^^^^^^^^^^^^^^^^[0m
  [90m 9 |[0m [36mimport[0m { useRouter } [36mfrom[0m [32m'next/navigation'[0m;
  [90m10 |[0m
  [90m11 |[0m [36mconst[0m faqs = [

Import map: aliased to relative './src/components/ui/button' inside of [project]/Music/app


Import traces:
  Client Component Browser:
    ./Music/app/app/(public)/faq/page.tsx [Client Component Browser]
    ./Music/app/app/(public)/faq/page.tsx [Server Component]

  Client Component SSR:
    ./Music/app/app/(public)/faq/page.tsx [Client Component SSR]
    ./Music/app/app/(public)/faq/page.tsx [Server Component]

https://nextjs.org/docs/messages/module-not-found


./Music/app/app/(public)/programs/page.tsx:7:1
Module not found: Can't resolve '@/components/ui/button'
  [90m 5 |[0m [36mimport[0m { [33mClock[0m, [33mUsers[0m, [33mBookOpen[0m, [33mStar[0m, [33mArrowRight[0m, [33mCheckCircle[0m } [36mfrom[0m [32m...[0m
  [90m 6 |[0m [36mimport[0m { [33mBadge[0m } [36mfrom[0m [32m'@/components/ui/badge'[0m;
[31m[1m>[0m [90m 7 |[0m [36mimport[0m { [33mButton[0m } [36mfrom[0m [32m'@/components/ui/button'[0m;
  [90m   |[0m [31m[1m^^^^^^^^^^^^^^^^^^^^^^^^^^^^^^^^^^^^^^^^^^^^^^^^[0m
  [90m 8 |[0m [36mimport[0m { [33mTabs[0m, [33mTabsContent[0m, [33mTabsList[0m, [33mTabsTrigger[0m } [36mfrom[0m [32m'@/components...[0m
  [90m 9 |[0m [36mimport[0m { useRouter } [36mfrom[0m [32m'next/navigation'[0m;
  [90m10 |[0m

Import map: aliased to relative './src/components/ui/button' inside of [project]/Music/app


Import traces:
  Client Component Browser:
    ./Music/app/app/(public)/programs/page.tsx [Client Component Browser]
    ./Music/app/app/(public)/programs/page.tsx [Server Component]

  Client Component SSR:
    ./Music/app/app/(public)/programs/page.tsx [Client Component SSR]
    ./Music/app/app/(public)/programs/page.tsx [Server Component]

https://nextjs.org/docs/messages/module-not-found


./Music/app/app/admin/announcements/page.tsx:6:1
Module not found: Can't resolve '@/components/ui/button'
  [90m4 |[0m [36mimport[0m { [33mPlus[0m, [33mEdit[0m, [33mTrash2[0m, [33mSend[0m } [36mfrom[0m [32m'lucide-react'[0m;
  [90m5 |[0m [36mimport[0m { [33mBadge[0m } [36mfrom[0m [32m'@/components/ui/badge'[0m;
[31m[1m>[0m [90m6 |[0m [36mimport[0m { [33mButton[0m } [36mfrom[0m [32m'@/components/ui/button'[0m;
  [90m  |[0m [31m[1m^^^^^^^^^^^^^^^^^^^^^^^^^^^^^^^^^^^^^^^^^^^^^^^^[0m
  [90m7 |[0m [36mimport[0m { [33mCard[0m, [33mCardContent[0m } [36mfrom[0m [32m'@/components/ui/card'[0m;
  [90m8 |[0m [36mimport[0m { [33mDialog[0m, [33mDialogContent[0m, [33mDialogHeader[0m, [33mDialogTitle[0m, [33mDialogTrigge.[0m..
  [90m9 |[0m [36mimport[0m { [33mInput[0m } [36mfrom[0m [32m'@/components/ui/input'[0m;

Import map: aliased to relative './src/components/ui/button' inside of [project]/Music/app


Import traces:
  Client Component Browser:
    ./Music/app/app/admin/announcements/page.tsx [Client Component Browser]
    ./Music/app/app/admin/announcements/page.tsx [Server Component]

  Client Component SSR:
    ./Music/app/app/admin/announcements/page.tsx [Client Component SSR]
    ./Music/app/app/admin/announcements/page.tsx [Server Component]

https://nextjs.org/docs/messages/module-not-found


./Music/app/app/admin/attendance/page.tsx:6:1
Module not found: Can't resolve '@/components/ui/button'
  [90m4 |[0m [36mimport[0m { [33mCalendarDays[0m, [33mSave[0m, [33mCheckCircle[0m, [33mXCircle[0m, [33mClock[0m } [36mfrom[0m [32m'lucide...[0m
  [90m5 |[0m [36mimport[0m { [33mBadge[0m } [36mfrom[0m [32m'@/components/ui/badge'[0m;
[31m[1m>[0m [90m6 |[0m [36mimport[0m { [33mButton[0m } [36mfrom[0m [32m'@/components/ui/button'[0m;
  [90m  |[0m [31m[1m^^^^^^^^^^^^^^^^^^^^^^^^^^^^^^^^^^^^^^^^^^^^^^^^[0m
  [90m7 |[0m [36mimport[0m { [33mInput[0m } [36mfrom[0m [32m'@/components/ui/input'[0m;
  [90m8 |[0m [36mimport[0m { [33mCard[0m, [33mCardContent[0m } [36mfrom[0m [32m'@/components/ui/card'[0m;
  [90m9 |[0m [36mimport[0m { [33mSelect[0m, [33mSelectContent[0m, [33mSelectItem[0m, [33mSelectTrigger[0m, [33mSelectValue[0m ...

Import map: aliased to relative './src/components/ui/button' inside of [project]/Music/app


Import traces:
  Client Component Browser:
    ./Music/app/app/admin/attendance/page.tsx [Client Component Browser]
    ./Music/app/app/admin/attendance/page.tsx [Server Component]

  Client Component SSR:
    ./Music/app/app/admin/attendance/page.tsx [Client Component SSR]
    ./Music/app/app/admin/attendance/page.tsx [Server Component]

https://nextjs.org/docs/messages/module-not-found


./Music/app/app/admin/children/page.tsx:5:1
Module not found: Can't resolve '@/components/ui/button'
  [90m3 |[0m [36mimport[0m { [33mSearch[0m, [33mPlus[0m, [33mFilter[0m, [33mMoreHorizontal[0m } [36mfrom[0m [32m'lucide-react'[0m;
  [90m4 |[0m [36mimport[0m { [33mBadge[0m } [36mfrom[0m [32m'@/components/ui/badge'[0m;
[31m[1m>[0m [90m5 |[0m [36mimport[0m { [33mButton[0m } [36mfrom[0m [32m'@/components/ui/button'[0m;
  [90m  |[0m [31m[1m^^^^^^^^^^^^^^^^^^^^^^^^^^^^^^^^^^^^^^^^^^^^^^^^[0m
  [90m6 |[0m [36mimport[0m { [33mInput[0m } [36mfrom[0m [32m'@/components/ui/input'[0m;
  [90m7 |[0m [36mimport[0m { [33mCard[0m, [33mCardContent[0m } [36mfrom[0m [32m'@/components/ui/card'[0m;
  [90m8 |[0m [36mimport[0m { [33mAvatar[0m, [33mAvatarFallback[0m, [33mAvatarImage[0m } [36mfrom[0m [32m'@/components/ui/av...[0m

Import map: aliased to relative './src/components/ui/button' inside of [project]/Music/app


Import traces:
  Client Component Browser:
    ./Music/app/app/admin/children/page.tsx [Client Component Browser]
    ./Music/app/app/admin/children/page.tsx [Server Component]

  Client Component SSR:
    ./Music/app/app/admin/children/page.tsx [Client Component SSR]
    ./Music/app/app/admin/children/page.tsx [Server Component]

https://nextjs.org/docs/messages/module-not-found


./Music/app/app/admin/events/page.tsx:6:1
Module not found: Can't resolve '@/components/ui/button'
  [90m4 |[0m [36mimport[0m { [33mPlus[0m, [33mCalendar[0m, [33mClock[0m, [33mMapPin[0m, [33mEdit[0m, [33mTrash2[0m } [36mfrom[0m [32m'lucide-rea...[0m
  [90m5 |[0m [36mimport[0m { [33mBadge[0m } [36mfrom[0m [32m'@/components/ui/badge'[0m;
[31m[1m>[0m [90m6 |[0m [36mimport[0m { [33mButton[0m } [36mfrom[0m [32m'@/components/ui/button'[0m;
  [90m  |[0m [31m[1m^^^^^^^^^^^^^^^^^^^^^^^^^^^^^^^^^^^^^^^^^^^^^^^^[0m
  [90m7 |[0m [36mimport[0m { [33mInput[0m } [36mfrom[0m [32m'@/components/ui/input'[0m;
  [90m8 |[0m [36mimport[0m { [33mCard[0m, [33mCardContent[0m } [36mfrom[0m [32m'@/components/ui/card'[0m;
  [90m9 |[0m [36mimport[0m { [33mDialog[0m, [33mDialogContent[0m, [33mDialogHeader[0m, [33mDialogTitle[0m, [33mDialogTrigge.[0m..

Import map: aliased to relative './src/components/ui/button' inside of [project]/Music/app


Import traces:
  Client Component Browser:
    ./Music/app/app/admin/events/page.tsx [Client Component Browser]
    ./Music/app/app/admin/events/page.tsx [Server Component]

  Client Component SSR:
    ./Music/app/app/admin/events/page.tsx [Client Component SSR]
    ./Music/app/app/admin/events/page.tsx [Server Component]

https://nextjs.org/docs/messages/module-not-found


./Music/app/app/admin/invoices/page.tsx:5:1
Module not found: Can't resolve '@/components/ui/button'
  [90m3 |[0m [36mimport[0m { [33mPlus[0m, [33mDownload[0m } [36mfrom[0m [32m'lucide-react'[0m;
  [90m4 |[0m [36mimport[0m { [33mBadge[0m } [36mfrom[0m [32m'@/components/ui/badge'[0m;
[31m[1m>[0m [90m5 |[0m [36mimport[0m { [33mButton[0m } [36mfrom[0m [32m'@/components/ui/button'[0m;
  [90m  |[0m [31m[1m^^^^^^^^^^^^^^^^^^^^^^^^^^^^^^^^^^^^^^^^^^^^^^^^[0m
  [90m6 |[0m [36mimport[0m { [33mInput[0m } [36mfrom[0m [32m'@/components/ui/input'[0m;
  [90m7 |[0m [36mimport[0m { [33mCard[0m, [33mCardContent[0m } [36mfrom[0m [32m'@/components/ui/card'[0m;
  [90m8 |[0m [36mimport[0m { [33mDialog[0m, [33mDialogContent[0m, [33mDialogHeader[0m, [33mDialogTitle[0m, [33mDialogTrigge.[0m..

Import map: aliased to relative './src/components/ui/button' inside of [project]/Music/app


Import traces:
  Client Component Browser:
    ./Music/app/app/admin/invoices/page.tsx [Client Component Browser]
    ./Music/app/app/admin/invoices/page.tsx [Server Component]

  Client Component SSR:
    ./Music/app/app/admin/invoices/page.tsx [Client Component SSR]
    ./Music/app/app/admin/invoices/page.tsx [Server Component]

https://nextjs.org/docs/messages/module-not-found


./Music/app/app/admin/login/page.tsx:7:1
Module not found: Can't resolve '@/components/ui/button'
  [90m 5 |[0m [36mimport[0m { useRouter } [36mfrom[0m [32m'next/navigation'[0m;
  [90m 6 |[0m [36mimport[0m { [33mHeart[0m, [33mEye[0m, [33mEyeOff[0m, [33mArrowRight[0m, [33mShield[0m } [36mfrom[0m [32m'lucide-react'[0m;
[31m[1m>[0m [90m 7 |[0m [36mimport[0m { [33mButton[0m } [36mfrom[0m [32m'@/components/ui/button'[0m;
  [90m   |[0m [31m[1m^^^^^^^^^^^^^^^^^^^^^^^^^^^^^^^^^^^^^^^^^^^^^^^^[0m
  [90m 8 |[0m [36mimport[0m { [33mInput[0m } [36mfrom[0m [32m'@/components/ui/input'[0m;
  [90m 9 |[0m [36mimport[0m { [33mLabel[0m } [36mfrom[0m [32m'@/components/ui/label'[0m;
  [90m10 |[0m [36mimport[0m { toast } [36mfrom[0m [32m'sonner'[0m;

Import map: aliased to relative './src/components/ui/button' inside of [project]/Music/app


Import traces:
  Client Component Browser:
    ./Music/app/app/admin/login/page.tsx [Client Component Browser]
    ./Music/app/app/admin/login/page.tsx [Server Component]

  Client Component SSR:
    ./Music/app/app/admin/login/page.tsx [Client Component SSR]
    ./Music/app/app/admin/login/page.tsx [Server Component]

https://nextjs.org/docs/messages/module-not-found


./Music/app/app/admin/messages/page.tsx:5:1
Module not found: Can't resolve '@/components/ui/button'
  [90m3 |[0m [36mimport[0m { useState } [36mfrom[0m [32m'react'[0m;
  [90m4 |[0m [36mimport[0m { [33mSend[0m, [33mPaperclip[0m } [36mfrom[0m [32m'lucide-react'[0m;
[31m[1m>[0m [90m5 |[0m [36mimport[0m { [33mButton[0m } [36mfrom[0m [32m'@/components/ui/button'[0m;
  [90m  |[0m [31m[1m^^^^^^^^^^^^^^^^^^^^^^^^^^^^^^^^^^^^^^^^^^^^^^^^[0m
  [90m6 |[0m [36mimport[0m { [33mInput[0m } [36mfrom[0m [32m'@/components/ui/input'[0m;
  [90m7 |[0m [36mimport[0m { [33mCard[0m, [33mCardContent[0m, [33mCardHeader[0m } [36mfrom[0m [32m'@/components/ui/card'[0m;
  [90m8 |[0m [36mimport[0m { [33mAvatar[0m, [33mAvatarFallback[0m, [33mAvatarImage[0m } [36mfrom[0m [32m'@/components/ui/av...[0m

Import map: aliased to relative './src/components/ui/button' inside of [project]/Music/app


Import traces:
  Client Component Browser:
    ./Music/app/app/admin/messages/page.tsx [Client Component Browser]
    ./Music/app/app/admin/messages/page.tsx [Server Component]

  Client Component SSR:
    ./Music/app/app/admin/messages/page.tsx [Client Component SSR]
    ./Music/app/app/admin/messages/page.tsx [Server Component]

https://nextjs.org/docs/messages/module-not-found


./Music/app/app/admin/page.tsx:8:1
Module not found: Can't resolve '@/components/ui/button'
  [90m 6 |[0m } [36mfrom[0m [32m'lucide-react'[0m;
  [90m 7 |[0m [36mimport[0m { [33mBadge[0m } [36mfrom[0m [32m'@/components/ui/badge'[0m;
[31m[1m>[0m [90m 8 |[0m [36mimport[0m { [33mButton[0m } [36mfrom[0m [32m'@/components/ui/button'[0m;
  [90m   |[0m [31m[1m^^^^^^^^^^^^^^^^^^^^^^^^^^^^^^^^^^^^^^^^^^^^^^^^[0m
  [90m 9 |[0m [36mimport[0m { [33mCard[0m, [33mCardContent[0m, [33mCardHeader[0m, [33mCardTitle[0m } [36mfrom[0m [32m'@/components...[0m
  [90m10 |[0m [36mimport[0m { useRouter } [36mfrom[0m [32m'next/navigation'[0m;
  [90m11 |[0m [36mimport[0m { [33mAreaChart[0m, [33mArea[0m, [33mXAxis[0m, [33mYAxis[0m, [33mCartesianGrid[0m, [33mTooltip[0m, [33mRespon...[0m

Import map: aliased to relative './src/components/ui/button' inside of [project]/Music/app


Import traces:
  Client Component Browser:
    ./Music/app/app/admin/page.tsx [Client Component Browser]
    ./Music/app/app/admin/page.tsx [Server Component]

  Client Component SSR:
    ./Music/app/app/admin/page.tsx [Client Component SSR]
    ./Music/app/app/admin/page.tsx [Server Component]

https://nextjs.org/docs/messages/module-not-found


./Music/app/app/admin/parents/page.tsx:5:1
Module not found: Can't resolve '@/components/ui/button'
  [90m3 |[0m [36mimport[0m { [33mSearch[0m, [33mPlus[0m, [33mFilter[0m, [33mMoreHorizontal[0m } [36mfrom[0m [32m'lucide-react'[0m;
  [90m4 |[0m [36mimport[0m { [33mBadge[0m } [36mfrom[0m [32m'@/components/ui/badge'[0m;
[31m[1m>[0m [90m5 |[0m [36mimport[0m { [33mButton[0m } [36mfrom[0m [32m'@/components/ui/button'[0m;
  [90m  |[0m [31m[1m^^^^^^^^^^^^^^^^^^^^^^^^^^^^^^^^^^^^^^^^^^^^^^^^[0m
  [90m6 |[0m [36mimport[0m { [33mInput[0m } [36mfrom[0m [32m'@/components/ui/input'[0m;
  [90m7 |[0m [36mimport[0m { [33mCard[0m, [33mCardContent[0m } [36mfrom[0m [32m'@/components/ui/card'[0m;
  [90m8 |[0m

Import map: aliased to relative './src/components/ui/button' inside of [project]/Music/app


Import traces:
  Client Component Browser:
    ./Music/app/app/admin/parents/page.tsx [Client Component Browser]
    ./Music/app/app/admin/parents/page.tsx [Server Component]

  Client Component SSR:
    ./Music/app/app/admin/parents/page.tsx [Client Component SSR]
    ./Music/app/app/admin/parents/page.tsx [Server Component]

https://nextjs.org/docs/messages/module-not-found


./Music/app/app/admin/payments/page.tsx:5:1
Module not found: Can't resolve '@/components/ui/button'
  [90m3 |[0m [36mimport[0m { [33mDownload[0m } [36mfrom[0m [32m'lucide-react'[0m;
  [90m4 |[0m [36mimport[0m { [33mBadge[0m } [36mfrom[0m [32m'@/components/ui/badge'[0m;
[31m[1m>[0m [90m5 |[0m [36mimport[0m { [33mButton[0m } [36mfrom[0m [32m'@/components/ui/button'[0m;
  [90m  |[0m [31m[1m^^^^^^^^^^^^^^^^^^^^^^^^^^^^^^^^^^^^^^^^^^^^^^^^[0m
  [90m6 |[0m [36mimport[0m { [33mCard[0m, [33mCardContent[0m, [33mCardHeader[0m, [33mCardTitle[0m } [36mfrom[0m [32m'@/components/...[0m
  [90m7 |[0m [36mimport[0m { [33mBarChart[0m, [33mBar[0m, [33mXAxis[0m, [33mYAxis[0m, [33mCartesianGrid[0m, [33mTooltip[0m, [33mResponsiv...[0m
  [90m8 |[0m

Import map: aliased to relative './src/components/ui/button' inside of [project]/Music/app


Import traces:
  Client Component Browser:
    ./Music/app/app/admin/payments/page.tsx [Client Component Browser]
    ./Music/app/app/admin/payments/page.tsx [Server Component]

  Client Component SSR:
    ./Music/app/app/admin/payments/page.tsx [Client Component SSR]
    ./Music/app/app/admin/payments/page.tsx [Server Component]

https://nextjs.org/docs/messages/module-not-found


./Music/app/app/admin/registrations/page.tsx:5:1
Module not found: Can't resolve '@/components/ui/button'
  [90m3 |[0m [36mimport[0m { [33mCheckCircle[0m, [33mXCircle[0m, [33mMoreHorizontal[0m } [36mfrom[0m [32m'lucide-react'[0m;
  [90m4 |[0m [36mimport[0m { [33mBadge[0m } [36mfrom[0m [32m'@/components/ui/badge'[0m;
[31m[1m>[0m [90m5 |[0m [36mimport[0m { [33mButton[0m } [36mfrom[0m [32m'@/components/ui/button'[0m;
  [90m  |[0m [31m[1m^^^^^^^^^^^^^^^^^^^^^^^^^^^^^^^^^^^^^^^^^^^^^^^^[0m
  [90m6 |[0m [36mimport[0m { [33mCard[0m, [33mCardContent[0m } [36mfrom[0m [32m'@/components/ui/card'[0m;
  [90m7 |[0m [36mimport[0m { toast } [36mfrom[0m [32m'sonner'[0m;
  [90m8 |[0m

Import map: aliased to relative './src/components/ui/button' inside of [project]/Music/app


Import traces:
  Client Component Browser:
    ./Music/app/app/admin/registrations/page.tsx [Client Component Browser]
    ./Music/app/app/admin/registrations/page.tsx [Server Component]

  Client Component SSR:
    ./Music/app/app/admin/registrations/page.tsx [Client Component SSR]
    ./Music/app/app/admin/registrations/page.tsx [Server Component]

https://nextjs.org/docs/messages/module-not-found


./Music/app/app/admin/resources/page.tsx:5:1
Module not found: Can't resolve '@/components/ui/button'
  [90m3 |[0m [36mimport[0m { [33mFileText[0m, [33mUpload[0m, [33mDownload[0m } [36mfrom[0m [32m'lucide-react'[0m;
  [90m4 |[0m [36mimport[0m { [33mBadge[0m } [36mfrom[0m [32m'@/components/ui/badge'[0m;
[31m[1m>[0m [90m5 |[0m [36mimport[0m { [33mButton[0m } [36mfrom[0m [32m'@/components/ui/button'[0m;
  [90m  |[0m [31m[1m^^^^^^^^^^^^^^^^^^^^^^^^^^^^^^^^^^^^^^^^^^^^^^^^[0m
  [90m6 |[0m [36mimport[0m { [33mCard[0m, [33mCardContent[0m } [36mfrom[0m [32m'@/components/ui/card'[0m;
  [90m7 |[0m [36mimport[0m { toast } [36mfrom[0m [32m'sonner'[0m;
  [90m8 |[0m

Import map: aliased to relative './src/components/ui/button' inside of [project]/Music/app


Import traces:
  Client Component Browser:
    ./Music/app/app/admin/resources/page.tsx [Client Component Browser]
    ./Music/app/app/admin/resources/page.tsx [Server Component]

  Client Component SSR:
    ./Music/app/app/admin/resources/page.tsx [Client Component SSR]
    ./Music/app/app/admin/resources/page.tsx [Server Component]

https://nextjs.org/docs/messages/module-not-found


./Music/app/app/admin/roles/page.tsx:4:1
Module not found: Can't resolve '@/components/ui/button'
  [90m2 |[0m
  [90m3 |[0m [36mimport[0m { [33mShieldCheck[0m, [33mPlus[0m, [33mMoreHorizontal[0m } [36mfrom[0m [32m'lucide-react'[0m;
[31m[1m>[0m [90m4 |[0m [36mimport[0m { [33mButton[0m } [36mfrom[0m [32m'@/components/ui/button'[0m;
  [90m  |[0m [31m[1m^^^^^^^^^^^^^^^^^^^^^^^^^^^^^^^^^^^^^^^^^^^^^^^^[0m
  [90m5 |[0m [36mimport[0m { [33mCard[0m, [33mCardContent[0m } [36mfrom[0m [32m'@/components/ui/card'[0m;
  [90m6 |[0m [36mimport[0m { [33mDialog[0m, [33mDialogContent[0m, [33mDialogHeader[0m, [33mDialogTitle[0m, [33mDialogTrigge.[0m..
  [90m7 |[0m [36mimport[0m { [33mInput[0m } [36mfrom[0m [32m'@/components/ui/input'[0m;

Import map: aliased to relative './src/components/ui/button' inside of [project]/Music/app


Import traces:
  Client Component Browser:
    ./Music/app/app/admin/roles/page.tsx [Client Component Browser]
    ./Music/app/app/admin/roles/page.tsx [Server Component]

  Client Component SSR:
    ./Music/app/app/admin/roles/page.tsx [Client Component SSR]
    ./Music/app/app/admin/roles/page.tsx [Server Component]

https://nextjs.org/docs/messages/module-not-found


./Music/app/app/admin/settings/page.tsx:5:1
Module not found: Can't resolve '@/components/ui/button'
  [90m3 |[0m [36mimport[0m { useState } [36mfrom[0m [32m'react'[0m;
  [90m4 |[0m [36mimport[0m { [33mSettings[0m, [33mImage[0m, [33mMail[0m, [33mGlobe[0m, [33mSave[0m, [33mUpload[0m } [36mfrom[0m [32m'lucide-react'[0m;
[31m[1m>[0m [90m5 |[0m [36mimport[0m { [33mButton[0m } [36mfrom[0m [32m'@/components/ui/button'[0m;
  [90m  |[0m [31m[1m^^^^^^^^^^^^^^^^^^^^^^^^^^^^^^^^^^^^^^^^^^^^^^^^[0m
  [90m6 |[0m [36mimport[0m { [33mCard[0m, [33mCardContent[0m, [33mCardHeader[0m, [33mCardTitle[0m } [36mfrom[0m [32m'@/components/...[0m
  [90m7 |[0m [36mimport[0m { [33mInput[0m } [36mfrom[0m [32m'@/components/ui/input'[0m;
  [90m8 |[0m [36mimport[0m { [33mLabel[0m } [36mfrom[0m [32m'@/components/ui/label'[0m;

Import map: aliased to relative './src/components/ui/button' inside of [project]/Music/app


Import traces:
  Client Component Browser:
    ./Music/app/app/admin/settings/page.tsx [Client Component Browser]
    ./Music/app/app/admin/settings/page.tsx [Server Component]

  Client Component SSR:
    ./Music/app/app/admin/settings/page.tsx [Client Component SSR]
    ./Music/app/app/admin/settings/page.tsx [Server Component]

https://nextjs.org/docs/messages/module-not-found


./Music/app/app/admin/staff/page.tsx:6:1
Module not found: Can't resolve '@/components/ui/button'
  [90m4 |[0m [36mimport[0m { [33mSearch[0m, [33mPlus[0m, [33mFilter[0m, [33mGrid3X3[0m, [33mList[0m, [33mMoreHorizontal[0m } [36mfrom[0m [32m'lu...[0m
  [90m5 |[0m [36mimport[0m { [33mBadge[0m } [36mfrom[0m [32m'@/components/ui/badge'[0m;
[31m[1m>[0m [90m6 |[0m [36mimport[0m { [33mButton[0m } [36mfrom[0m [32m'@/components/ui/button'[0m;
  [90m  |[0m [31m[1m^^^^^^^^^^^^^^^^^^^^^^^^^^^^^^^^^^^^^^^^^^^^^^^^[0m
  [90m7 |[0m [36mimport[0m { [33mInput[0m } [36mfrom[0m [32m'@/components/ui/input'[0m;
  [90m8 |[0m [36mimport[0m { [33mCard[0m, [33mCardContent[0m } [36mfrom[0m [32m'@/components/ui/card'[0m;
  [90m9 |[0m [36mimport[0m { [33mAvatar[0m, [33mAvatarFallback[0m, [33mAvatarImage[0m } [36mfrom[0m [32m'@/components/ui/av...[0m

Import map: aliased to relative './src/components/ui/button' inside of [project]/Music/app


Import traces:
  Client Component Browser:
    ./Music/app/app/admin/staff/page.tsx [Client Component Browser]
    ./Music/app/app/admin/staff/page.tsx [Server Component]

  Client Component SSR:
    ./Music/app/app/admin/staff/page.tsx [Client Component SSR]
    ./Music/app/app/admin/staff/page.tsx [Server Component]

https://nextjs.org/docs/messages/module-not-found


./Music/app/app/admin/support/page.tsx:6:1
Module not found: Can't resolve '@/components/ui/button'
  [90m4 |[0m [36mimport[0m { [33mMessageSquare[0m, [33mCheckCircle[0m } [36mfrom[0m [32m'lucide-react'[0m;
  [90m5 |[0m [36mimport[0m { [33mBadge[0m } [36mfrom[0m [32m'@/components/ui/badge'[0m;
[31m[1m>[0m [90m6 |[0m [36mimport[0m { [33mButton[0m } [36mfrom[0m [32m'@/components/ui/button'[0m;
  [90m  |[0m [31m[1m^^^^^^^^^^^^^^^^^^^^^^^^^^^^^^^^^^^^^^^^^^^^^^^^[0m
  [90m7 |[0m [36mimport[0m { [33mCard[0m, [33mCardContent[0m } [36mfrom[0m [32m'@/components/ui/card'[0m;
  [90m8 |[0m [36mimport[0m { [33mTextarea[0m } [36mfrom[0m [32m'@/components/ui/textarea'[0m;
  [90m9 |[0m [36mimport[0m { [33mDialog[0m, [33mDialogContent[0m, [33mDialogHeader[0m, [33mDialogTitle[0m } [36mfrom[0m [32m'@/com...[0m

Import map: aliased to relative './src/components/ui/button' inside of [project]/Music/app


Import traces:
  Client Component Browser:
    ./Music/app/app/admin/support/page.tsx [Client Component Browser]
    ./Music/app/app/admin/support/page.tsx [Server Component]

  Client Component SSR:
    ./Music/app/app/admin/support/page.tsx [Client Component SSR]
    ./Music/app/app/admin/support/page.tsx [Server Component]

https://nextjs.org/docs/messages/module-not-found


./Music/app/app/login/page.tsx:7:1
Module not found: Can't resolve '@/components/ui/button'
  [90m 5 |[0m [36mimport[0m { useRouter } [36mfrom[0m [32m'next/navigation'[0m;
  [90m 6 |[0m [36mimport[0m { [33mHeart[0m, [33mEye[0m, [33mEyeOff[0m, [33mArrowRight[0m } [36mfrom[0m [32m'lucide-react'[0m;
[31m[1m>[0m [90m 7 |[0m [36mimport[0m { [33mButton[0m } [36mfrom[0m [32m'@/components/ui/button'[0m;
  [90m   |[0m [31m[1m^^^^^^^^^^^^^^^^^^^^^^^^^^^^^^^^^^^^^^^^^^^^^^^^[0m
  [90m 8 |[0m [36mimport[0m { [33mInput[0m } [36mfrom[0m [32m'@/components/ui/input'[0m;
  [90m 9 |[0m [36mimport[0m { [33mLabel[0m } [36mfrom[0m [32m'@/components/ui/label'[0m;
  [90m10 |[0m [36mimport[0m { [33mCheckbox[0m } [36mfrom[0m [32m'@/components/ui/checkbox'[0m;

Import map: aliased to relative './src/components/ui/button' inside of [project]/Music/app


Import traces:
  Client Component Browser:
    ./Music/app/app/login/page.tsx [Client Component Browser]
    ./Music/app/app/login/page.tsx [Server Component]

  Client Component SSR:
    ./Music/app/app/login/page.tsx [Client Component SSR]
    ./Music/app/app/login/page.tsx [Server Component]

https://nextjs.org/docs/messages/module-not-found


./Music/app/app/page.tsx:11:1
Module not found: Can't resolve '@/components/ui/button'
  [90m 9 |[0m   [33mChevronLeft[0m, [33mChevronRight[0m
  [90m10 |[0m } [36mfrom[0m [32m'lucide-react'[0m;
[31m[1m>[0m [90m11 |[0m [36mimport[0m { [33mButton[0m } [36mfrom[0m [32m'@/components/ui/button'[0m;
  [90m   |[0m [31m[1m^^^^^^^^^^^^^^^^^^^^^^^^^^^^^^^^^^^^^^^^^^^^^^^^[0m
  [90m12 |[0m [36mimport[0m { [33mBadge[0m } [36mfrom[0m [32m'@/components/ui/badge'[0m;
  [90m13 |[0m
  [90m14 |[0m [36mfunction[0m [33mAnimatedCounter[0m({ end, suffix = [32m''[0m }: { end: number; suffix?:...

Import map: aliased to relative './src/components/ui/button' inside of [project]/Music/app


Import traces:
  Client Component Browser:
    ./Music/app/app/page.tsx [Client Component Browser]
    ./Music/app/app/page.tsx [Server Component]

  Client Component SSR:
    ./Music/app/app/page.tsx [Client Component SSR]
    ./Music/app/app/page.tsx [Server Component]

https://nextjs.org/docs/messages/module-not-found


./Music/app/app/parent/attendance/page.tsx:6:1
Module not found: Can't resolve '@/components/ui/button'
  [90m4 |[0m [36mimport[0m { [33mChevronLeft[0m, [33mChevronRight[0m, [33mDownload[0m, [33mCalendarDays[0m } [36mfrom[0m [32m'luci...[0m
  [90m5 |[0m [36mimport[0m { [33mBadge[0m } [36mfrom[0m [32m'@/components/ui/badge'[0m;
[31m[1m>[0m [90m6 |[0m [36mimport[0m { [33mButton[0m } [36mfrom[0m [32m'@/components/ui/button'[0m;
  [90m  |[0m [31m[1m^^^^^^^^^^^^^^^^^^^^^^^^^^^^^^^^^^^^^^^^^^^^^^^^[0m
  [90m7 |[0m [36mimport[0m { [33mCard[0m, [33mCardContent[0m, [33mCardHeader[0m, [33mCardTitle[0m } [36mfrom[0m [32m'@/components/...[0m
  [90m8 |[0m [36mimport[0m { toast } [36mfrom[0m [32m'sonner'[0m;
  [90m9 |[0m

Import map: aliased to relative './src/components/ui/button' inside of [project]/Music/app


Import traces:
  Client Component Browser:
    ./Music/app/app/parent/attendance/page.tsx [Client Component Browser]
    ./Music/app/app/parent/attendance/page.tsx [Server Component]

  Client Component SSR:
    ./Music/app/app/parent/attendance/page.tsx [Client Component SSR]
    ./Music/app/app/parent/attendance/page.tsx [Server Component]

https://nextjs.org/docs/messages/module-not-found


./Music/app/app/parent/child/page.tsx:6:1
Module not found: Can't resolve '@/components/ui/button'
  [90m4 |[0m [36mimport[0m { [33mPencil[0m, [33mDownload[0m, [33mFileText[0m, [33mPill[0m, [33mStethoscope[0m, [33mUser[0m } [36mfrom[0m [32m'lu...[0m
  [90m5 |[0m [36mimport[0m { [33mBadge[0m } [36mfrom[0m [32m'@/components/ui/badge'[0m;
[31m[1m>[0m [90m6 |[0m [36mimport[0m { [33mButton[0m } [36mfrom[0m [32m'@/components/ui/button'[0m;
  [90m  |[0m [31m[1m^^^^^^^^^^^^^^^^^^^^^^^^^^^^^^^^^^^^^^^^^^^^^^^^[0m
  [90m7 |[0m [36mimport[0m { [33mCard[0m, [33mCardContent[0m, [33mCardHeader[0m, [33mCardTitle[0m } [36mfrom[0m [32m'@/components/...[0m
  [90m8 |[0m [36mimport[0m { [33mAvatar[0m, [33mAvatarFallback[0m, [33mAvatarImage[0m } [36mfrom[0m [32m'@/components/ui/av...[0m
  [90m9 |[0m [36mimport[0m { [33mTabs[0m, [33mTabsContent[0m, [33mTabsList[0m, [33mTabsTrigger[0m } [36mfrom[0m [32m'@/components/...[0m

Import map: aliased to relative './src/components/ui/button' inside of [project]/Music/app


Import traces:
  Client Component Browser:
    ./Music/app/app/parent/child/page.tsx [Client Component Browser]
    ./Music/app/app/parent/child/page.tsx [Server Component]

  Client Component SSR:
    ./Music/app/app/parent/child/page.tsx [Client Component SSR]
    ./Music/app/app/parent/child/page.tsx [Server Component]

https://nextjs.org/docs/messages/module-not-found


./Music/app/app/parent/events/page.tsx:6:1
Module not found: Can't resolve '@/components/ui/button'
  [90m4 |[0m [36mimport[0m { [33mClock[0m, [33mMapPin[0m, [33mBell[0m } [36mfrom[0m [32m'lucide-react'[0m;
  [90m5 |[0m [36mimport[0m { [33mBadge[0m } [36mfrom[0m [32m'@/components/ui/badge'[0m;
[31m[1m>[0m [90m6 |[0m [36mimport[0m { [33mButton[0m } [36mfrom[0m [32m'@/components/ui/button'[0m;
  [90m  |[0m [31m[1m^^^^^^^^^^^^^^^^^^^^^^^^^^^^^^^^^^^^^^^^^^^^^^^^[0m
  [90m7 |[0m [36mimport[0m { [33mCard[0m, [33mCardContent[0m } [36mfrom[0m [32m'@/components/ui/card'[0m;
  [90m8 |[0m [36mimport[0m { [33mSwitch[0m } [36mfrom[0m [32m'@/components/ui/switch'[0m;
  [90m9 |[0m [36mimport[0m { toast } [36mfrom[0m [32m'sonner'[0m;

Import map: aliased to relative './src/components/ui/button' inside of [project]/Music/app


Import traces:
  Client Component Browser:
    ./Music/app/app/parent/events/page.tsx [Client Component Browser]
    ./Music/app/app/parent/events/page.tsx [Server Component]

  Client Component SSR:
    ./Music/app/app/parent/events/page.tsx [Client Component SSR]
    ./Music/app/app/parent/events/page.tsx [Server Component]

https://nextjs.org/docs/messages/module-not-found


./Music/app/app/parent/messages/page.tsx:6:1
Module not found: Can't resolve '@/components/ui/button'
  [90m4 |[0m [36mimport[0m { [33mSend[0m, [33mPaperclip[0m, [33mBell[0m } [36mfrom[0m [32m'lucide-react'[0m;
  [90m5 |[0m [36mimport[0m { [33mBadge[0m } [36mfrom[0m [32m'@/components/ui/badge'[0m;
[31m[1m>[0m [90m6 |[0m [36mimport[0m { [33mButton[0m } [36mfrom[0m [32m'@/components/ui/button'[0m;
  [90m  |[0m [31m[1m^^^^^^^^^^^^^^^^^^^^^^^^^^^^^^^^^^^^^^^^^^^^^^^^[0m
  [90m7 |[0m [36mimport[0m { [33mInput[0m } [36mfrom[0m [32m'@/components/ui/input'[0m;
  [90m8 |[0m [36mimport[0m { [33mAvatar[0m, [33mAvatarFallback[0m, [33mAvatarImage[0m } [36mfrom[0m [32m'@/components/ui/av...[0m
  [90m9 |[0m [36mimport[0m { [33mTabs[0m, [33mTabsContent[0m, [33mTabsList[0m, [33mTabsTrigger[0m } [36mfrom[0m [32m'@/components/...[0m

Import map: aliased to relative './src/components/ui/button' inside of [project]/Music/app


Import traces:
  Client Component Browser:
    ./Music/app/app/parent/messages/page.tsx [Client Component Browser]
    ./Music/app/app/parent/messages/page.tsx [Server Component]

  Client Component SSR:
    ./Music/app/app/parent/messages/page.tsx [Client Component SSR]
    ./Music/app/app/parent/messages/page.tsx [Server Component]

https://nextjs.org/docs/messages/module-not-found


./Music/app/app/parent/page.tsx:7:1
Module not found: Can't resolve '@/components/ui/button'
  [90m 5 |[0m [36mimport[0m { [33mCalendarDays[0m, [33mCreditCard[0m, [33mMessageSquare[0m, [33mArrowRight[0m, [33mCheckCir...[0m
  [90m 6 |[0m [36mimport[0m { [33mBadge[0m } [36mfrom[0m [32m'@/components/ui/badge'[0m;
[31m[1m>[0m [90m 7 |[0m [36mimport[0m { [33mButton[0m } [36mfrom[0m [32m'@/components/ui/button'[0m;
  [90m   |[0m [31m[1m^^^^^^^^^^^^^^^^^^^^^^^^^^^^^^^^^^^^^^^^^^^^^^^^[0m
  [90m 8 |[0m [36mimport[0m { [33mCard[0m, [33mCardContent[0m, [33mCardHeader[0m, [33mCardTitle[0m } [36mfrom[0m [32m'@/components...[0m
  [90m 9 |[0m [36mimport[0m { [33mAvatar[0m, [33mAvatarFallback[0m, [33mAvatarImage[0m } [36mfrom[0m [32m'@/components/ui/a...[0m
  [90m10 |[0m

Import map: aliased to relative './src/components/ui/button' inside of [project]/Music/app


Import traces:
  Client Component Browser:
    ./Music/app/app/parent/page.tsx [Client Component Browser]
    ./Music/app/app/parent/page.tsx [Server Component]

  Client Component SSR:
    ./Music/app/app/parent/page.tsx [Client Component SSR]
    ./Music/app/app/parent/page.tsx [Server Component]

https://nextjs.org/docs/messages/module-not-found


./Music/app/app/parent/payments/page.tsx:5:1
Module not found: Can't resolve '@/components/ui/button'
  [90m3 |[0m [36mimport[0m { [33mDownload[0m, [33mCreditCard[0m, [33mChevronLeft[0m, [33mChevronRight[0m, [33mFilter[0m } [36mfrom[0m.[32m..[0m
  [90m4 |[0m [36mimport[0m { [33mBadge[0m } [36mfrom[0m [32m'@/components/ui/badge'[0m;
[31m[1m>[0m [90m5 |[0m [36mimport[0m { [33mButton[0m } [36mfrom[0m [32m'@/components/ui/button'[0m;
  [90m  |[0m [31m[1m^^^^^^^^^^^^^^^^^^^^^^^^^^^^^^^^^^^^^^^^^^^^^^^^[0m
  [90m6 |[0m [36mimport[0m { [33mCard[0m, [33mCardContent[0m, [33mCardHeader[0m, [33mCardTitle[0m } [36mfrom[0m [32m'@/components/...[0m
  [90m7 |[0m [36mimport[0m { useRouter } [36mfrom[0m [32m'next/navigation'[0m;
  [90m8 |[0m

Import map: aliased to relative './src/components/ui/button' inside of [project]/Music/app


Import traces:
  Client Component Browser:
    ./Music/app/app/parent/payments/page.tsx [Client Component Browser]
    ./Music/app/app/parent/payments/page.tsx [Server Component]

  Client Component SSR:
    ./Music/app/app/parent/payments/page.tsx [Client Component SSR]
    ./Music/app/app/parent/payments/page.tsx [Server Component]

https://nextjs.org/docs/messages/module-not-found


./Music/app/app/parent/payments/pay/page.tsx:5:1
Module not found: Can't resolve '@/components/ui/button'
  [90m3 |[0m [36mimport[0m { useState } [36mfrom[0m [32m'react'[0m;
  [90m4 |[0m [36mimport[0m { [33mCreditCard[0m, [33mLock[0m, [33mArrowRight[0m } [36mfrom[0m [32m'lucide-react'[0m;
[31m[1m>[0m [90m5 |[0m [36mimport[0m { [33mButton[0m } [36mfrom[0m [32m'@/components/ui/button'[0m;
  [90m  |[0m [31m[1m^^^^^^^^^^^^^^^^^^^^^^^^^^^^^^^^^^^^^^^^^^^^^^^^[0m
  [90m6 |[0m [36mimport[0m { [33mCard[0m, [33mCardContent[0m, [33mCardHeader[0m, [33mCardTitle[0m } [36mfrom[0m [32m'@/components/...[0m
  [90m7 |[0m [36mimport[0m { [33mInput[0m } [36mfrom[0m [32m'@/components/ui/input'[0m;
  [90m8 |[0m [36mimport[0m { [33mLabel[0m } [36mfrom[0m [32m'@/components/ui/label'[0m;

Import map: aliased to relative './src/components/ui/button' inside of [project]/Music/app


Import traces:
  Client Component Browser:
    ./Music/app/app/parent/payments/pay/page.tsx [Client Component Browser]
    ./Music/app/app/parent/payments/pay/page.tsx [Server Component]

  Client Component SSR:
    ./Music/app/app/parent/payments/pay/page.tsx [Client Component SSR]
    ./Music/app/app/parent/payments/pay/page.tsx [Server Component]

https://nextjs.org/docs/messages/module-not-found


./Music/app/app/parent/resources/page.tsx:6:1
Module not found: Can't resolve '@/components/ui/button'
  [90m4 |[0m [36mimport[0m { [33mFileText[0m, [33mDownload[0m, [33mSearch[0m } [36mfrom[0m [32m'lucide-react'[0m;
  [90m5 |[0m [36mimport[0m { [33mBadge[0m } [36mfrom[0m [32m'@/components/ui/badge'[0m;
[31m[1m>[0m [90m6 |[0m [36mimport[0m { [33mButton[0m } [36mfrom[0m [32m'@/components/ui/button'[0m;
  [90m  |[0m [31m[1m^^^^^^^^^^^^^^^^^^^^^^^^^^^^^^^^^^^^^^^^^^^^^^^^[0m
  [90m7 |[0m [36mimport[0m { [33mCard[0m, [33mCardContent[0m } [36mfrom[0m [32m'@/components/ui/card'[0m;
  [90m8 |[0m [36mimport[0m { [33mInput[0m } [36mfrom[0m [32m'@/components/ui/input'[0m;
  [90m9 |[0m

Import map: aliased to relative './src/components/ui/button' inside of [project]/Music/app


Import traces:
  Client Component Browser:
    ./Music/app/app/parent/resources/page.tsx [Client Component Browser]
    ./Music/app/app/parent/resources/page.tsx [Server Component]

  Client Component SSR:
    ./Music/app/app/parent/resources/page.tsx [Client Component SSR]
    ./Music/app/app/parent/resources/page.tsx [Server Component]

https://nextjs.org/docs/messages/module-not-found


./Music/app/app/parent/settings/page.tsx:5:1
Module not found: Can't resolve '@/components/ui/button'
  [90m3 |[0m [36mimport[0m { useState } [36mfrom[0m [32m'react'[0m;
  [90m4 |[0m [36mimport[0m { [33mUser[0m, [33mLock[0m, [33mBell[0m, [33mShield[0m, [33mCamera[0m } [36mfrom[0m [32m'lucide-react'[0m;
[31m[1m>[0m [90m5 |[0m [36mimport[0m { [33mButton[0m } [36mfrom[0m [32m'@/components/ui/button'[0m;
  [90m  |[0m [31m[1m^^^^^^^^^^^^^^^^^^^^^^^^^^^^^^^^^^^^^^^^^^^^^^^^[0m
  [90m6 |[0m [36mimport[0m { [33mCard[0m, [33mCardContent[0m, [33mCardHeader[0m, [33mCardTitle[0m } [36mfrom[0m [32m'@/components/...[0m
  [90m7 |[0m [36mimport[0m { [33mInput[0m } [36mfrom[0m [32m'@/components/ui/input'[0m;
  [90m8 |[0m [36mimport[0m { [33mLabel[0m } [36mfrom[0m [32m'@/components/ui/label'[0m;

Import map: aliased to relative './src/components/ui/button' inside of [project]/Music/app


Import traces:
  Client Component Browser:
    ./Music/app/app/parent/settings/page.tsx [Client Component Browser]
    ./Music/app/app/parent/settings/page.tsx [Server Component]

  Client Component SSR:
    ./Music/app/app/parent/settings/page.tsx [Client Component SSR]
    ./Music/app/app/parent/settings/page.tsx [Server Component]

https://nextjs.org/docs/messages/module-not-found


./Music/app/app/parent/support/page.tsx:6:1
Module not found: Can't resolve '@/components/ui/button'
  [90m4 |[0m [36mimport[0m { [33mPlus[0m, [33mMessageSquare[0m, [33mCheckCircle[0m, [33mAlertCircle[0m } [36mfrom[0m [32m'lucide-r...[0m
  [90m5 |[0m [36mimport[0m { [33mBadge[0m } [36mfrom[0m [32m'@/components/ui/badge'[0m;
[31m[1m>[0m [90m6 |[0m [36mimport[0m { [33mButton[0m } [36mfrom[0m [32m'@/components/ui/button'[0m;
  [90m  |[0m [31m[1m^^^^^^^^^^^^^^^^^^^^^^^^^^^^^^^^^^^^^^^^^^^^^^^^[0m
  [90m7 |[0m [36mimport[0m { [33mCard[0m, [33mCardContent[0m, [33mCardHeader[0m, [33mCardTitle[0m } [36mfrom[0m [32m'@/components/...[0m
  [90m8 |[0m [36mimport[0m { [33mInput[0m } [36mfrom[0m [32m'@/components/ui/input'[0m;
  [90m9 |[0m [36mimport[0m { [33mTextarea[0m } [36mfrom[0m [32m'@/components/ui/textarea'[0m;

Import map: aliased to relative './src/components/ui/button' inside of [project]/Music/app


Import traces:
  Client Component Browser:
    ./Music/app/app/parent/support/page.tsx [Client Component Browser]
    ./Music/app/app/parent/support/page.tsx [Server Component]

  Client Component SSR:
    ./Music/app/app/parent/support/page.tsx [Client Component SSR]
    ./Music/app/app/parent/support/page.tsx [Server Component]

https://nextjs.org/docs/messages/module-not-found


./Music/app/app/register/page.tsx:7:1
Module not found: Can't resolve '@/components/ui/button'
  [90m 5 |[0m [36mimport[0m { useRouter } [36mfrom[0m [32m'next/navigation'[0m;
  [90m 6 |[0m [36mimport[0m { [33mHeart[0m, [33mArrowRight[0m, [33mArrowLeft[0m, [33mCheckCircle[0m } [36mfrom[0m [32m'lucide-react'[0m;
[31m[1m>[0m [90m 7 |[0m [36mimport[0m { [33mButton[0m } [36mfrom[0m [32m'@/components/ui/button'[0m;
  [90m   |[0m [31m[1m^^^^^^^^^^^^^^^^^^^^^^^^^^^^^^^^^^^^^^^^^^^^^^^^[0m
  [90m 8 |[0m [36mimport[0m { [33mInput[0m } [36mfrom[0m [32m'@/components/ui/input'[0m;
  [90m 9 |[0m [36mimport[0m { [33mLabel[0m } [36mfrom[0m [32m'@/components/ui/label'[0m;
  [90m10 |[0m [36mimport[0m { [33mCheckbox[0m } [36mfrom[0m [32m'@/components/ui/checkbox'[0m;

Import map: aliased to relative './src/components/ui/button' inside of [project]/Music/app


Import traces:
  Client Component Browser:
    ./Music/app/app/register/page.tsx [Client Component Browser]
    ./Music/app/app/register/page.tsx [Server Component]

  Client Component SSR:
    ./Music/app/app/register/page.tsx [Client Component SSR]
    ./Music/app/app/register/page.tsx [Server Component]

https://nextjs.org/docs/messages/module-not-found


./Music/app/app/signup/page.tsx:7:1
Module not found: Can't resolve '@/components/ui/button'
  [90m 5 |[0m [36mimport[0m { useRouter } [36mfrom[0m [32m'next/navigation'[0m;
  [90m 6 |[0m [36mimport[0m { [33mHeart[0m, [33mEye[0m, [33mEyeOff[0m, [33mArrowRight[0m } [36mfrom[0m [32m'lucide-react'[0m;
[31m[1m>[0m [90m 7 |[0m [36mimport[0m { [33mButton[0m } [36mfrom[0m [32m'@/components/ui/button'[0m;
  [90m   |[0m [31m[1m^^^^^^^^^^^^^^^^^^^^^^^^^^^^^^^^^^^^^^^^^^^^^^^^[0m
  [90m 8 |[0m [36mimport[0m { [33mInput[0m } [36mfrom[0m [32m'@/components/ui/input'[0m;
  [90m 9 |[0m [36mimport[0m { [33mLabel[0m } [36mfrom[0m [32m'@/components/ui/label'[0m;
  [90m10 |[0m [36mimport[0m { [33mCheckbox[0m } [36mfrom[0m [32m'@/components/ui/checkbox'[0m;

Import map: aliased to relative './src/components/ui/button' inside of [project]/Music/app


Import traces:
  Client Component Browser:
    ./Music/app/app/signup/page.tsx [Client Component Browser]
    ./Music/app/app/signup/page.tsx [Server Component]

  Client Component SSR:
    ./Music/app/app/signup/page.tsx [Client Component SSR]
    ./Music/app/app/signup/page.tsx [Server Component]

https://nextjs.org/docs/messages/module-not-found


./Music/app/app/admin/analytics/page.tsx:4:1
Module not found: Can't resolve '@/components/ui/card'
  [90m2 |[0m ...
  [90m3 |[0m ... { [33mBarChart[0m, [33mBar[0m, [33mXAxis[0m, [33mYAxis[0m, [33mCartesianGrid[0m, [33mTooltip[0m, [33mResponsiveCo...[0m
[31m[1m>[0m [90m4 |[0m ... { [33mCard[0m, [33mCardContent[0m, [33mCardHeader[0m, [33mCardTitle[0m } [36mfrom[0m [32m'@/components/ui/...[0m
  [90m  |[0m    [31m[1m^^^^^^^^^^^^^^^^^^^^^^^^^^^^^^^^^^^^^^^^^^^^^^^^^^^^^^^^^^^^^^^^^^^^^^^[0m
  [90m5 |[0m ...
  [90m6 |[0m ...revenueData = [
  [90m7 |[0m ...nth: [32m'Jan'[0m, revenue: [35m320[0m },

Import map: aliased to relative './src/components/ui/card' inside of [project]/Music/app


Import traces:
  Client Component Browser:
    ./Music/app/app/admin/analytics/page.tsx [Client Component Browser]
    ./Music/app/app/admin/analytics/page.tsx [Server Component]

  Client Component SSR:
    ./Music/app/app/admin/analytics/page.tsx [Client Component SSR]
    ./Music/app/app/admin/analytics/page.tsx [Server Component]

https://nextjs.org/docs/messages/module-not-found


./Music/app/app/admin/announcements/page.tsx:7:1
Module not found: Can't resolve '@/components/ui/card'
  [90m 5 |[0m [36mimport[0m { [33mBadge[0m } [36mfrom[0m [32m'@/components/ui/badge'[0m;
  [90m 6 |[0m [36mimport[0m { [33mButton[0m } [36mfrom[0m [32m'@/components/ui/button'[0m;
[31m[1m>[0m [90m 7 |[0m [36mimport[0m { [33mCard[0m, [33mCardContent[0m } [36mfrom[0m [32m'@/components/ui/card'[0m;
  [90m   |[0m [31m[1m^^^^^^^^^^^^^^^^^^^^^^^^^^^^^^^^^^^^^^^^^^^^^^^^^^^^^^^^^[0m
  [90m 8 |[0m [36mimport[0m { [33mDialog[0m, [33mDialogContent[0m, [33mDialogHeader[0m, [33mDialogTitle[0m, [33mDialogTrigg..[0m.
  [90m 9 |[0m [36mimport[0m { [33mInput[0m } [36mfrom[0m [32m'@/components/ui/input'[0m;
  [90m10 |[0m [36mimport[0m { [33mLabel[0m } [36mfrom[0m [32m'@/components/ui/label'[0m;

Import map: aliased to relative './src/components/ui/card' inside of [project]/Music/app


Import traces:
  Client Component Browser:
    ./Music/app/app/admin/announcements/page.tsx [Client Component Browser]
    ./Music/app/app/admin/announcements/page.tsx [Server Component]

  Client Component SSR:
    ./Music/app/app/admin/announcements/page.tsx [Client Component SSR]
    ./Music/app/app/admin/announcements/page.tsx [Server Component]

https://nextjs.org/docs/messages/module-not-found


./Music/app/app/admin/attendance/page.tsx:8:1
Module not found: Can't resolve '@/components/ui/card'
  [90m 6 |[0m [36mimport[0m { [33mButton[0m } [36mfrom[0m [32m'@/components/ui/button'[0m;
  [90m 7 |[0m [36mimport[0m { [33mInput[0m } [36mfrom[0m [32m'@/components/ui/input'[0m;
[31m[1m>[0m [90m 8 |[0m [36mimport[0m { [33mCard[0m, [33mCardContent[0m } [36mfrom[0m [32m'@/components/ui/card'[0m;
  [90m   |[0m [31m[1m^^^^^^^^^^^^^^^^^^^^^^^^^^^^^^^^^^^^^^^^^^^^^^^^^^^^^^^^^[0m
  [90m 9 |[0m [36mimport[0m { [33mSelect[0m, [33mSelectContent[0m, [33mSelectItem[0m, [33mSelectTrigger[0m, [33mSelectValue[0m...
  [90m10 |[0m [36mimport[0m { toast } [36mfrom[0m [32m'sonner'[0m;
  [90m11 |[0m

Import map: aliased to relative './src/components/ui/card' inside of [project]/Music/app


Import traces:
  Client Component Browser:
    ./Music/app/app/admin/attendance/page.tsx [Client Component Browser]
    ./Music/app/app/admin/attendance/page.tsx [Server Component]

  Client Component SSR:
    ./Music/app/app/admin/attendance/page.tsx [Client Component SSR]
    ./Music/app/app/admin/attendance/page.tsx [Server Component]

https://nextjs.org/docs/messages/module-not-found


./Music/app/app/admin/children/page.tsx:7:1
Module not found: Can't resolve '@/components/ui/card'
  [90m 5 |[0m [36mimport[0m { [33mButton[0m } [36mfrom[0m [32m'@/components/ui/button'[0m;
  [90m 6 |[0m [36mimport[0m { [33mInput[0m } [36mfrom[0m [32m'@/components/ui/input'[0m;
[31m[1m>[0m [90m 7 |[0m [36mimport[0m { [33mCard[0m, [33mCardContent[0m } [36mfrom[0m [32m'@/components/ui/card'[0m;
  [90m   |[0m [31m[1m^^^^^^^^^^^^^^^^^^^^^^^^^^^^^^^^^^^^^^^^^^^^^^^^^^^^^^^^^[0m
  [90m 8 |[0m [36mimport[0m { [33mAvatar[0m, [33mAvatarFallback[0m, [33mAvatarImage[0m } [36mfrom[0m [32m'@/components/ui/a...[0m
  [90m 9 |[0m
  [90m10 |[0m [36mconst[0m children = [

Import map: aliased to relative './src/components/ui/card' inside of [project]/Music/app


Import traces:
  Client Component Browser:
    ./Music/app/app/admin/children/page.tsx [Client Component Browser]
    ./Music/app/app/admin/children/page.tsx [Server Component]

  Client Component SSR:
    ./Music/app/app/admin/children/page.tsx [Client Component SSR]
    ./Music/app/app/admin/children/page.tsx [Server Component]

https://nextjs.org/docs/messages/module-not-found


./Music/app/app/admin/events/page.tsx:8:1
Module not found: Can't resolve '@/components/ui/card'
  [90m 6 |[0m [36mimport[0m { [33mButton[0m } [36mfrom[0m [32m'@/components/ui/button'[0m;
  [90m 7 |[0m [36mimport[0m { [33mInput[0m } [36mfrom[0m [32m'@/components/ui/input'[0m;
[31m[1m>[0m [90m 8 |[0m [36mimport[0m { [33mCard[0m, [33mCardContent[0m } [36mfrom[0m [32m'@/components/ui/card'[0m;
  [90m   |[0m [31m[1m^^^^^^^^^^^^^^^^^^^^^^^^^^^^^^^^^^^^^^^^^^^^^^^^^^^^^^^^^[0m
  [90m 9 |[0m [36mimport[0m { [33mDialog[0m, [33mDialogContent[0m, [33mDialogHeader[0m, [33mDialogTitle[0m, [33mDialogTrigg..[0m.
  [90m10 |[0m [36mimport[0m { [33mLabel[0m } [36mfrom[0m [32m'@/components/ui/label'[0m;
  [90m11 |[0m [36mimport[0m { [33mTextarea[0m } [36mfrom[0m [32m'@/components/ui/textarea'[0m;

Import map: aliased to relative './src/components/ui/card' inside of [project]/Music/app


Import traces:
  Client Component Browser:
    ./Music/app/app/admin/events/page.tsx [Client Component Browser]
    ./Music/app/app/admin/events/page.tsx [Server Component]

  Client Component SSR:
    ./Music/app/app/admin/events/page.tsx [Client Component SSR]
    ./Music/app/app/admin/events/page.tsx [Server Component]

https://nextjs.org/docs/messages/module-not-found


./Music/app/app/admin/invoices/page.tsx:7:1
Module not found: Can't resolve '@/components/ui/card'
  [90m 5 |[0m [36mimport[0m { [33mButton[0m } [36mfrom[0m [32m'@/components/ui/button'[0m;
  [90m 6 |[0m [36mimport[0m { [33mInput[0m } [36mfrom[0m [32m'@/components/ui/input'[0m;
[31m[1m>[0m [90m 7 |[0m [36mimport[0m { [33mCard[0m, [33mCardContent[0m } [36mfrom[0m [32m'@/components/ui/card'[0m;
  [90m   |[0m [31m[1m^^^^^^^^^^^^^^^^^^^^^^^^^^^^^^^^^^^^^^^^^^^^^^^^^^^^^^^^^[0m
  [90m 8 |[0m [36mimport[0m { [33mDialog[0m, [33mDialogContent[0m, [33mDialogHeader[0m, [33mDialogTitle[0m, [33mDialogTrigg..[0m.
  [90m 9 |[0m [36mimport[0m { [33mLabel[0m } [36mfrom[0m [32m'@/components/ui/label'[0m;
  [90m10 |[0m [36mimport[0m { toast } [36mfrom[0m [32m'sonner'[0m;

Import map: aliased to relative './src/components/ui/card' inside of [project]/Music/app


Import traces:
  Client Component Browser:
    ./Music/app/app/admin/invoices/page.tsx [Client Component Browser]
    ./Music/app/app/admin/invoices/page.tsx [Server Component]

  Client Component SSR:
    ./Music/app/app/admin/invoices/page.tsx [Client Component SSR]
    ./Music/app/app/admin/invoices/page.tsx [Server Component]

https://nextjs.org/docs/messages/module-not-found


./Music/app/app/admin/messages/page.tsx:7:1
Module not found: Can't resolve '@/components/ui/card'
  [90m 5 |[0m ...[36mmport[0m { [33mButton[0m } [36mfrom[0m [32m'@/components/ui/button'[0m;
  [90m 6 |[0m ...[36mmport[0m { [33mInput[0m } [36mfrom[0m [32m'@/components/ui/input'[0m;
[31m[1m>[0m [90m 7 |[0m ...[36mmport[0m { [33mCard[0m, [33mCardContent[0m, [33mCardHeader[0m } [36mfrom[0m [32m'@/components/ui/card'[0m;
  [90m   |[0m    [31m[1m^^^^^^^^^^^^^^^^^^^^^^^^^^^^^^^^^^^^^^^^^^^^^^^^^^^^^^^^^^^^^^^^^^^^^[0m
  [90m 8 |[0m ...[36mmport[0m { [33mAvatar[0m, [33mAvatarFallback[0m, [33mAvatarImage[0m } [36mfrom[0m [32m'@/components/ui...[0m
  [90m 9 |[0m ...[36mmport[0m { [33mTabs[0m, [33mTabsContent[0m, [33mTabsList[0m, [33mTabsTrigger[0m } [36mfrom[0m [32m'@/componen...[0m
  [90m10 |[0m ...[36mmport[0m { toast } [36mfrom[0m [32m'sonner'[0m;

Import map: aliased to relative './src/components/ui/card' inside of [project]/Music/app


Import traces:
  Client Component Browser:
    ./Music/app/app/admin/messages/page.tsx [Client Component Browser]
    ./Music/app/app/admin/messages/page.tsx [Server Component]

  Client Component SSR:
    ./Music/app/app/admin/messages/page.tsx [Client Component SSR]
    ./Music/app/app/admin/messages/page.tsx [Server Component]

https://nextjs.org/docs/messages/module-not-found


./Music/app/app/admin/page.tsx:9:1
Module not found: Can't resolve '@/components/ui/card'
  [90m 7 |[0m ...{ [33mBadge[0m } [36mfrom[0m [32m'@/components/ui/badge'[0m;
  [90m 8 |[0m ...{ [33mButton[0m } [36mfrom[0m [32m'@/components/ui/button'[0m;
[31m[1m>[0m [90m 9 |[0m ...{ [33mCard[0m, [33mCardContent[0m, [33mCardHeader[0m, [33mCardTitle[0m } [36mfrom[0m [32m'@/components/ui/...[0m
  [90m   |[0m    [31m[1m^^^^^^^^^^^^^^^^^^^^^^^^^^^^^^^^^^^^^^^^^^^^^^^^^^^^^^^^^^^^^^^^^^^^^^[0m
  [90m10 |[0m ...{ useRouter } [36mfrom[0m [32m'next/navigation'[0m;
  [90m11 |[0m ...{ [33mAreaChart[0m, [33mArea[0m, [33mXAxis[0m, [33mYAxis[0m, [33mCartesianGrid[0m, [33mTooltip[0m, [33mResponsive...[0m
  [90m12 |[0m ...

Import map: aliased to relative './src/components/ui/card' inside of [project]/Music/app


Import traces:
  Client Component Browser:
    ./Music/app/app/admin/page.tsx [Client Component Browser]
    ./Music/app/app/admin/page.tsx [Server Component]

  Client Component SSR:
    ./Music/app/app/admin/page.tsx [Client Component SSR]
    ./Music/app/app/admin/page.tsx [Server Component]

https://nextjs.org/docs/messages/module-not-found


./Music/app/app/admin/parents/page.tsx:7:1
Module not found: Can't resolve '@/components/ui/card'
  [90m 5 |[0m [36mimport[0m { [33mButton[0m } [36mfrom[0m [32m'@/components/ui/button'[0m;
  [90m 6 |[0m [36mimport[0m { [33mInput[0m } [36mfrom[0m [32m'@/components/ui/input'[0m;
[31m[1m>[0m [90m 7 |[0m [36mimport[0m { [33mCard[0m, [33mCardContent[0m } [36mfrom[0m [32m'@/components/ui/card'[0m;
  [90m   |[0m [31m[1m^^^^^^^^^^^^^^^^^^^^^^^^^^^^^^^^^^^^^^^^^^^^^^^^^^^^^^^^^[0m
  [90m 8 |[0m
  [90m 9 |[0m [36mconst[0m parents = [
  [90m10 |[0m   { name: [32m'Adeola Peters'[0m, email: [32m'adeola.p@email.com'[0m, phone: [32m'+234 8...[0m

Import map: aliased to relative './src/components/ui/card' inside of [project]/Music/app


Import traces:
  Client Component Browser:
    ./Music/app/app/admin/parents/page.tsx [Client Component Browser]
    ./Music/app/app/admin/parents/page.tsx [Server Component]

  Client Component SSR:
    ./Music/app/app/admin/parents/page.tsx [Client Component SSR]
    ./Music/app/app/admin/parents/page.tsx [Server Component]

https://nextjs.org/docs/messages/module-not-found


./Music/app/app/admin/payments/page.tsx:6:1
Module not found: Can't resolve '@/components/ui/card'
  [90m4 |[0m ... { [33mBadge[0m } [36mfrom[0m [32m'@/components/ui/badge'[0m;
  [90m5 |[0m ... { [33mButton[0m } [36mfrom[0m [32m'@/components/ui/button'[0m;
[31m[1m>[0m [90m6 |[0m ... { [33mCard[0m, [33mCardContent[0m, [33mCardHeader[0m, [33mCardTitle[0m } [36mfrom[0m [32m'@/components/ui/...[0m
  [90m  |[0m    [31m[1m^^^^^^^^^^^^^^^^^^^^^^^^^^^^^^^^^^^^^^^^^^^^^^^^^^^^^^^^^^^^^^^^^^^^^^^[0m
  [90m7 |[0m ... { [33mBarChart[0m, [33mBar[0m, [33mXAxis[0m, [33mYAxis[0m, [33mCartesianGrid[0m, [33mTooltip[0m, [33mResponsiveCo...[0m
  [90m8 |[0m ...
  [90m9 |[0m ...data = [

Import map: aliased to relative './src/components/ui/card' inside of [project]/Music/app


Import traces:
  Client Component Browser:
    ./Music/app/app/admin/payments/page.tsx [Client Component Browser]
    ./Music/app/app/admin/payments/page.tsx [Server Component]

  Client Component SSR:
    ./Music/app/app/admin/payments/page.tsx [Client Component SSR]
    ./Music/app/app/admin/payments/page.tsx [Server Component]

https://nextjs.org/docs/messages/module-not-found


./Music/app/app/admin/registrations/page.tsx:6:1
Module not found: Can't resolve '@/components/ui/card'
  [90m4 |[0m [36mimport[0m { [33mBadge[0m } [36mfrom[0m [32m'@/components/ui/badge'[0m;
  [90m5 |[0m [36mimport[0m { [33mButton[0m } [36mfrom[0m [32m'@/components/ui/button'[0m;
[31m[1m>[0m [90m6 |[0m [36mimport[0m { [33mCard[0m, [33mCardContent[0m } [36mfrom[0m [32m'@/components/ui/card'[0m;
  [90m  |[0m [31m[1m^^^^^^^^^^^^^^^^^^^^^^^^^^^^^^^^^^^^^^^^^^^^^^^^^^^^^^^^^[0m
  [90m7 |[0m [36mimport[0m { toast } [36mfrom[0m [32m'sonner'[0m;
  [90m8 |[0m
  [90m9 |[0m [36mconst[0m registrations = [

Import map: aliased to relative './src/components/ui/card' inside of [project]/Music/app


Import traces:
  Client Component Browser:
    ./Music/app/app/admin/registrations/page.tsx [Client Component Browser]
    ./Music/app/app/admin/registrations/page.tsx [Server Component]

  Client Component SSR:
    ./Music/app/app/admin/registrations/page.tsx [Client Component SSR]
    ./Music/app/app/admin/registrations/page.tsx [Server Component]

https://nextjs.org/docs/messages/module-not-found


./Music/app/app/admin/resources/page.tsx:6:1
Module not found: Can't resolve '@/components/ui/card'
  [90m4 |[0m [36mimport[0m { [33mBadge[0m } [36mfrom[0m [32m'@/components/ui/badge'[0m;
  [90m5 |[0m [36mimport[0m { [33mButton[0m } [36mfrom[0m [32m'@/components/ui/button'[0m;
[31m[1m>[0m [90m6 |[0m [36mimport[0m { [33mCard[0m, [33mCardContent[0m } [36mfrom[0m [32m'@/components/ui/card'[0m;
  [90m  |[0m [31m[1m^^^^^^^^^^^^^^^^^^^^^^^^^^^^^^^^^^^^^^^^^^^^^^^^^^^^^^^^^[0m
  [90m7 |[0m [36mimport[0m { toast } [36mfrom[0m [32m'sonner'[0m;
  [90m8 |[0m
  [90m9 |[0m [36mconst[0m resources = [

Import map: aliased to relative './src/components/ui/card' inside of [project]/Music/app


Import traces:
  Client Component Browser:
    ./Music/app/app/admin/resources/page.tsx [Client Component Browser]
    ./Music/app/app/admin/resources/page.tsx [Server Component]

  Client Component SSR:
    ./Music/app/app/admin/resources/page.tsx [Client Component SSR]
    ./Music/app/app/admin/resources/page.tsx [Server Component]

https://nextjs.org/docs/messages/module-not-found


./Music/app/app/admin/roles/page.tsx:5:1
Module not found: Can't resolve '@/components/ui/card'
  [90m3 |[0m [36mimport[0m { [33mShieldCheck[0m, [33mPlus[0m, [33mMoreHorizontal[0m } [36mfrom[0m [32m'lucide-react'[0m;
  [90m4 |[0m [36mimport[0m { [33mButton[0m } [36mfrom[0m [32m'@/components/ui/button'[0m;
[31m[1m>[0m [90m5 |[0m [36mimport[0m { [33mCard[0m, [33mCardContent[0m } [36mfrom[0m [32m'@/components/ui/card'[0m;
  [90m  |[0m [31m[1m^^^^^^^^^^^^^^^^^^^^^^^^^^^^^^^^^^^^^^^^^^^^^^^^^^^^^^^^^[0m
  [90m6 |[0m [36mimport[0m { [33mDialog[0m, [33mDialogContent[0m, [33mDialogHeader[0m, [33mDialogTitle[0m, [33mDialogTrigge.[0m..
  [90m7 |[0m [36mimport[0m { [33mInput[0m } [36mfrom[0m [32m'@/components/ui/input'[0m;
  [90m8 |[0m [36mimport[0m { [33mLabel[0m } [36mfrom[0m [32m'@/components/ui/label'[0m;

Import map: aliased to relative './src/components/ui/card' inside of [project]/Music/app


Import traces:
  Client Component Browser:
    ./Music/app/app/admin/roles/page.tsx [Client Component Browser]
    ./Music/app/app/admin/roles/page.tsx [Server Component]

  Client Component SSR:
    ./Music/app/app/admin/roles/page.tsx [Client Component SSR]
    ./Music/app/app/admin/roles/page.tsx [Server Component]

https://nextjs.org/docs/messages/module-not-found


./Music/app/app/admin/settings/page.tsx:6:1
Module not found: Can't resolve '@/components/ui/card'
  [90m4 |[0m ... { [33mSettings[0m, [33mImage[0m, [33mMail[0m, [33mGlobe[0m, [33mSave[0m, [33mUpload[0m } [36mfrom[0m [32m'lucide-react'[0m;
  [90m5 |[0m ... { [33mButton[0m } [36mfrom[0m [32m'@/components/ui/button'[0m;
[31m[1m>[0m [90m6 |[0m ... { [33mCard[0m, [33mCardContent[0m, [33mCardHeader[0m, [33mCardTitle[0m } [36mfrom[0m [32m'@/components/ui/...[0m
  [90m  |[0m    [31m[1m^^^^^^^^^^^^^^^^^^^^^^^^^^^^^^^^^^^^^^^^^^^^^^^^^^^^^^^^^^^^^^^^^^^^^^^[0m
  [90m7 |[0m ... { [33mInput[0m } [36mfrom[0m [32m'@/components/ui/input'[0m;
  [90m8 |[0m ... { [33mLabel[0m } [36mfrom[0m [32m'@/components/ui/label'[0m;
  [90m9 |[0m ... { [33mSwitch[0m } [36mfrom[0m [32m'@/components/ui/switch'[0m;

Import map: aliased to relative './src/components/ui/card' inside of [project]/Music/app


Import traces:
  Client Component Browser:
    ./Music/app/app/admin/settings/page.tsx [Client Component Browser]
    ./Music/app/app/admin/settings/page.tsx [Server Component]

  Client Component SSR:
    ./Music/app/app/admin/settings/page.tsx [Client Component SSR]
    ./Music/app/app/admin/settings/page.tsx [Server Component]

https://nextjs.org/docs/messages/module-not-found


./Music/app/app/admin/staff/page.tsx:8:1
Module not found: Can't resolve '@/components/ui/card'
  [90m 6 |[0m [36mimport[0m { [33mButton[0m } [36mfrom[0m [32m'@/components/ui/button'[0m;
  [90m 7 |[0m [36mimport[0m { [33mInput[0m } [36mfrom[0m [32m'@/components/ui/input'[0m;
[31m[1m>[0m [90m 8 |[0m [36mimport[0m { [33mCard[0m, [33mCardContent[0m } [36mfrom[0m [32m'@/components/ui/card'[0m;
  [90m   |[0m [31m[1m^^^^^^^^^^^^^^^^^^^^^^^^^^^^^^^^^^^^^^^^^^^^^^^^^^^^^^^^^[0m
  [90m 9 |[0m [36mimport[0m { [33mAvatar[0m, [33mAvatarFallback[0m, [33mAvatarImage[0m } [36mfrom[0m [32m'@/components/ui/a...[0m
  [90m10 |[0m
  [90m11 |[0m [36mconst[0m staff = [

Import map: aliased to relative './src/components/ui/card' inside of [project]/Music/app


Import traces:
  Client Component Browser:
    ./Music/app/app/admin/staff/page.tsx [Client Component Browser]
    ./Music/app/app/admin/staff/page.tsx [Server Component]

  Client Component SSR:
    ./Music/app/app/admin/staff/page.tsx [Client Component SSR]
    ./Music/app/app/admin/staff/page.tsx [Server Component]

https://nextjs.org/docs/messages/module-not-found


./Music/app/app/admin/support/page.tsx:7:1
Module not found: Can't resolve '@/components/ui/card'
  [90m 5 |[0m [36mimport[0m { [33mBadge[0m } [36mfrom[0m [32m'@/components/ui/badge'[0m;
  [90m 6 |[0m [36mimport[0m { [33mButton[0m } [36mfrom[0m [32m'@/components/ui/button'[0m;
[31m[1m>[0m [90m 7 |[0m [36mimport[0m { [33mCard[0m, [33mCardContent[0m } [36mfrom[0m [32m'@/components/ui/card'[0m;
  [90m   |[0m [31m[1m^^^^^^^^^^^^^^^^^^^^^^^^^^^^^^^^^^^^^^^^^^^^^^^^^^^^^^^^^[0m
  [90m 8 |[0m [36mimport[0m { [33mTextarea[0m } [36mfrom[0m [32m'@/components/ui/textarea'[0m;
  [90m 9 |[0m [36mimport[0m { [33mDialog[0m, [33mDialogContent[0m, [33mDialogHeader[0m, [33mDialogTitle[0m } [36mfrom[0m [32m'@/co...[0m
  [90m10 |[0m [36mimport[0m { toast } [36mfrom[0m [32m'sonner'[0m;

Import map: aliased to relative './src/components/ui/card' inside of [project]/Music/app


Import traces:
  Client Component Browser:
    ./Music/app/app/admin/support/page.tsx [Client Component Browser]
    ./Music/app/app/admin/support/page.tsx [Server Component]

  Client Component SSR:
    ./Music/app/app/admin/support/page.tsx [Client Component SSR]
    ./Music/app/app/admin/support/page.tsx [Server Component]

https://nextjs.org/docs/messages/module-not-found


./Music/app/app/parent/attendance/page.tsx:7:1
Module not found: Can't resolve '@/components/ui/card'
  [90m 5 |[0m ...{ [33mBadge[0m } [36mfrom[0m [32m'@/components/ui/badge'[0m;
  [90m 6 |[0m ...{ [33mButton[0m } [36mfrom[0m [32m'@/components/ui/button'[0m;
[31m[1m>[0m [90m 7 |[0m ...{ [33mCard[0m, [33mCardContent[0m, [33mCardHeader[0m, [33mCardTitle[0m } [36mfrom[0m [32m'@/components/ui/...[0m
  [90m   |[0m    [31m[1m^^^^^^^^^^^^^^^^^^^^^^^^^^^^^^^^^^^^^^^^^^^^^^^^^^^^^^^^^^^^^^^^^^^^^^[0m
  [90m 8 |[0m ...{ toast } [36mfrom[0m [32m'sonner'[0m;
  [90m 9 |[0m ...
  [90m10 |[0m ...ttendanceData = [

Import map: aliased to relative './src/components/ui/card' inside of [project]/Music/app


Import traces:
  Client Component Browser:
    ./Music/app/app/parent/attendance/page.tsx [Client Component Browser]
    ./Music/app/app/parent/attendance/page.tsx [Server Component]

  Client Component SSR:
    ./Music/app/app/parent/attendance/page.tsx [Client Component SSR]
    ./Music/app/app/parent/attendance/page.tsx [Server Component]

https://nextjs.org/docs/messages/module-not-found


./Music/app/app/parent/child/page.tsx:7:1
Module not found: Can't resolve '@/components/ui/card'
  [90m 5 |[0m ...{ [33mBadge[0m } [36mfrom[0m [32m'@/components/ui/badge'[0m;
  [90m 6 |[0m ...{ [33mButton[0m } [36mfrom[0m [32m'@/components/ui/button'[0m;
[31m[1m>[0m [90m 7 |[0m ...{ [33mCard[0m, [33mCardContent[0m, [33mCardHeader[0m, [33mCardTitle[0m } [36mfrom[0m [32m'@/components/ui/...[0m
  [90m   |[0m    [31m[1m^^^^^^^^^^^^^^^^^^^^^^^^^^^^^^^^^^^^^^^^^^^^^^^^^^^^^^^^^^^^^^^^^^^^^^[0m
  [90m 8 |[0m ...{ [33mAvatar[0m, [33mAvatarFallback[0m, [33mAvatarImage[0m } [36mfrom[0m [32m'@/components/ui/avatar'[0m;
  [90m 9 |[0m ...{ [33mTabs[0m, [33mTabsContent[0m, [33mTabsList[0m, [33mTabsTrigger[0m } [36mfrom[0m [32m'@/components/ui/...[0m
  [90m10 |[0m ...

Import map: aliased to relative './src/components/ui/card' inside of [project]/Music/app


Import traces:
  Client Component Browser:
    ./Music/app/app/parent/child/page.tsx [Client Component Browser]
    ./Music/app/app/parent/child/page.tsx [Server Component]

  Client Component SSR:
    ./Music/app/app/parent/child/page.tsx [Client Component SSR]
    ./Music/app/app/parent/child/page.tsx [Server Component]

https://nextjs.org/docs/messages/module-not-found


./Music/app/app/parent/events/page.tsx:7:1
Module not found: Can't resolve '@/components/ui/card'
  [90m 5 |[0m [36mimport[0m { [33mBadge[0m } [36mfrom[0m [32m'@/components/ui/badge'[0m;
  [90m 6 |[0m [36mimport[0m { [33mButton[0m } [36mfrom[0m [32m'@/components/ui/button'[0m;
[31m[1m>[0m [90m 7 |[0m [36mimport[0m { [33mCard[0m, [33mCardContent[0m } [36mfrom[0m [32m'@/components/ui/card'[0m;
  [90m   |[0m [31m[1m^^^^^^^^^^^^^^^^^^^^^^^^^^^^^^^^^^^^^^^^^^^^^^^^^^^^^^^^^[0m
  [90m 8 |[0m [36mimport[0m { [33mSwitch[0m } [36mfrom[0m [32m'@/components/ui/switch'[0m;
  [90m 9 |[0m [36mimport[0m { toast } [36mfrom[0m [32m'sonner'[0m;
  [90m10 |[0m

Import map: aliased to relative './src/components/ui/card' inside of [project]/Music/app


Import traces:
  Client Component Browser:
    ./Music/app/app/parent/events/page.tsx [Client Component Browser]
    ./Music/app/app/parent/events/page.tsx [Server Component]

  Client Component SSR:
    ./Music/app/app/parent/events/page.tsx [Client Component SSR]
    ./Music/app/app/parent/events/page.tsx [Server Component]

https://nextjs.org/docs/messages/module-not-found


./Music/app/app/parent/page.tsx:8:1
Module not found: Can't resolve '@/components/ui/card'
  [90m 6 |[0m ...{ [33mBadge[0m } [36mfrom[0m [32m'@/components/ui/badge'[0m;
  [90m 7 |[0m ...{ [33mButton[0m } [36mfrom[0m [32m'@/components/ui/button'[0m;
[31m[1m>[0m [90m 8 |[0m ...{ [33mCard[0m, [33mCardContent[0m, [33mCardHeader[0m, [33mCardTitle[0m } [36mfrom[0m [32m'@/components/ui/...[0m
  [90m   |[0m    [31m[1m^^^^^^^^^^^^^^^^^^^^^^^^^^^^^^^^^^^^^^^^^^^^^^^^^^^^^^^^^^^^^^^^^^^^^^[0m
  [90m 9 |[0m ...{ [33mAvatar[0m, [33mAvatarFallback[0m, [33mAvatarImage[0m } [36mfrom[0m [32m'@/components/ui/avatar'[0m;
  [90m10 |[0m ...
  [90m11 |[0m ...[36mdefault[0m [36mfunction[0m [33mParentDashboard[0m() {

Import map: aliased to relative './src/components/ui/card' inside of [project]/Music/app


Import traces:
  Client Component Browser:
    ./Music/app/app/parent/page.tsx [Client Component Browser]
    ./Music/app/app/parent/page.tsx [Server Component]

  Client Component SSR:
    ./Music/app/app/parent/page.tsx [Client Component SSR]
    ./Music/app/app/parent/page.tsx [Server Component]

https://nextjs.org/docs/messages/module-not-found


./Music/app/app/parent/payments/page.tsx:6:1
Module not found: Can't resolve '@/components/ui/card'
  [90m4 |[0m ... { [33mBadge[0m } [36mfrom[0m [32m'@/components/ui/badge'[0m;
  [90m5 |[0m ... { [33mButton[0m } [36mfrom[0m [32m'@/components/ui/button'[0m;
[31m[1m>[0m [90m6 |[0m ... { [33mCard[0m, [33mCardContent[0m, [33mCardHeader[0m, [33mCardTitle[0m } [36mfrom[0m [32m'@/components/ui/...[0m
  [90m  |[0m    [31m[1m^^^^^^^^^^^^^^^^^^^^^^^^^^^^^^^^^^^^^^^^^^^^^^^^^^^^^^^^^^^^^^^^^^^^^^^[0m
  [90m7 |[0m ... { useRouter } [36mfrom[0m [32m'next/navigation'[0m;
  [90m8 |[0m ...
  [90m9 |[0m ...transactions = [

Import map: aliased to relative './src/components/ui/card' inside of [project]/Music/app


Import traces:
  Client Component Browser:
    ./Music/app/app/parent/payments/page.tsx [Client Component Browser]
    ./Music/app/app/parent/payments/page.tsx [Server Component]

  Client Component SSR:
    ./Music/app/app/parent/payments/page.tsx [Client Component SSR]
    ./Music/app/app/parent/payments/page.tsx [Server Component]

https://nextjs.org/docs/messages/module-not-found


./Music/app/app/parent/payments/pay/page.tsx:6:1
Module not found: Can't resolve '@/components/ui/card'
  [90m4 |[0m ... { [33mCreditCard[0m, [33mLock[0m, [33mArrowRight[0m } [36mfrom[0m [32m'lucide-react'[0m;
  [90m5 |[0m ... { [33mButton[0m } [36mfrom[0m [32m'@/components/ui/button'[0m;
[31m[1m>[0m [90m6 |[0m ... { [33mCard[0m, [33mCardContent[0m, [33mCardHeader[0m, [33mCardTitle[0m } [36mfrom[0m [32m'@/components/ui/...[0m
  [90m  |[0m    [31m[1m^^^^^^^^^^^^^^^^^^^^^^^^^^^^^^^^^^^^^^^^^^^^^^^^^^^^^^^^^^^^^^^^^^^^^^^[0m
  [90m7 |[0m ... { [33mInput[0m } [36mfrom[0m [32m'@/components/ui/input'[0m;
  [90m8 |[0m ... { [33mLabel[0m } [36mfrom[0m [32m'@/components/ui/label'[0m;
  [90m9 |[0m ... { toast } [36mfrom[0m [32m'sonner'[0m;

Import map: aliased to relative './src/components/ui/card' inside of [project]/Music/app


Import traces:
  Client Component Browser:
    ./Music/app/app/parent/payments/pay/page.tsx [Client Component Browser]
    ./Music/app/app/parent/payments/pay/page.tsx [Server Component]

  Client Component SSR:
    ./Music/app/app/parent/payments/pay/page.tsx [Client Component SSR]
    ./Music/app/app/parent/payments/pay/page.tsx [Server Component]

https://nextjs.org/docs/messages/module-not-found


./Music/app/app/parent/resources/page.tsx:7:1
Module not found: Can't resolve '@/components/ui/card'
  [90m 5 |[0m [36mimport[0m { [33mBadge[0m } [36mfrom[0m [32m'@/components/ui/badge'[0m;
  [90m 6 |[0m [36mimport[0m { [33mButton[0m } [36mfrom[0m [32m'@/components/ui/button'[0m;
[31m[1m>[0m [90m 7 |[0m [36mimport[0m { [33mCard[0m, [33mCardContent[0m } [36mfrom[0m [32m'@/components/ui/card'[0m;
  [90m   |[0m [31m[1m^^^^^^^^^^^^^^^^^^^^^^^^^^^^^^^^^^^^^^^^^^^^^^^^^^^^^^^^^[0m
  [90m 8 |[0m [36mimport[0m { [33mInput[0m } [36mfrom[0m [32m'@/components/ui/input'[0m;
  [90m 9 |[0m
  [90m10 |[0m [36mconst[0m resources = [

Import map: aliased to relative './src/components/ui/card' inside of [project]/Music/app


Import traces:
  Client Component Browser:
    ./Music/app/app/parent/resources/page.tsx [Client Component Browser]
    ./Music/app/app/parent/resources/page.tsx [Server Component]

  Client Component SSR:
    ./Music/app/app/parent/resources/page.tsx [Client Component SSR]
    ./Music/app/app/parent/resources/page.tsx [Server Component]

https://nextjs.org/docs/messages/module-not-found


./Music/app/app/parent/settings/page.tsx:6:1
Module not found: Can't resolve '@/components/ui/card'
  [90m4 |[0m ... { [33mUser[0m, [33mLock[0m, [33mBell[0m, [33mShield[0m, [33mCamera[0m } [36mfrom[0m [32m'lucide-react'[0m;
  [90m5 |[0m ... { [33mButton[0m } [36mfrom[0m [32m'@/components/ui/button'[0m;
[31m[1m>[0m [90m6 |[0m ... { [33mCard[0m, [33mCardContent[0m, [33mCardHeader[0m, [33mCardTitle[0m } [36mfrom[0m [32m'@/components/ui/...[0m
  [90m  |[0m    [31m[1m^^^^^^^^^^^^^^^^^^^^^^^^^^^^^^^^^^^^^^^^^^^^^^^^^^^^^^^^^^^^^^^^^^^^^^^[0m
  [90m7 |[0m ... { [33mInput[0m } [36mfrom[0m [32m'@/components/ui/input'[0m;
  [90m8 |[0m ... { [33mLabel[0m } [36mfrom[0m [32m'@/components/ui/label'[0m;
  [90m9 |[0m ... { [33mSwitch[0m } [36mfrom[0m [32m'@/components/ui/switch'[0m;

Import map: aliased to relative './src/components/ui/card' inside of [project]/Music/app


Import traces:
  Client Component Browser:
    ./Music/app/app/parent/settings/page.tsx [Client Component Browser]
    ./Music/app/app/parent/settings/page.tsx [Server Component]

  Client Component SSR:
    ./Music/app/app/parent/settings/page.tsx [Client Component SSR]
    ./Music/app/app/parent/settings/page.tsx [Server Component]

https://nextjs.org/docs/messages/module-not-found


./Music/app/app/parent/support/page.tsx:7:1
Module not found: Can't resolve '@/components/ui/card'
  [90m 5 |[0m ...{ [33mBadge[0m } [36mfrom[0m [32m'@/components/ui/badge'[0m;
  [90m 6 |[0m ...{ [33mButton[0m } [36mfrom[0m [32m'@/components/ui/button'[0m;
[31m[1m>[0m [90m 7 |[0m ...{ [33mCard[0m, [33mCardContent[0m, [33mCardHeader[0m, [33mCardTitle[0m } [36mfrom[0m [32m'@/components/ui/...[0m
  [90m   |[0m    [31m[1m^^^^^^^^^^^^^^^^^^^^^^^^^^^^^^^^^^^^^^^^^^^^^^^^^^^^^^^^^^^^^^^^^^^^^^[0m
  [90m 8 |[0m ...{ [33mInput[0m } [36mfrom[0m [32m'@/components/ui/input'[0m;
  [90m 9 |[0m ...{ [33mTextarea[0m } [36mfrom[0m [32m'@/components/ui/textarea'[0m;
  [90m10 |[0m ...{ [33mLabel[0m } [36mfrom[0m [32m'@/components/ui/label'[0m;

Import map: aliased to relative './src/components/ui/card' inside of [project]/Music/app


Import traces:
  Client Component Browser:
    ./Music/app/app/parent/support/page.tsx [Client Component Browser]
    ./Music/app/app/parent/support/page.tsx [Server Component]

  Client Component SSR:
    ./Music/app/app/parent/support/page.tsx [Client Component SSR]
    ./Music/app/app/parent/support/page.tsx [Server Component]

https://nextjs.org/docs/messages/module-not-found


./Music/app/app/login/page.tsx:10:1
Module not found: Can't resolve '@/components/ui/checkbox'
  [90m 8 |[0m [36mimport[0m { [33mInput[0m } [36mfrom[0m [32m'@/components/ui/input'[0m;
  [90m 9 |[0m [36mimport[0m { [33mLabel[0m } [36mfrom[0m [32m'@/components/ui/label'[0m;
[31m[1m>[0m [90m10 |[0m [36mimport[0m { [33mCheckbox[0m } [36mfrom[0m [32m'@/components/ui/checkbox'[0m;
  [90m   |[0m [31m[1m^^^^^^^^^^^^^^^^^^^^^^^^^^^^^^^^^^^^^^^^^^^^^^^^^^^^[0m
  [90m11 |[0m [36mimport[0m { toast } [36mfrom[0m [32m'sonner'[0m;
  [90m12 |[0m
  [90m13 |[0m [36mexport[0m [36mdefault[0m [36mfunction[0m [33mLogin[0m() {

Import map: aliased to relative './src/components/ui/checkbox' inside of [project]/Music/app


Import traces:
  Client Component Browser:
    ./Music/app/app/login/page.tsx [Client Component Browser]
    ./Music/app/app/login/page.tsx [Server Component]

  Client Component SSR:
    ./Music/app/app/login/page.tsx [Client Component SSR]
    ./Music/app/app/login/page.tsx [Server Component]

https://nextjs.org/docs/messages/module-not-found


./Music/app/app/register/page.tsx:10:1
Module not found: Can't resolve '@/components/ui/checkbox'
  [90m 8 |[0m [36mimport[0m { [33mInput[0m } [36mfrom[0m [32m'@/components/ui/input'[0m;
  [90m 9 |[0m [36mimport[0m { [33mLabel[0m } [36mfrom[0m [32m'@/components/ui/label'[0m;
[31m[1m>[0m [90m10 |[0m [36mimport[0m { [33mCheckbox[0m } [36mfrom[0m [32m'@/components/ui/checkbox'[0m;
  [90m   |[0m [31m[1m^^^^^^^^^^^^^^^^^^^^^^^^^^^^^^^^^^^^^^^^^^^^^^^^^^^^[0m
  [90m11 |[0m [36mimport[0m { toast } [36mfrom[0m [32m'sonner'[0m;
  [90m12 |[0m
  [90m13 |[0m [36mconst[0m steps = [

Import map: aliased to relative './src/components/ui/checkbox' inside of [project]/Music/app


Import traces:
  Client Component Browser:
    ./Music/app/app/register/page.tsx [Client Component Browser]
    ./Music/app/app/register/page.tsx [Server Component]

  Client Component SSR:
    ./Music/app/app/register/page.tsx [Client Component SSR]
    ./Music/app/app/register/page.tsx [Server Component]

https://nextjs.org/docs/messages/module-not-found


./Music/app/app/signup/page.tsx:10:1
Module not found: Can't resolve '@/components/ui/checkbox'
  [90m 8 |[0m [36mimport[0m { [33mInput[0m } [36mfrom[0m [32m'@/components/ui/input'[0m;
  [90m 9 |[0m [36mimport[0m { [33mLabel[0m } [36mfrom[0m [32m'@/components/ui/label'[0m;
[31m[1m>[0m [90m10 |[0m [36mimport[0m { [33mCheckbox[0m } [36mfrom[0m [32m'@/components/ui/checkbox'[0m;
  [90m   |[0m [31m[1m^^^^^^^^^^^^^^^^^^^^^^^^^^^^^^^^^^^^^^^^^^^^^^^^^^^^[0m
  [90m11 |[0m [36mimport[0m { toast } [36mfrom[0m [32m'sonner'[0m;
  [90m12 |[0m
  [90m13 |[0m [36mexport[0m [36mdefault[0m [36mfunction[0m [33mSignUp[0m() {

Import map: aliased to relative './src/components/ui/checkbox' inside of [project]/Music/app


Import traces:
  Client Component Browser:
    ./Music/app/app/signup/page.tsx [Client Component Browser]
    ./Music/app/app/signup/page.tsx [Server Component]

  Client Component SSR:
    ./Music/app/app/signup/page.tsx [Client Component SSR]
    ./Music/app/app/signup/page.tsx [Server Component]

https://nextjs.org/docs/messages/module-not-found


./Music/app/app/admin/announcements/page.tsx:8:1
Module not found: Can't resolve '@/components/ui/dialog'
  [90m 6 |[0m ...[36mrom[0m [32m'@/components/ui/button'[0m;
  [90m 7 |[0m ...[33mContent[0m } [36mfrom[0m [32m'@/components/ui/card'[0m;
[31m[1m>[0m [90m 8 |[0m ...[33malogContent[0m, [33mDialogHeader[0m, [33mDialogTitle[0m, [33mDialogTrigger[0m } [36mfrom[0m [32m'@/com...[0m
  [90m   |[0m    [31m[1m^^^^^^^^^^^^^^^^^^^^^^^^^^^^^^^^^^^^^^^^^^^^^^^^^^^^^^^^^^^^^^^^^^^^^^[0m
  [90m 9 |[0m ...[36mom[0m [32m'@/components/ui/input'[0m;
  [90m10 |[0m ...[36mom[0m [32m'@/components/ui/label'[0m;
  [90m11 |[0m ... [36mfrom[0m [32m'@/components/ui/textarea'[0m;

Import map: aliased to relative './src/components/ui/dialog' inside of [project]/Music/app


Import traces:
  Client Component Browser:
    ./Music/app/app/admin/announcements/page.tsx [Client Component Browser]
    ./Music/app/app/admin/announcements/page.tsx [Server Component]

  Client Component SSR:
    ./Music/app/app/admin/announcements/page.tsx [Client Component SSR]
    ./Music/app/app/admin/announcements/page.tsx [Server Component]

https://nextjs.org/docs/messages/module-not-found


./Music/app/app/admin/events/page.tsx:9:1
Module not found: Can't resolve '@/components/ui/dialog'
  [90m 7 |[0m ...[36mom[0m [32m'@/components/ui/input'[0m;
  [90m 8 |[0m ...[33mContent[0m } [36mfrom[0m [32m'@/components/ui/card'[0m;
[31m[1m>[0m [90m 9 |[0m ...[33malogContent[0m, [33mDialogHeader[0m, [33mDialogTitle[0m, [33mDialogTrigger[0m } [36mfrom[0m [32m'@/com...[0m
  [90m   |[0m    [31m[1m^^^^^^^^^^^^^^^^^^^^^^^^^^^^^^^^^^^^^^^^^^^^^^^^^^^^^^^^^^^^^^^^^^^^^^[0m
  [90m10 |[0m ...[36mom[0m [32m'@/components/ui/label'[0m;
  [90m11 |[0m ... [36mfrom[0m [32m'@/components/ui/textarea'[0m;
  [90m12 |[0m ...[36mom[0m [32m'sonner'[0m;

Import map: aliased to relative './src/components/ui/dialog' inside of [project]/Music/app


Import traces:
  Client Component Browser:
    ./Music/app/app/admin/events/page.tsx [Client Component Browser]
    ./Music/app/app/admin/events/page.tsx [Server Component]

  Client Component SSR:
    ./Music/app/app/admin/events/page.tsx [Client Component SSR]
    ./Music/app/app/admin/events/page.tsx [Server Component]

https://nextjs.org/docs/messages/module-not-found


./Music/app/app/admin/invoices/page.tsx:8:1
Module not found: Can't resolve '@/components/ui/dialog'
  [90m 6 |[0m ...[36mom[0m [32m'@/components/ui/input'[0m;
  [90m 7 |[0m ...[33mContent[0m } [36mfrom[0m [32m'@/components/ui/card'[0m;
[31m[1m>[0m [90m 8 |[0m ...[33malogContent[0m, [33mDialogHeader[0m, [33mDialogTitle[0m, [33mDialogTrigger[0m } [36mfrom[0m [32m'@/com...[0m
  [90m   |[0m    [31m[1m^^^^^^^^^^^^^^^^^^^^^^^^^^^^^^^^^^^^^^^^^^^^^^^^^^^^^^^^^^^^^^^^^^^^^^[0m
  [90m 9 |[0m ...[36mom[0m [32m'@/components/ui/label'[0m;
  [90m10 |[0m ...[36mom[0m [32m'sonner'[0m;
  [90m11 |[0m ...

Import map: aliased to relative './src/components/ui/dialog' inside of [project]/Music/app


Import traces:
  Client Component Browser:
    ./Music/app/app/admin/invoices/page.tsx [Client Component Browser]
    ./Music/app/app/admin/invoices/page.tsx [Server Component]

  Client Component SSR:
    ./Music/app/app/admin/invoices/page.tsx [Client Component SSR]
    ./Music/app/app/admin/invoices/page.tsx [Server Component]

https://nextjs.org/docs/messages/module-not-found


./Music/app/app/admin/roles/page.tsx:6:1
Module not found: Can't resolve '@/components/ui/dialog'
  [90m4 |[0m ...[36mfrom[0m [32m'@/components/ui/button'[0m;
  [90m5 |[0m ...[33mdContent[0m } [36mfrom[0m [32m'@/components/ui/card'[0m;
[31m[1m>[0m [90m6 |[0m ...[33mialogContent[0m, [33mDialogHeader[0m, [33mDialogTitle[0m, [33mDialogTrigger[0m } [36mfrom[0m [32m'@/com...[0m
  [90m  |[0m    [31m[1m^^^^^^^^^^^^^^^^^^^^^^^^^^^^^^^^^^^^^^^^^^^^^^^^^^^^^^^^^^^^^^^^^^^^^^^[0m
  [90m7 |[0m ...[36mrom[0m [32m'@/components/ui/input'[0m;
  [90m8 |[0m ...[36mrom[0m [32m'@/components/ui/label'[0m;
  [90m9 |[0m ...[36mfrom[0m [32m'@/components/ui/switch'[0m;

Import map: aliased to relative './src/components/ui/dialog' inside of [project]/Music/app


Import traces:
  Client Component Browser:
    ./Music/app/app/admin/roles/page.tsx [Client Component Browser]
    ./Music/app/app/admin/roles/page.tsx [Server Component]

  Client Component SSR:
    ./Music/app/app/admin/roles/page.tsx [Client Component SSR]
    ./Music/app/app/admin/roles/page.tsx [Server Component]

https://nextjs.org/docs/messages/module-not-found


./Music/app/app/admin/support/page.tsx:9:1
Module not found: Can't resolve '@/components/ui/dialog'
  [90m 7 |[0m ...[33md[0m, [33mCardContent[0m } [36mfrom[0m [32m'@/components/ui/card'[0m;
  [90m 8 |[0m ...[33mtarea[0m } [36mfrom[0m [32m'@/components/ui/textarea'[0m;
[31m[1m>[0m [90m 9 |[0m ...[33mlog[0m, [33mDialogContent[0m, [33mDialogHeader[0m, [33mDialogTitle[0m } [36mfrom[0m [32m'@/components/...[0m
  [90m   |[0m    [31m[1m^^^^^^^^^^^^^^^^^^^^^^^^^^^^^^^^^^^^^^^^^^^^^^^^^^^^^^^^^^^^^^^^^^^^^^[0m
  [90m10 |[0m ...st } [36mfrom[0m [32m'sonner'[0m;
  [90m11 |[0m ...
  [90m12 |[0m ...s = [

Import map: aliased to relative './src/components/ui/dialog' inside of [project]/Music/app


Import traces:
  Client Component Browser:
    ./Music/app/app/admin/support/page.tsx [Client Component Browser]
    ./Music/app/app/admin/support/page.tsx [Server Component]

  Client Component SSR:
    ./Music/app/app/admin/support/page.tsx [Client Component SSR]
    ./Music/app/app/admin/support/page.tsx [Server Component]

https://nextjs.org/docs/messages/module-not-found


./Music/app/app/parent/support/page.tsx:11:1
Module not found: Can't resolve '@/components/ui/dialog'
  [90m 9 |[0m ... [36mfrom[0m [32m'@/components/ui/textarea'[0m;
  [90m10 |[0m ...[36mom[0m [32m'@/components/ui/label'[0m;
[31m[1m>[0m [90m11 |[0m ...[33malogContent[0m, [33mDialogHeader[0m, [33mDialogTitle[0m, [33mDialogTrigger[0m } [36mfrom[0m [32m'@/com...[0m
  [90m   |[0m    [31m[1m^^^^^^^^^^^^^^^^^^^^^^^^^^^^^^^^^^^^^^^^^^^^^^^^^^^^^^^^^^^^^^^^^^^^^^[0m
  [90m12 |[0m ...[36mom[0m [32m'sonner'[0m;
  [90m13 |[0m ...
  [90m14 |[0m ...

Import map: aliased to relative './src/components/ui/dialog' inside of [project]/Music/app


Import traces:
  Client Component Browser:
    ./Music/app/app/parent/support/page.tsx [Client Component Browser]
    ./Music/app/app/parent/support/page.tsx [Server Component]

  Client Component SSR:
    ./Music/app/app/parent/support/page.tsx [Client Component SSR]
    ./Music/app/app/parent/support/page.tsx [Server Component]

https://nextjs.org/docs/messages/module-not-found


./Music/app/app/(public)/contact/page.tsx:7:1
Module not found: Can't resolve '@/components/ui/input'
  [90m 5 |[0m [36mimport[0m { [33mBadge[0m } [36mfrom[0m [32m'@/components/ui/badge'[0m;
  [90m 6 |[0m [36mimport[0m { [33mButton[0m } [36mfrom[0m [32m'@/components/ui/button'[0m;
[31m[1m>[0m [90m 7 |[0m [36mimport[0m { [33mInput[0m } [36mfrom[0m [32m'@/components/ui/input'[0m;
  [90m   |[0m [31m[1m^^^^^^^^^^^^^^^^^^^^^^^^^^^^^^^^^^^^^^^^^^^^^^[0m
  [90m 8 |[0m [36mimport[0m { [33mTextarea[0m } [36mfrom[0m [32m'@/components/ui/textarea'[0m;
  [90m 9 |[0m [36mimport[0m { [33mLabel[0m } [36mfrom[0m [32m'@/components/ui/label'[0m;
  [90m10 |[0m [36mimport[0m { toast } [36mfrom[0m [32m'sonner'[0m;

Import map: aliased to relative './src/components/ui/input' inside of [project]/Music/app


Import traces:
  Client Component Browser:
    ./Music/app/app/(public)/contact/page.tsx [Client Component Browser]
    ./Music/app/app/(public)/contact/page.tsx [Server Component]

  Client Component SSR:
    ./Music/app/app/(public)/contact/page.tsx [Client Component SSR]
    ./Music/app/app/(public)/contact/page.tsx [Server Component]

https://nextjs.org/docs/messages/module-not-found


./Music/app/app/(public)/faq/page.tsx:6:1
Module not found: Can't resolve '@/components/ui/input'
  [90m4 |[0m [36mimport[0m { [33mSearch[0m, [33mMessageCircle[0m } [36mfrom[0m [32m'lucide-react'[0m;
  [90m5 |[0m [36mimport[0m { [33mBadge[0m } [36mfrom[0m [32m'@/components/ui/badge'[0m;
[31m[1m>[0m [90m6 |[0m [36mimport[0m { [33mInput[0m } [36mfrom[0m [32m'@/components/ui/input'[0m;
  [90m  |[0m [31m[1m^^^^^^^^^^^^^^^^^^^^^^^^^^^^^^^^^^^^^^^^^^^^^^[0m
  [90m7 |[0m [36mimport[0m { [33mAccordion[0m, [33mAccordionContent[0m, [33mAccordionItem[0m, [33mAccordionTrigger[0m }.[36m..[0m
  [90m8 |[0m [36mimport[0m { [33mButton[0m } [36mfrom[0m [32m'@/components/ui/button'[0m;
  [90m9 |[0m [36mimport[0m { useRouter } [36mfrom[0m [32m'next/navigation'[0m;

Import map: aliased to relative './src/components/ui/input' inside of [project]/Music/app


Import traces:
  Client Component Browser:
    ./Music/app/app/(public)/faq/page.tsx [Client Component Browser]
    ./Music/app/app/(public)/faq/page.tsx [Server Component]

  Client Component SSR:
    ./Music/app/app/(public)/faq/page.tsx [Client Component SSR]
    ./Music/app/app/(public)/faq/page.tsx [Server Component]

https://nextjs.org/docs/messages/module-not-found


./Music/app/app/admin/announcements/page.tsx:9:1
Module not found: Can't resolve '@/components/ui/input'
  [90m 7 |[0m [36mimport[0m { [33mCard[0m, [33mCardContent[0m } [36mfrom[0m [32m'@/components/ui/card'[0m;
  [90m 8 |[0m [36mimport[0m { [33mDialog[0m, [33mDialogContent[0m, [33mDialogHeader[0m, [33mDialogTitle[0m, [33mDialogTrigg..[0m.
[31m[1m>[0m [90m 9 |[0m [36mimport[0m { [33mInput[0m } [36mfrom[0m [32m'@/components/ui/input'[0m;
  [90m   |[0m [31m[1m^^^^^^^^^^^^^^^^^^^^^^^^^^^^^^^^^^^^^^^^^^^^^^[0m
  [90m10 |[0m [36mimport[0m { [33mLabel[0m } [36mfrom[0m [32m'@/components/ui/label'[0m;
  [90m11 |[0m [36mimport[0m { [33mTextarea[0m } [36mfrom[0m [32m'@/components/ui/textarea'[0m;
  [90m12 |[0m [36mimport[0m { toast } [36mfrom[0m [32m'sonner'[0m;

Import map: aliased to relative './src/components/ui/input' inside of [project]/Music/app


Import traces:
  Client Component Browser:
    ./Music/app/app/admin/announcements/page.tsx [Client Component Browser]
    ./Music/app/app/admin/announcements/page.tsx [Server Component]

  Client Component SSR:
    ./Music/app/app/admin/announcements/page.tsx [Client Component SSR]
    ./Music/app/app/admin/announcements/page.tsx [Server Component]

https://nextjs.org/docs/messages/module-not-found


./Music/app/app/admin/attendance/page.tsx:7:1
Module not found: Can't resolve '@/components/ui/input'
  [90m 5 |[0m [36mimport[0m { [33mBadge[0m } [36mfrom[0m [32m'@/components/ui/badge'[0m;
  [90m 6 |[0m [36mimport[0m { [33mButton[0m } [36mfrom[0m [32m'@/components/ui/button'[0m;
[31m[1m>[0m [90m 7 |[0m [36mimport[0m { [33mInput[0m } [36mfrom[0m [32m'@/components/ui/input'[0m;
  [90m   |[0m [31m[1m^^^^^^^^^^^^^^^^^^^^^^^^^^^^^^^^^^^^^^^^^^^^^^[0m
  [90m 8 |[0m [36mimport[0m { [33mCard[0m, [33mCardContent[0m } [36mfrom[0m [32m'@/components/ui/card'[0m;
  [90m 9 |[0m [36mimport[0m { [33mSelect[0m, [33mSelectContent[0m, [33mSelectItem[0m, [33mSelectTrigger[0m, [33mSelectValue[0m...
  [90m10 |[0m [36mimport[0m { toast } [36mfrom[0m [32m'sonner'[0m;

Import map: aliased to relative './src/components/ui/input' inside of [project]/Music/app


Import traces:
  Client Component Browser:
    ./Music/app/app/admin/attendance/page.tsx [Client Component Browser]
    ./Music/app/app/admin/attendance/page.tsx [Server Component]

  Client Component SSR:
    ./Music/app/app/admin/attendance/page.tsx [Client Component SSR]
    ./Music/app/app/admin/attendance/page.tsx [Server Component]

https://nextjs.org/docs/messages/module-not-found


./Music/app/app/admin/children/page.tsx:6:1
Module not found: Can't resolve '@/components/ui/input'
  [90m4 |[0m [36mimport[0m { [33mBadge[0m } [36mfrom[0m [32m'@/components/ui/badge'[0m;
  [90m5 |[0m [36mimport[0m { [33mButton[0m } [36mfrom[0m [32m'@/components/ui/button'[0m;
[31m[1m>[0m [90m6 |[0m [36mimport[0m { [33mInput[0m } [36mfrom[0m [32m'@/components/ui/input'[0m;
  [90m  |[0m [31m[1m^^^^^^^^^^^^^^^^^^^^^^^^^^^^^^^^^^^^^^^^^^^^^^[0m
  [90m7 |[0m [36mimport[0m { [33mCard[0m, [33mCardContent[0m } [36mfrom[0m [32m'@/components/ui/card'[0m;
  [90m8 |[0m [36mimport[0m { [33mAvatar[0m, [33mAvatarFallback[0m, [33mAvatarImage[0m } [36mfrom[0m [32m'@/components/ui/av...[0m
  [90m9 |[0m

Import map: aliased to relative './src/components/ui/input' inside of [project]/Music/app


Import traces:
  Client Component Browser:
    ./Music/app/app/admin/children/page.tsx [Client Component Browser]
    ./Music/app/app/admin/children/page.tsx [Server Component]

  Client Component SSR:
    ./Music/app/app/admin/children/page.tsx [Client Component SSR]
    ./Music/app/app/admin/children/page.tsx [Server Component]

https://nextjs.org/docs/messages/module-not-found


./Music/app/app/admin/events/page.tsx:7:1
Module not found: Can't resolve '@/components/ui/input'
  [90m 5 |[0m [36mimport[0m { [33mBadge[0m } [36mfrom[0m [32m'@/components/ui/badge'[0m;
  [90m 6 |[0m [36mimport[0m { [33mButton[0m } [36mfrom[0m [32m'@/components/ui/button'[0m;
[31m[1m>[0m [90m 7 |[0m [36mimport[0m { [33mInput[0m } [36mfrom[0m [32m'@/components/ui/input'[0m;
  [90m   |[0m [31m[1m^^^^^^^^^^^^^^^^^^^^^^^^^^^^^^^^^^^^^^^^^^^^^^[0m
  [90m 8 |[0m [36mimport[0m { [33mCard[0m, [33mCardContent[0m } [36mfrom[0m [32m'@/components/ui/card'[0m;
  [90m 9 |[0m [36mimport[0m { [33mDialog[0m, [33mDialogContent[0m, [33mDialogHeader[0m, [33mDialogTitle[0m, [33mDialogTrigg..[0m.
  [90m10 |[0m [36mimport[0m { [33mLabel[0m } [36mfrom[0m [32m'@/components/ui/label'[0m;

Import map: aliased to relative './src/components/ui/input' inside of [project]/Music/app


Import traces:
  Client Component Browser:
    ./Music/app/app/admin/events/page.tsx [Client Component Browser]
    ./Music/app/app/admin/events/page.tsx [Server Component]

  Client Component SSR:
    ./Music/app/app/admin/events/page.tsx [Client Component SSR]
    ./Music/app/app/admin/events/page.tsx [Server Component]

https://nextjs.org/docs/messages/module-not-found


./Music/app/app/admin/invoices/page.tsx:6:1
Module not found: Can't resolve '@/components/ui/input'
  [90m4 |[0m [36mimport[0m { [33mBadge[0m } [36mfrom[0m [32m'@/components/ui/badge'[0m;
  [90m5 |[0m [36mimport[0m { [33mButton[0m } [36mfrom[0m [32m'@/components/ui/button'[0m;
[31m[1m>[0m [90m6 |[0m [36mimport[0m { [33mInput[0m } [36mfrom[0m [32m'@/components/ui/input'[0m;
  [90m  |[0m [31m[1m^^^^^^^^^^^^^^^^^^^^^^^^^^^^^^^^^^^^^^^^^^^^^^[0m
  [90m7 |[0m [36mimport[0m { [33mCard[0m, [33mCardContent[0m } [36mfrom[0m [32m'@/components/ui/card'[0m;
  [90m8 |[0m [36mimport[0m { [33mDialog[0m, [33mDialogContent[0m, [33mDialogHeader[0m, [33mDialogTitle[0m, [33mDialogTrigge.[0m..
  [90m9 |[0m [36mimport[0m { [33mLabel[0m } [36mfrom[0m [32m'@/components/ui/label'[0m;

Import map: aliased to relative './src/components/ui/input' inside of [project]/Music/app


Import traces:
  Client Component Browser:
    ./Music/app/app/admin/invoices/page.tsx [Client Component Browser]
    ./Music/app/app/admin/invoices/page.tsx [Server Component]

  Client Component SSR:
    ./Music/app/app/admin/invoices/page.tsx [Client Component SSR]
    ./Music/app/app/admin/invoices/page.tsx [Server Component]

https://nextjs.org/docs/messages/module-not-found


./Music/app/app/admin/layout.tsx:11:1
Module not found: Can't resolve '@/components/ui/input'
  [90m 9 |[0m   [33mShieldCheck[0m, [33mSettings[0m, [33mLogOut[0m, [33mMenu[0m, [33mX[0m, [33mHeart[0m, [33mBell[0m, [33mSearch[0m
  [90m10 |[0m } [36mfrom[0m [32m'lucide-react'[0m;
[31m[1m>[0m [90m11 |[0m [36mimport[0m { [33mInput[0m } [36mfrom[0m [32m'@/components/ui/input'[0m;
  [90m   |[0m [31m[1m^^^^^^^^^^^^^^^^^^^^^^^^^^^^^^^^^^^^^^^^^^^^^^[0m
  [90m12 |[0m [36mimport[0m { [33mAvatar[0m, [33mAvatarFallback[0m, [33mAvatarImage[0m } [36mfrom[0m [32m'@/components/ui/a...[0m
  [90m13 |[0m
  [90m14 |[0m [36mconst[0m sidebarSections = [

Import map: aliased to relative './src/components/ui/input' inside of [project]/Music/app


Import traces:
  Client Component Browser:
    ./Music/app/app/admin/layout.tsx [Client Component Browser]
    ./Music/app/app/admin/layout.tsx [Server Component]

  Client Component SSR:
    ./Music/app/app/admin/layout.tsx [Client Component SSR]
    ./Music/app/app/admin/layout.tsx [Server Component]

https://nextjs.org/docs/messages/module-not-found


./Music/app/app/admin/login/page.tsx:8:1
Module not found: Can't resolve '@/components/ui/input'
  [90m 6 |[0m [36mimport[0m { [33mHeart[0m, [33mEye[0m, [33mEyeOff[0m, [33mArrowRight[0m, [33mShield[0m } [36mfrom[0m [32m'lucide-react'[0m;
  [90m 7 |[0m [36mimport[0m { [33mButton[0m } [36mfrom[0m [32m'@/components/ui/button'[0m;
[31m[1m>[0m [90m 8 |[0m [36mimport[0m { [33mInput[0m } [36mfrom[0m [32m'@/components/ui/input'[0m;
  [90m   |[0m [31m[1m^^^^^^^^^^^^^^^^^^^^^^^^^^^^^^^^^^^^^^^^^^^^^^[0m
  [90m 9 |[0m [36mimport[0m { [33mLabel[0m } [36mfrom[0m [32m'@/components/ui/label'[0m;
  [90m10 |[0m [36mimport[0m { toast } [36mfrom[0m [32m'sonner'[0m;
  [90m11 |[0m

Import map: aliased to relative './src/components/ui/input' inside of [project]/Music/app


Import traces:
  Client Component Browser:
    ./Music/app/app/admin/login/page.tsx [Client Component Browser]
    ./Music/app/app/admin/login/page.tsx [Server Component]

  Client Component SSR:
    ./Music/app/app/admin/login/page.tsx [Client Component SSR]
    ./Music/app/app/admin/login/page.tsx [Server Component]

https://nextjs.org/docs/messages/module-not-found


./Music/app/app/admin/messages/page.tsx:6:1
Module not found: Can't resolve '@/components/ui/input'
  [90m4 |[0m [36mimport[0m { [33mSend[0m, [33mPaperclip[0m } [36mfrom[0m [32m'lucide-react'[0m;
  [90m5 |[0m [36mimport[0m { [33mButton[0m } [36mfrom[0m [32m'@/components/ui/button'[0m;
[31m[1m>[0m [90m6 |[0m [36mimport[0m { [33mInput[0m } [36mfrom[0m [32m'@/components/ui/input'[0m;
  [90m  |[0m [31m[1m^^^^^^^^^^^^^^^^^^^^^^^^^^^^^^^^^^^^^^^^^^^^^^[0m
  [90m7 |[0m [36mimport[0m { [33mCard[0m, [33mCardContent[0m, [33mCardHeader[0m } [36mfrom[0m [32m'@/components/ui/card'[0m;
  [90m8 |[0m [36mimport[0m { [33mAvatar[0m, [33mAvatarFallback[0m, [33mAvatarImage[0m } [36mfrom[0m [32m'@/components/ui/av...[0m
  [90m9 |[0m [36mimport[0m { [33mTabs[0m, [33mTabsContent[0m, [33mTabsList[0m, [33mTabsTrigger[0m } [36mfrom[0m [32m'@/components/...[0m

Import map: aliased to relative './src/components/ui/input' inside of [project]/Music/app


Import traces:
  Client Component Browser:
    ./Music/app/app/admin/messages/page.tsx [Client Component Browser]
    ./Music/app/app/admin/messages/page.tsx [Server Component]

  Client Component SSR:
    ./Music/app/app/admin/messages/page.tsx [Client Component SSR]
    ./Music/app/app/admin/messages/page.tsx [Server Component]

https://nextjs.org/docs/messages/module-not-found


./Music/app/app/admin/parents/page.tsx:6:1
Module not found: Can't resolve '@/components/ui/input'
  [90m4 |[0m [36mimport[0m { [33mBadge[0m } [36mfrom[0m [32m'@/components/ui/badge'[0m;
  [90m5 |[0m [36mimport[0m { [33mButton[0m } [36mfrom[0m [32m'@/components/ui/button'[0m;
[31m[1m>[0m [90m6 |[0m [36mimport[0m { [33mInput[0m } [36mfrom[0m [32m'@/components/ui/input'[0m;
  [90m  |[0m [31m[1m^^^^^^^^^^^^^^^^^^^^^^^^^^^^^^^^^^^^^^^^^^^^^^[0m
  [90m7 |[0m [36mimport[0m { [33mCard[0m, [33mCardContent[0m } [36mfrom[0m [32m'@/components/ui/card'[0m;
  [90m8 |[0m
  [90m9 |[0m [36mconst[0m parents = [

Import map: aliased to relative './src/components/ui/input' inside of [project]/Music/app


Import traces:
  Client Component Browser:
    ./Music/app/app/admin/parents/page.tsx [Client Component Browser]
    ./Music/app/app/admin/parents/page.tsx [Server Component]

  Client Component SSR:
    ./Music/app/app/admin/parents/page.tsx [Client Component SSR]
    ./Music/app/app/admin/parents/page.tsx [Server Component]

https://nextjs.org/docs/messages/module-not-found


./Music/app/app/admin/roles/page.tsx:7:1
Module not found: Can't resolve '@/components/ui/input'
  [90m 5 |[0m [36mimport[0m { [33mCard[0m, [33mCardContent[0m } [36mfrom[0m [32m'@/components/ui/card'[0m;
  [90m 6 |[0m [36mimport[0m { [33mDialog[0m, [33mDialogContent[0m, [33mDialogHeader[0m, [33mDialogTitle[0m, [33mDialogTrigg..[0m.
[31m[1m>[0m [90m 7 |[0m [36mimport[0m { [33mInput[0m } [36mfrom[0m [32m'@/components/ui/input'[0m;
  [90m   |[0m [31m[1m^^^^^^^^^^^^^^^^^^^^^^^^^^^^^^^^^^^^^^^^^^^^^^[0m
  [90m 8 |[0m [36mimport[0m { [33mLabel[0m } [36mfrom[0m [32m'@/components/ui/label'[0m;
  [90m 9 |[0m [36mimport[0m { [33mSwitch[0m } [36mfrom[0m [32m'@/components/ui/switch'[0m;
  [90m10 |[0m [36mimport[0m { toast } [36mfrom[0m [32m'sonner'[0m;

Import map: aliased to relative './src/components/ui/input' inside of [project]/Music/app


Import traces:
  Client Component Browser:
    ./Music/app/app/admin/roles/page.tsx [Client Component Browser]
    ./Music/app/app/admin/roles/page.tsx [Server Component]

  Client Component SSR:
    ./Music/app/app/admin/roles/page.tsx [Client Component SSR]
    ./Music/app/app/admin/roles/page.tsx [Server Component]

https://nextjs.org/docs/messages/module-not-found


./Music/app/app/admin/settings/page.tsx:7:1
Module not found: Can't resolve '@/components/ui/input'
  [90m 5 |[0m [36mimport[0m { [33mButton[0m } [36mfrom[0m [32m'@/components/ui/button'[0m;
  [90m 6 |[0m [36mimport[0m { [33mCard[0m, [33mCardContent[0m, [33mCardHeader[0m, [33mCardTitle[0m } [36mfrom[0m [32m'@/components...[0m
[31m[1m>[0m [90m 7 |[0m [36mimport[0m { [33mInput[0m } [36mfrom[0m [32m'@/components/ui/input'[0m;
  [90m   |[0m [31m[1m^^^^^^^^^^^^^^^^^^^^^^^^^^^^^^^^^^^^^^^^^^^^^^[0m
  [90m 8 |[0m [36mimport[0m { [33mLabel[0m } [36mfrom[0m [32m'@/components/ui/label'[0m;
  [90m 9 |[0m [36mimport[0m { [33mSwitch[0m } [36mfrom[0m [32m'@/components/ui/switch'[0m;
  [90m10 |[0m [36mimport[0m { toast } [36mfrom[0m [32m'sonner'[0m;

Import map: aliased to relative './src/components/ui/input' inside of [project]/Music/app


Import traces:
  Client Component Browser:
    ./Music/app/app/admin/settings/page.tsx [Client Component Browser]
    ./Music/app/app/admin/settings/page.tsx [Server Component]

  Client Component SSR:
    ./Music/app/app/admin/settings/page.tsx [Client Component SSR]
    ./Music/app/app/admin/settings/page.tsx [Server Component]

https://nextjs.org/docs/messages/module-not-found


./Music/app/app/admin/staff/page.tsx:7:1
Module not found: Can't resolve '@/components/ui/input'
  [90m 5 |[0m [36mimport[0m { [33mBadge[0m } [36mfrom[0m [32m'@/components/ui/badge'[0m;
  [90m 6 |[0m [36mimport[0m { [33mButton[0m } [36mfrom[0m [32m'@/components/ui/button'[0m;
[31m[1m>[0m [90m 7 |[0m [36mimport[0m { [33mInput[0m } [36mfrom[0m [32m'@/components/ui/input'[0m;
  [90m   |[0m [31m[1m^^^^^^^^^^^^^^^^^^^^^^^^^^^^^^^^^^^^^^^^^^^^^^[0m
  [90m 8 |[0m [36mimport[0m { [33mCard[0m, [33mCardContent[0m } [36mfrom[0m [32m'@/components/ui/card'[0m;
  [90m 9 |[0m [36mimport[0m { [33mAvatar[0m, [33mAvatarFallback[0m, [33mAvatarImage[0m } [36mfrom[0m [32m'@/components/ui/a...[0m
  [90m10 |[0m

Import map: aliased to relative './src/components/ui/input' inside of [project]/Music/app


Import traces:
  Client Component Browser:
    ./Music/app/app/admin/staff/page.tsx [Client Component Browser]
    ./Music/app/app/admin/staff/page.tsx [Server Component]

  Client Component SSR:
    ./Music/app/app/admin/staff/page.tsx [Client Component SSR]
    ./Music/app/app/admin/staff/page.tsx [Server Component]

https://nextjs.org/docs/messages/module-not-found


./Music/app/app/login/page.tsx:8:1
Module not found: Can't resolve '@/components/ui/input'
  [90m 6 |[0m [36mimport[0m { [33mHeart[0m, [33mEye[0m, [33mEyeOff[0m, [33mArrowRight[0m } [36mfrom[0m [32m'lucide-react'[0m;
  [90m 7 |[0m [36mimport[0m { [33mButton[0m } [36mfrom[0m [32m'@/components/ui/button'[0m;
[31m[1m>[0m [90m 8 |[0m [36mimport[0m { [33mInput[0m } [36mfrom[0m [32m'@/components/ui/input'[0m;
  [90m   |[0m [31m[1m^^^^^^^^^^^^^^^^^^^^^^^^^^^^^^^^^^^^^^^^^^^^^^[0m
  [90m 9 |[0m [36mimport[0m { [33mLabel[0m } [36mfrom[0m [32m'@/components/ui/label'[0m;
  [90m10 |[0m [36mimport[0m { [33mCheckbox[0m } [36mfrom[0m [32m'@/components/ui/checkbox'[0m;
  [90m11 |[0m [36mimport[0m { toast } [36mfrom[0m [32m'sonner'[0m;

Import map: aliased to relative './src/components/ui/input' inside of [project]/Music/app


Import traces:
  Client Component Browser:
    ./Music/app/app/login/page.tsx [Client Component Browser]
    ./Music/app/app/login/page.tsx [Server Component]

  Client Component SSR:
    ./Music/app/app/login/page.tsx [Client Component SSR]
    ./Music/app/app/login/page.tsx [Server Component]

https://nextjs.org/docs/messages/module-not-found


./Music/app/app/parent/messages/page.tsx:7:1
Module not found: Can't resolve '@/components/ui/input'
  [90m 5 |[0m [36mimport[0m { [33mBadge[0m } [36mfrom[0m [32m'@/components/ui/badge'[0m;
  [90m 6 |[0m [36mimport[0m { [33mButton[0m } [36mfrom[0m [32m'@/components/ui/button'[0m;
[31m[1m>[0m [90m 7 |[0m [36mimport[0m { [33mInput[0m } [36mfrom[0m [32m'@/components/ui/input'[0m;
  [90m   |[0m [31m[1m^^^^^^^^^^^^^^^^^^^^^^^^^^^^^^^^^^^^^^^^^^^^^^[0m
  [90m 8 |[0m [36mimport[0m { [33mAvatar[0m, [33mAvatarFallback[0m, [33mAvatarImage[0m } [36mfrom[0m [32m'@/components/ui/a...[0m
  [90m 9 |[0m [36mimport[0m { [33mTabs[0m, [33mTabsContent[0m, [33mTabsList[0m, [33mTabsTrigger[0m } [36mfrom[0m [32m'@/components...[0m
  [90m10 |[0m [36mimport[0m { toast } [36mfrom[0m [32m'sonner'[0m;

Import map: aliased to relative './src/components/ui/input' inside of [project]/Music/app


Import traces:
  Client Component Browser:
    ./Music/app/app/parent/messages/page.tsx [Client Component Browser]
    ./Music/app/app/parent/messages/page.tsx [Server Component]

  Client Component SSR:
    ./Music/app/app/parent/messages/page.tsx [Client Component SSR]
    ./Music/app/app/parent/messages/page.tsx [Server Component]

https://nextjs.org/docs/messages/module-not-found


./Music/app/app/parent/payments/pay/page.tsx:7:1
Module not found: Can't resolve '@/components/ui/input'
  [90m 5 |[0m [36mimport[0m { [33mButton[0m } [36mfrom[0m [32m'@/components/ui/button'[0m;
  [90m 6 |[0m [36mimport[0m { [33mCard[0m, [33mCardContent[0m, [33mCardHeader[0m, [33mCardTitle[0m } [36mfrom[0m [32m'@/components...[0m
[31m[1m>[0m [90m 7 |[0m [36mimport[0m { [33mInput[0m } [36mfrom[0m [32m'@/components/ui/input'[0m;
  [90m   |[0m [31m[1m^^^^^^^^^^^^^^^^^^^^^^^^^^^^^^^^^^^^^^^^^^^^^^[0m
  [90m 8 |[0m [36mimport[0m { [33mLabel[0m } [36mfrom[0m [32m'@/components/ui/label'[0m;
  [90m 9 |[0m [36mimport[0m { toast } [36mfrom[0m [32m'sonner'[0m;
  [90m10 |[0m

Import map: aliased to relative './src/components/ui/input' inside of [project]/Music/app


Import traces:
  Client Component Browser:
    ./Music/app/app/parent/payments/pay/page.tsx [Client Component Browser]
    ./Music/app/app/parent/payments/pay/page.tsx [Server Component]

  Client Component SSR:
    ./Music/app/app/parent/payments/pay/page.tsx [Client Component SSR]
    ./Music/app/app/parent/payments/pay/page.tsx [Server Component]

https://nextjs.org/docs/messages/module-not-found


./Music/app/app/parent/resources/page.tsx:8:1
Module not found: Can't resolve '@/components/ui/input'
  [90m 6 |[0m [36mimport[0m { [33mButton[0m } [36mfrom[0m [32m'@/components/ui/button'[0m;
  [90m 7 |[0m [36mimport[0m { [33mCard[0m, [33mCardContent[0m } [36mfrom[0m [32m'@/components/ui/card'[0m;
[31m[1m>[0m [90m 8 |[0m [36mimport[0m { [33mInput[0m } [36mfrom[0m [32m'@/components/ui/input'[0m;
  [90m   |[0m [31m[1m^^^^^^^^^^^^^^^^^^^^^^^^^^^^^^^^^^^^^^^^^^^^^^[0m
  [90m 9 |[0m
  [90m10 |[0m [36mconst[0m resources = [
  [90m11 |[0m   { name: [32m'Enrollment Form 2024.pdf'[0m, category: [32m'Forms'[0m, size: [32m'245 KB.[0m..

Import map: aliased to relative './src/components/ui/input' inside of [project]/Music/app


Import traces:
  Client Component Browser:
    ./Music/app/app/parent/resources/page.tsx [Client Component Browser]
    ./Music/app/app/parent/resources/page.tsx [Server Component]

  Client Component SSR:
    ./Music/app/app/parent/resources/page.tsx [Client Component SSR]
    ./Music/app/app/parent/resources/page.tsx [Server Component]

https://nextjs.org/docs/messages/module-not-found


./Music/app/app/parent/settings/page.tsx:7:1
Module not found: Can't resolve '@/components/ui/input'
  [90m 5 |[0m [36mimport[0m { [33mButton[0m } [36mfrom[0m [32m'@/components/ui/button'[0m;
  [90m 6 |[0m [36mimport[0m { [33mCard[0m, [33mCardContent[0m, [33mCardHeader[0m, [33mCardTitle[0m } [36mfrom[0m [32m'@/components...[0m
[31m[1m>[0m [90m 7 |[0m [36mimport[0m { [33mInput[0m } [36mfrom[0m [32m'@/components/ui/input'[0m;
  [90m   |[0m [31m[1m^^^^^^^^^^^^^^^^^^^^^^^^^^^^^^^^^^^^^^^^^^^^^^[0m
  [90m 8 |[0m [36mimport[0m { [33mLabel[0m } [36mfrom[0m [32m'@/components/ui/label'[0m;
  [90m 9 |[0m [36mimport[0m { [33mSwitch[0m } [36mfrom[0m [32m'@/components/ui/switch'[0m;
  [90m10 |[0m [36mimport[0m { [33mTabs[0m, [33mTabsContent[0m, [33mTabsList[0m, [33mTabsTrigger[0m } [36mfrom[0m [32m'@/components...[0m

Import map: aliased to relative './src/components/ui/input' inside of [project]/Music/app


Import traces:
  Client Component Browser:
    ./Music/app/app/parent/settings/page.tsx [Client Component Browser]
    ./Music/app/app/parent/settings/page.tsx [Server Component]

  Client Component SSR:
    ./Music/app/app/parent/settings/page.tsx [Client Component SSR]
    ./Music/app/app/parent/settings/page.tsx [Server Component]

https://nextjs.org/docs/messages/module-not-found


./Music/app/app/parent/support/page.tsx:8:1
Module not found: Can't resolve '@/components/ui/input'
  [90m 6 |[0m [36mimport[0m { [33mButton[0m } [36mfrom[0m [32m'@/components/ui/button'[0m;
  [90m 7 |[0m [36mimport[0m { [33mCard[0m, [33mCardContent[0m, [33mCardHeader[0m, [33mCardTitle[0m } [36mfrom[0m [32m'@/components...[0m
[31m[1m>[0m [90m 8 |[0m [36mimport[0m { [33mInput[0m } [36mfrom[0m [32m'@/components/ui/input'[0m;
  [90m   |[0m [31m[1m^^^^^^^^^^^^^^^^^^^^^^^^^^^^^^^^^^^^^^^^^^^^^^[0m
  [90m 9 |[0m [36mimport[0m { [33mTextarea[0m } [36mfrom[0m [32m'@/components/ui/textarea'[0m;
  [90m10 |[0m [36mimport[0m { [33mLabel[0m } [36mfrom[0m [32m'@/components/ui/label'[0m;
  [90m11 |[0m [36mimport[0m { [33mDialog[0m, [33mDialogContent[0m, [33mDialogHeader[0m, [33mDialogTitle[0m, [33mDialogTrigg..[0m.

Import map: aliased to relative './src/components/ui/input' inside of [project]/Music/app


Import traces:
  Client Component Browser:
    ./Music/app/app/parent/support/page.tsx [Client Component Browser]
    ./Music/app/app/parent/support/page.tsx [Server Component]

  Client Component SSR:
    ./Music/app/app/parent/support/page.tsx [Client Component SSR]
    ./Music/app/app/parent/support/page.tsx [Server Component]

https://nextjs.org/docs/messages/module-not-found


./Music/app/app/register/page.tsx:8:1
Module not found: Can't resolve '@/components/ui/input'
  [90m 6 |[0m [36mimport[0m { [33mHeart[0m, [33mArrowRight[0m, [33mArrowLeft[0m, [33mCheckCircle[0m } [36mfrom[0m [32m'lucide-react'[0m;
  [90m 7 |[0m [36mimport[0m { [33mButton[0m } [36mfrom[0m [32m'@/components/ui/button'[0m;
[31m[1m>[0m [90m 8 |[0m [36mimport[0m { [33mInput[0m } [36mfrom[0m [32m'@/components/ui/input'[0m;
  [90m   |[0m [31m[1m^^^^^^^^^^^^^^^^^^^^^^^^^^^^^^^^^^^^^^^^^^^^^^[0m
  [90m 9 |[0m [36mimport[0m { [33mLabel[0m } [36mfrom[0m [32m'@/components/ui/label'[0m;
  [90m10 |[0m [36mimport[0m { [33mCheckbox[0m } [36mfrom[0m [32m'@/components/ui/checkbox'[0m;
  [90m11 |[0m [36mimport[0m { toast } [36mfrom[0m [32m'sonner'[0m;

Import map: aliased to relative './src/components/ui/input' inside of [project]/Music/app


Import traces:
  Client Component Browser:
    ./Music/app/app/register/page.tsx [Client Component Browser]
    ./Music/app/app/register/page.tsx [Server Component]

  Client Component SSR:
    ./Music/app/app/register/page.tsx [Client Component SSR]
    ./Music/app/app/register/page.tsx [Server Component]

https://nextjs.org/docs/messages/module-not-found


./Music/app/app/signup/page.tsx:8:1
Module not found: Can't resolve '@/components/ui/input'
  [90m 6 |[0m [36mimport[0m { [33mHeart[0m, [33mEye[0m, [33mEyeOff[0m, [33mArrowRight[0m } [36mfrom[0m [32m'lucide-react'[0m;
  [90m 7 |[0m [36mimport[0m { [33mButton[0m } [36mfrom[0m [32m'@/components/ui/button'[0m;
[31m[1m>[0m [90m 8 |[0m [36mimport[0m { [33mInput[0m } [36mfrom[0m [32m'@/components/ui/input'[0m;
  [90m   |[0m [31m[1m^^^^^^^^^^^^^^^^^^^^^^^^^^^^^^^^^^^^^^^^^^^^^^[0m
  [90m 9 |[0m [36mimport[0m { [33mLabel[0m } [36mfrom[0m [32m'@/components/ui/label'[0m;
  [90m10 |[0m [36mimport[0m { [33mCheckbox[0m } [36mfrom[0m [32m'@/components/ui/checkbox'[0m;
  [90m11 |[0m [36mimport[0m { toast } [36mfrom[0m [32m'sonner'[0m;

Import map: aliased to relative './src/components/ui/input' inside of [project]/Music/app


Import traces:
  Client Component Browser:
    ./Music/app/app/signup/page.tsx [Client Component Browser]
    ./Music/app/app/signup/page.tsx [Server Component]

  Client Component SSR:
    ./Music/app/app/signup/page.tsx [Client Component SSR]
    ./Music/app/app/signup/page.tsx [Server Component]

https://nextjs.org/docs/messages/module-not-found


./Music/app/app/(public)/contact/page.tsx:9:1
Module not found: Can't resolve '@/components/ui/label'
  [90m 7 |[0m [36mimport[0m { [33mInput[0m } [36mfrom[0m [32m'@/components/ui/input'[0m;
  [90m 8 |[0m [36mimport[0m { [33mTextarea[0m } [36mfrom[0m [32m'@/components/ui/textarea'[0m;
[31m[1m>[0m [90m 9 |[0m [36mimport[0m { [33mLabel[0m } [36mfrom[0m [32m'@/components/ui/label'[0m;
  [90m   |[0m [31m[1m^^^^^^^^^^^^^^^^^^^^^^^^^^^^^^^^^^^^^^^^^^^^^^[0m
  [90m10 |[0m [36mimport[0m { toast } [36mfrom[0m [32m'sonner'[0m;
  [90m11 |[0m
  [90m12 |[0m [36mexport[0m [36mdefault[0m [36mfunction[0m [33mContact[0m() {

Import map: aliased to relative './src/components/ui/label' inside of [project]/Music/app


Import traces:
  Client Component Browser:
    ./Music/app/app/(public)/contact/page.tsx [Client Component Browser]
    ./Music/app/app/(public)/contact/page.tsx [Server Component]

  Client Component SSR:
    ./Music/app/app/(public)/contact/page.tsx [Client Component SSR]
    ./Music/app/app/(public)/contact/page.tsx [Server Component]

https://nextjs.org/docs/messages/module-not-found


./Music/app/app/admin/announcements/page.tsx:10:1
Module not found: Can't resolve '@/components/ui/label'
  [90m 8 |[0m [36mimport[0m { [33mDialog[0m, [33mDialogContent[0m, [33mDialogHeader[0m, [33mDialogTitle[0m, [33mDialogTrigg..[0m.
  [90m 9 |[0m [36mimport[0m { [33mInput[0m } [36mfrom[0m [32m'@/components/ui/input'[0m;
[31m[1m>[0m [90m10 |[0m [36mimport[0m { [33mLabel[0m } [36mfrom[0m [32m'@/components/ui/label'[0m;
  [90m   |[0m [31m[1m^^^^^^^^^^^^^^^^^^^^^^^^^^^^^^^^^^^^^^^^^^^^^^[0m
  [90m11 |[0m [36mimport[0m { [33mTextarea[0m } [36mfrom[0m [32m'@/components/ui/textarea'[0m;
  [90m12 |[0m [36mimport[0m { toast } [36mfrom[0m [32m'sonner'[0m;
  [90m13 |[0m

Import map: aliased to relative './src/components/ui/label' inside of [project]/Music/app


Import traces:
  Client Component Browser:
    ./Music/app/app/admin/announcements/page.tsx [Client Component Browser]
    ./Music/app/app/admin/announcements/page.tsx [Server Component]

  Client Component SSR:
    ./Music/app/app/admin/announcements/page.tsx [Client Component SSR]
    ./Music/app/app/admin/announcements/page.tsx [Server Component]

https://nextjs.org/docs/messages/module-not-found


./Music/app/app/admin/events/page.tsx:10:1
Module not found: Can't resolve '@/components/ui/label'
  [90m 8 |[0m [36mimport[0m { [33mCard[0m, [33mCardContent[0m } [36mfrom[0m [32m'@/components/ui/card'[0m;
  [90m 9 |[0m [36mimport[0m { [33mDialog[0m, [33mDialogContent[0m, [33mDialogHeader[0m, [33mDialogTitle[0m, [33mDialogTrigg..[0m.
[31m[1m>[0m [90m10 |[0m [36mimport[0m { [33mLabel[0m } [36mfrom[0m [32m'@/components/ui/label'[0m;
  [90m   |[0m [31m[1m^^^^^^^^^^^^^^^^^^^^^^^^^^^^^^^^^^^^^^^^^^^^^^[0m
  [90m11 |[0m [36mimport[0m { [33mTextarea[0m } [36mfrom[0m [32m'@/components/ui/textarea'[0m;
  [90m12 |[0m [36mimport[0m { toast } [36mfrom[0m [32m'sonner'[0m;
  [90m13 |[0m

Import map: aliased to relative './src/components/ui/label' inside of [project]/Music/app


Import traces:
  Client Component Browser:
    ./Music/app/app/admin/events/page.tsx [Client Component Browser]
    ./Music/app/app/admin/events/page.tsx [Server Component]

  Client Component SSR:
    ./Music/app/app/admin/events/page.tsx [Client Component SSR]
    ./Music/app/app/admin/events/page.tsx [Server Component]

https://nextjs.org/docs/messages/module-not-found


./Music/app/app/admin/invoices/page.tsx:9:1
Module not found: Can't resolve '@/components/ui/label'
  [90m 7 |[0m [36mimport[0m { [33mCard[0m, [33mCardContent[0m } [36mfrom[0m [32m'@/components/ui/card'[0m;
  [90m 8 |[0m [36mimport[0m { [33mDialog[0m, [33mDialogContent[0m, [33mDialogHeader[0m, [33mDialogTitle[0m, [33mDialogTrigg..[0m.
[31m[1m>[0m [90m 9 |[0m [36mimport[0m { [33mLabel[0m } [36mfrom[0m [32m'@/components/ui/label'[0m;
  [90m   |[0m [31m[1m^^^^^^^^^^^^^^^^^^^^^^^^^^^^^^^^^^^^^^^^^^^^^^[0m
  [90m10 |[0m [36mimport[0m { toast } [36mfrom[0m [32m'sonner'[0m;
  [90m11 |[0m
  [90m12 |[0m [36mconst[0m invoices = [

Import map: aliased to relative './src/components/ui/label' inside of [project]/Music/app


Import traces:
  Client Component Browser:
    ./Music/app/app/admin/invoices/page.tsx [Client Component Browser]
    ./Music/app/app/admin/invoices/page.tsx [Server Component]

  Client Component SSR:
    ./Music/app/app/admin/invoices/page.tsx [Client Component SSR]
    ./Music/app/app/admin/invoices/page.tsx [Server Component]

https://nextjs.org/docs/messages/module-not-found


./Music/app/app/admin/login/page.tsx:9:1
Module not found: Can't resolve '@/components/ui/label'
  [90m 7 |[0m [36mimport[0m { [33mButton[0m } [36mfrom[0m [32m'@/components/ui/button'[0m;
  [90m 8 |[0m [36mimport[0m { [33mInput[0m } [36mfrom[0m [32m'@/components/ui/input'[0m;
[31m[1m>[0m [90m 9 |[0m [36mimport[0m { [33mLabel[0m } [36mfrom[0m [32m'@/components/ui/label'[0m;
  [90m   |[0m [31m[1m^^^^^^^^^^^^^^^^^^^^^^^^^^^^^^^^^^^^^^^^^^^^^^[0m
  [90m10 |[0m [36mimport[0m { toast } [36mfrom[0m [32m'sonner'[0m;
  [90m11 |[0m
  [90m12 |[0m [36mexport[0m [36mdefault[0m [36mfunction[0m [33mAdminLogin[0m() {

Import map: aliased to relative './src/components/ui/label' inside of [project]/Music/app


Import traces:
  Client Component Browser:
    ./Music/app/app/admin/login/page.tsx [Client Component Browser]
    ./Music/app/app/admin/login/page.tsx [Server Component]

  Client Component SSR:
    ./Music/app/app/admin/login/page.tsx [Client Component SSR]
    ./Music/app/app/admin/login/page.tsx [Server Component]

https://nextjs.org/docs/messages/module-not-found


./Music/app/app/admin/roles/page.tsx:8:1
Module not found: Can't resolve '@/components/ui/label'
  [90m 6 |[0m [36mimport[0m { [33mDialog[0m, [33mDialogContent[0m, [33mDialogHeader[0m, [33mDialogTitle[0m, [33mDialogTrigg..[0m.
  [90m 7 |[0m [36mimport[0m { [33mInput[0m } [36mfrom[0m [32m'@/components/ui/input'[0m;
[31m[1m>[0m [90m 8 |[0m [36mimport[0m { [33mLabel[0m } [36mfrom[0m [32m'@/components/ui/label'[0m;
  [90m   |[0m [31m[1m^^^^^^^^^^^^^^^^^^^^^^^^^^^^^^^^^^^^^^^^^^^^^^[0m
  [90m 9 |[0m [36mimport[0m { [33mSwitch[0m } [36mfrom[0m [32m'@/components/ui/switch'[0m;
  [90m10 |[0m [36mimport[0m { toast } [36mfrom[0m [32m'sonner'[0m;
  [90m11 |[0m

Import map: aliased to relative './src/components/ui/label' inside of [project]/Music/app


Import traces:
  Client Component Browser:
    ./Music/app/app/admin/roles/page.tsx [Client Component Browser]
    ./Music/app/app/admin/roles/page.tsx [Server Component]

  Client Component SSR:
    ./Music/app/app/admin/roles/page.tsx [Client Component SSR]
    ./Music/app/app/admin/roles/page.tsx [Server Component]

https://nextjs.org/docs/messages/module-not-found


./Music/app/app/admin/settings/page.tsx:8:1
Module not found: Can't resolve '@/components/ui/label'
  [90m 6 |[0m [36mimport[0m { [33mCard[0m, [33mCardContent[0m, [33mCardHeader[0m, [33mCardTitle[0m } [36mfrom[0m [32m'@/components...[0m
  [90m 7 |[0m [36mimport[0m { [33mInput[0m } [36mfrom[0m [32m'@/components/ui/input'[0m;
[31m[1m>[0m [90m 8 |[0m [36mimport[0m { [33mLabel[0m } [36mfrom[0m [32m'@/components/ui/label'[0m;
  [90m   |[0m [31m[1m^^^^^^^^^^^^^^^^^^^^^^^^^^^^^^^^^^^^^^^^^^^^^^[0m
  [90m 9 |[0m [36mimport[0m { [33mSwitch[0m } [36mfrom[0m [32m'@/components/ui/switch'[0m;
  [90m10 |[0m [36mimport[0m { toast } [36mfrom[0m [32m'sonner'[0m;
  [90m11 |[0m

Import map: aliased to relative './src/components/ui/label' inside of [project]/Music/app


Import traces:
  Client Component Browser:
    ./Music/app/app/admin/settings/page.tsx [Client Component Browser]
    ./Music/app/app/admin/settings/page.tsx [Server Component]

  Client Component SSR:
    ./Music/app/app/admin/settings/page.tsx [Client Component SSR]
    ./Music/app/app/admin/settings/page.tsx [Server Component]

https://nextjs.org/docs/messages/module-not-found


./Music/app/app/login/page.tsx:9:1
Module not found: Can't resolve '@/components/ui/label'
  [90m 7 |[0m [36mimport[0m { [33mButton[0m } [36mfrom[0m [32m'@/components/ui/button'[0m;
  [90m 8 |[0m [36mimport[0m { [33mInput[0m } [36mfrom[0m [32m'@/components/ui/input'[0m;
[31m[1m>[0m [90m 9 |[0m [36mimport[0m { [33mLabel[0m } [36mfrom[0m [32m'@/components/ui/label'[0m;
  [90m   |[0m [31m[1m^^^^^^^^^^^^^^^^^^^^^^^^^^^^^^^^^^^^^^^^^^^^^^[0m
  [90m10 |[0m [36mimport[0m { [33mCheckbox[0m } [36mfrom[0m [32m'@/components/ui/checkbox'[0m;
  [90m11 |[0m [36mimport[0m { toast } [36mfrom[0m [32m'sonner'[0m;
  [90m12 |[0m

Import map: aliased to relative './src/components/ui/label' inside of [project]/Music/app


Import traces:
  Client Component Browser:
    ./Music/app/app/login/page.tsx [Client Component Browser]
    ./Music/app/app/login/page.tsx [Server Component]

  Client Component SSR:
    ./Music/app/app/login/page.tsx [Client Component SSR]
    ./Music/app/app/login/page.tsx [Server Component]

https://nextjs.org/docs/messages/module-not-found


./Music/app/app/parent/payments/pay/page.tsx:8:1
Module not found: Can't resolve '@/components/ui/label'
  [90m 6 |[0m [36mimport[0m { [33mCard[0m, [33mCardContent[0m, [33mCardHeader[0m, [33mCardTitle[0m } [36mfrom[0m [32m'@/components...[0m
  [90m 7 |[0m [36mimport[0m { [33mInput[0m } [36mfrom[0m [32m'@/components/ui/input'[0m;
[31m[1m>[0m [90m 8 |[0m [36mimport[0m { [33mLabel[0m } [36mfrom[0m [32m'@/components/ui/label'[0m;
  [90m   |[0m [31m[1m^^^^^^^^^^^^^^^^^^^^^^^^^^^^^^^^^^^^^^^^^^^^^^[0m
  [90m 9 |[0m [36mimport[0m { toast } [36mfrom[0m [32m'sonner'[0m;
  [90m10 |[0m
  [90m11 |[0m [36mexport[0m [36mdefault[0m [36mfunction[0m [33mMakePayment[0m() {

Import map: aliased to relative './src/components/ui/label' inside of [project]/Music/app


Import traces:
  Client Component Browser:
    ./Music/app/app/parent/payments/pay/page.tsx [Client Component Browser]
    ./Music/app/app/parent/payments/pay/page.tsx [Server Component]

  Client Component SSR:
    ./Music/app/app/parent/payments/pay/page.tsx [Client Component SSR]
    ./Music/app/app/parent/payments/pay/page.tsx [Server Component]

https://nextjs.org/docs/messages/module-not-found


./Music/app/app/parent/settings/page.tsx:8:1
Module not found: Can't resolve '@/components/ui/label'
  [90m 6 |[0m [36mimport[0m { [33mCard[0m, [33mCardContent[0m, [33mCardHeader[0m, [33mCardTitle[0m } [36mfrom[0m [32m'@/components...[0m
  [90m 7 |[0m [36mimport[0m { [33mInput[0m } [36mfrom[0m [32m'@/components/ui/input'[0m;
[31m[1m>[0m [90m 8 |[0m [36mimport[0m { [33mLabel[0m } [36mfrom[0m [32m'@/components/ui/label'[0m;
  [90m   |[0m [31m[1m^^^^^^^^^^^^^^^^^^^^^^^^^^^^^^^^^^^^^^^^^^^^^^[0m
  [90m 9 |[0m [36mimport[0m { [33mSwitch[0m } [36mfrom[0m [32m'@/components/ui/switch'[0m;
  [90m10 |[0m [36mimport[0m { [33mTabs[0m, [33mTabsContent[0m, [33mTabsList[0m, [33mTabsTrigger[0m } [36mfrom[0m [32m'@/components...[0m
  [90m11 |[0m [36mimport[0m { [33mAvatar[0m, [33mAvatarFallback[0m, [33mAvatarImage[0m } [36mfrom[0m [32m'@/components/ui/a...[0m

Import map: aliased to relative './src/components/ui/label' inside of [project]/Music/app


Import traces:
  Client Component Browser:
    ./Music/app/app/parent/settings/page.tsx [Client Component Browser]
    ./Music/app/app/parent/settings/page.tsx [Server Component]

  Client Component SSR:
    ./Music/app/app/parent/settings/page.tsx [Client Component SSR]
    ./Music/app/app/parent/settings/page.tsx [Server Component]

https://nextjs.org/docs/messages/module-not-found


./Music/app/app/parent/support/page.tsx:10:1
Module not found: Can't resolve '@/components/ui/label'
  [90m 8 |[0m [36mimport[0m { [33mInput[0m } [36mfrom[0m [32m'@/components/ui/input'[0m;
  [90m 9 |[0m [36mimport[0m { [33mTextarea[0m } [36mfrom[0m [32m'@/components/ui/textarea'[0m;
[31m[1m>[0m [90m10 |[0m [36mimport[0m { [33mLabel[0m } [36mfrom[0m [32m'@/components/ui/label'[0m;
  [90m   |[0m [31m[1m^^^^^^^^^^^^^^^^^^^^^^^^^^^^^^^^^^^^^^^^^^^^^^[0m
  [90m11 |[0m [36mimport[0m { [33mDialog[0m, [33mDialogContent[0m, [33mDialogHeader[0m, [33mDialogTitle[0m, [33mDialogTrigg..[0m.
  [90m12 |[0m [36mimport[0m { toast } [36mfrom[0m [32m'sonner'[0m;
  [90m13 |[0m

Import map: aliased to relative './src/components/ui/label' inside of [project]/Music/app


Import traces:
  Client Component Browser:
    ./Music/app/app/parent/support/page.tsx [Client Component Browser]
    ./Music/app/app/parent/support/page.tsx [Server Component]

  Client Component SSR:
    ./Music/app/app/parent/support/page.tsx [Client Component SSR]
    ./Music/app/app/parent/support/page.tsx [Server Component]

https://nextjs.org/docs/messages/module-not-found


./Music/app/app/register/page.tsx:9:1
Module not found: Can't resolve '@/components/ui/label'
  [90m 7 |[0m [36mimport[0m { [33mButton[0m } [36mfrom[0m [32m'@/components/ui/button'[0m;
  [90m 8 |[0m [36mimport[0m { [33mInput[0m } [36mfrom[0m [32m'@/components/ui/input'[0m;
[31m[1m>[0m [90m 9 |[0m [36mimport[0m { [33mLabel[0m } [36mfrom[0m [32m'@/components/ui/label'[0m;
  [90m   |[0m [31m[1m^^^^^^^^^^^^^^^^^^^^^^^^^^^^^^^^^^^^^^^^^^^^^^[0m
  [90m10 |[0m [36mimport[0m { [33mCheckbox[0m } [36mfrom[0m [32m'@/components/ui/checkbox'[0m;
  [90m11 |[0m [36mimport[0m { toast } [36mfrom[0m [32m'sonner'[0m;
  [90m12 |[0m

Import map: aliased to relative './src/components/ui/label' inside of [project]/Music/app


Import traces:
  Client Component Browser:
    ./Music/app/app/register/page.tsx [Client Component Browser]
    ./Music/app/app/register/page.tsx [Server Component]

  Client Component SSR:
    ./Music/app/app/register/page.tsx [Client Component SSR]
    ./Music/app/app/register/page.tsx [Server Component]

https://nextjs.org/docs/messages/module-not-found


./Music/app/app/signup/page.tsx:9:1
Module not found: Can't resolve '@/components/ui/label'
  [90m 7 |[0m [36mimport[0m { [33mButton[0m } [36mfrom[0m [32m'@/components/ui/button'[0m;
  [90m 8 |[0m [36mimport[0m { [33mInput[0m } [36mfrom[0m [32m'@/components/ui/input'[0m;
[31m[1m>[0m [90m 9 |[0m [36mimport[0m { [33mLabel[0m } [36mfrom[0m [32m'@/components/ui/label'[0m;
  [90m   |[0m [31m[1m^^^^^^^^^^^^^^^^^^^^^^^^^^^^^^^^^^^^^^^^^^^^^^[0m
  [90m10 |[0m [36mimport[0m { [33mCheckbox[0m } [36mfrom[0m [32m'@/components/ui/checkbox'[0m;
  [90m11 |[0m [36mimport[0m { toast } [36mfrom[0m [32m'sonner'[0m;
  [90m12 |[0m

Import map: aliased to relative './src/components/ui/label' inside of [project]/Music/app


Import traces:
  Client Component Browser:
    ./Music/app/app/signup/page.tsx [Client Component Browser]
    ./Music/app/app/signup/page.tsx [Server Component]

  Client Component SSR:
    ./Music/app/app/signup/page.tsx [Client Component SSR]
    ./Music/app/app/signup/page.tsx [Server Component]

https://nextjs.org/docs/messages/module-not-found


./Music/app/app/admin/attendance/page.tsx:9:1
Module not found: Can't resolve '@/components/ui/select'
  [90m 7 |[0m ...[36mrom[0m [32m'@/components/ui/input'[0m;
  [90m 8 |[0m ...[33mdContent[0m } [36mfrom[0m [32m'@/components/ui/card'[0m;
[31m[1m>[0m [90m 9 |[0m ...[33melectContent[0m, [33mSelectItem[0m, [33mSelectTrigger[0m, [33mSelectValue[0m } [36mfrom[0m [32m'@/comp...[0m
  [90m   |[0m    [31m[1m^^^^^^^^^^^^^^^^^^^^^^^^^^^^^^^^^^^^^^^^^^^^^^^^^^^^^^^^^^^^^^^^^^^^^^[0m
  [90m10 |[0m ...[36mrom[0m [32m'sonner'[0m;
  [90m11 |[0m ...
  [90m12 |[0m ...

Import map: aliased to relative './src/components/ui/select' inside of [project]/Music/app


Import traces:
  Client Component Browser:
    ./Music/app/app/admin/attendance/page.tsx [Client Component Browser]
    ./Music/app/app/admin/attendance/page.tsx [Server Component]

  Client Component SSR:
    ./Music/app/app/admin/attendance/page.tsx [Client Component SSR]
    ./Music/app/app/admin/attendance/page.tsx [Server Component]

https://nextjs.org/docs/messages/module-not-found


./Music/app/app/layout.tsx:4:1
Module not found: Can't resolve '@/components/ui/sonner'
  [90m2 |[0m [36mimport[0m { [33mInter[0m } [36mfrom[0m [32m"next/font/google"[0m;
  [90m3 |[0m [36mimport[0m [32m"@/src/index.css"[0m;
[31m[1m>[0m [90m4 |[0m [36mimport[0m { [33mToaster[0m } [36mfrom[0m [32m"@/components/ui/sonner"[0m;
  [90m  |[0m [31m[1m^^^^^^^^^^^^^^^^^^^^^^^^^^^^^^^^^^^^^^^^^^^^^^^^^[0m
  [90m5 |[0m
  [90m6 |[0m [36mconst[0m inter = [33mInter[0m({ subsets: [[32m"latin"[0m] });
  [90m7 |[0m

Import map: aliased to relative './src/components/ui/sonner' inside of [project]/Music/app


https://nextjs.org/docs/messages/module-not-found


./Music/app/app/admin/roles/page.tsx:9:1
Module not found: Can't resolve '@/components/ui/switch'
  [90m 7 |[0m [36mimport[0m { [33mInput[0m } [36mfrom[0m [32m'@/components/ui/input'[0m;
  [90m 8 |[0m [36mimport[0m { [33mLabel[0m } [36mfrom[0m [32m'@/components/ui/label'[0m;
[31m[1m>[0m [90m 9 |[0m [36mimport[0m { [33mSwitch[0m } [36mfrom[0m [32m'@/components/ui/switch'[0m;
  [90m   |[0m [31m[1m^^^^^^^^^^^^^^^^^^^^^^^^^^^^^^^^^^^^^^^^^^^^^^^^[0m
  [90m10 |[0m [36mimport[0m { toast } [36mfrom[0m [32m'sonner'[0m;
  [90m11 |[0m
  [90m12 |[0m [36mconst[0m roles = [

Import map: aliased to relative './src/components/ui/switch' inside of [project]/Music/app


Import traces:
  Client Component Browser:
    ./Music/app/app/admin/roles/page.tsx [Client Component Browser]
    ./Music/app/app/admin/roles/page.tsx [Server Component]

  Client Component SSR:
    ./Music/app/app/admin/roles/page.tsx [Client Component SSR]
    ./Music/app/app/admin/roles/page.tsx [Server Component]

https://nextjs.org/docs/messages/module-not-found


./Music/app/app/admin/settings/page.tsx:9:1
Module not found: Can't resolve '@/components/ui/switch'
  [90m 7 |[0m [36mimport[0m { [33mInput[0m } [36mfrom[0m [32m'@/components/ui/input'[0m;
  [90m 8 |[0m [36mimport[0m { [33mLabel[0m } [36mfrom[0m [32m'@/components/ui/label'[0m;
[31m[1m>[0m [90m 9 |[0m [36mimport[0m { [33mSwitch[0m } [36mfrom[0m [32m'@/components/ui/switch'[0m;
  [90m   |[0m [31m[1m^^^^^^^^^^^^^^^^^^^^^^^^^^^^^^^^^^^^^^^^^^^^^^^^[0m
  [90m10 |[0m [36mimport[0m { toast } [36mfrom[0m [32m'sonner'[0m;
  [90m11 |[0m
  [90m12 |[0m [36mexport[0m [36mdefault[0m [36mfunction[0m [33mSiteSettings[0m() {

Import map: aliased to relative './src/components/ui/switch' inside of [project]/Music/app


Import traces:
  Client Component Browser:
    ./Music/app/app/admin/settings/page.tsx [Client Component Browser]
    ./Music/app/app/admin/settings/page.tsx [Server Component]

  Client Component SSR:
    ./Music/app/app/admin/settings/page.tsx [Client Component SSR]
    ./Music/app/app/admin/settings/page.tsx [Server Component]

https://nextjs.org/docs/messages/module-not-found


./Music/app/app/parent/events/page.tsx:8:1
Module not found: Can't resolve '@/components/ui/switch'
  [90m 6 |[0m [36mimport[0m { [33mButton[0m } [36mfrom[0m [32m'@/components/ui/button'[0m;
  [90m 7 |[0m [36mimport[0m { [33mCard[0m, [33mCardContent[0m } [36mfrom[0m [32m'@/components/ui/card'[0m;
[31m[1m>[0m [90m 8 |[0m [36mimport[0m { [33mSwitch[0m } [36mfrom[0m [32m'@/components/ui/switch'[0m;
  [90m   |[0m [31m[1m^^^^^^^^^^^^^^^^^^^^^^^^^^^^^^^^^^^^^^^^^^^^^^^^[0m
  [90m 9 |[0m [36mimport[0m { toast } [36mfrom[0m [32m'sonner'[0m;
  [90m10 |[0m
  [90m11 |[0m [36mconst[0m events = [

Import map: aliased to relative './src/components/ui/switch' inside of [project]/Music/app


Import traces:
  Client Component Browser:
    ./Music/app/app/parent/events/page.tsx [Client Component Browser]
    ./Music/app/app/parent/events/page.tsx [Server Component]

  Client Component SSR:
    ./Music/app/app/parent/events/page.tsx [Client Component SSR]
    ./Music/app/app/parent/events/page.tsx [Server Component]

https://nextjs.org/docs/messages/module-not-found


./Music/app/app/parent/settings/page.tsx:9:1
Module not found: Can't resolve '@/components/ui/switch'
  [90m 7 |[0m [36mimport[0m { [33mInput[0m } [36mfrom[0m [32m'@/components/ui/input'[0m;
  [90m 8 |[0m [36mimport[0m { [33mLabel[0m } [36mfrom[0m [32m'@/components/ui/label'[0m;
[31m[1m>[0m [90m 9 |[0m [36mimport[0m { [33mSwitch[0m } [36mfrom[0m [32m'@/components/ui/switch'[0m;
  [90m   |[0m [31m[1m^^^^^^^^^^^^^^^^^^^^^^^^^^^^^^^^^^^^^^^^^^^^^^^^[0m
  [90m10 |[0m [36mimport[0m { [33mTabs[0m, [33mTabsContent[0m, [33mTabsList[0m, [33mTabsTrigger[0m } [36mfrom[0m [32m'@/components...[0m
  [90m11 |[0m [36mimport[0m { [33mAvatar[0m, [33mAvatarFallback[0m, [33mAvatarImage[0m } [36mfrom[0m [32m'@/components/ui/a...[0m
  [90m12 |[0m [36mimport[0m { toast } [36mfrom[0m [32m'sonner'[0m;

Import map: aliased to relative './src/components/ui/switch' inside of [project]/Music/app


Import traces:
  Client Component Browser:
    ./Music/app/app/parent/settings/page.tsx [Client Component Browser]
    ./Music/app/app/parent/settings/page.tsx [Server Component]

  Client Component SSR:
    ./Music/app/app/parent/settings/page.tsx [Client Component SSR]
    ./Music/app/app/parent/settings/page.tsx [Server Component]

https://nextjs.org/docs/messages/module-not-found


./Music/app/app/(public)/programs/page.tsx:8:1
Module not found: Can't resolve '@/components/ui/tabs'
  [90m 6 |[0m ...{ [33mBadge[0m } [36mfrom[0m [32m'@/components/ui/badge'[0m;
  [90m 7 |[0m ...{ [33mButton[0m } [36mfrom[0m [32m'@/components/ui/button'[0m;
[31m[1m>[0m [90m 8 |[0m ...{ [33mTabs[0m, [33mTabsContent[0m, [33mTabsList[0m, [33mTabsTrigger[0m } [36mfrom[0m [32m'@/components/ui/...[0m
  [90m   |[0m    [31m[1m^^^^^^^^^^^^^^^^^^^^^^^^^^^^^^^^^^^^^^^^^^^^^^^^^^^^^^^^^^^^^^^^^^^^^^[0m
  [90m 9 |[0m ...{ useRouter } [36mfrom[0m [32m'next/navigation'[0m;
  [90m10 |[0m ...
  [90m11 |[0m ...[36mdefault[0m [36mfunction[0m [33mPrograms[0m() {

Import map: aliased to relative './src/components/ui/tabs' inside of [project]/Music/app


Import traces:
  Client Component Browser:
    ./Music/app/app/(public)/programs/page.tsx [Client Component Browser]
    ./Music/app/app/(public)/programs/page.tsx [Server Component]

  Client Component SSR:
    ./Music/app/app/(public)/programs/page.tsx [Client Component SSR]
    ./Music/app/app/(public)/programs/page.tsx [Server Component]

https://nextjs.org/docs/messages/module-not-found


./Music/app/app/admin/messages/page.tsx:9:1
Module not found: Can't resolve '@/components/ui/tabs'
  [90m 7 |[0m ...{ [33mCard[0m, [33mCardContent[0m, [33mCardHeader[0m } [36mfrom[0m [32m'@/components/ui/card'[0m;
  [90m 8 |[0m ...{ [33mAvatar[0m, [33mAvatarFallback[0m, [33mAvatarImage[0m } [36mfrom[0m [32m'@/components/ui/avatar'[0m;
[31m[1m>[0m [90m 9 |[0m ...{ [33mTabs[0m, [33mTabsContent[0m, [33mTabsList[0m, [33mTabsTrigger[0m } [36mfrom[0m [32m'@/components/ui/...[0m
  [90m   |[0m    [31m[1m^^^^^^^^^^^^^^^^^^^^^^^^^^^^^^^^^^^^^^^^^^^^^^^^^^^^^^^^^^^^^^^^^^^^^^[0m
  [90m10 |[0m ...{ toast } [36mfrom[0m [32m'sonner'[0m;
  [90m11 |[0m ...
  [90m12 |[0m ...arents = [

Import map: aliased to relative './src/components/ui/tabs' inside of [project]/Music/app


Import traces:
  Client Component Browser:
    ./Music/app/app/admin/messages/page.tsx [Client Component Browser]
    ./Music/app/app/admin/messages/page.tsx [Server Component]

  Client Component SSR:
    ./Music/app/app/admin/messages/page.tsx [Client Component SSR]
    ./Music/app/app/admin/messages/page.tsx [Server Component]

https://nextjs.org/docs/messages/module-not-found


./Music/app/app/parent/child/page.tsx:9:1
Module not found: Can't resolve '@/components/ui/tabs'
  [90m 7 |[0m ...{ [33mCard[0m, [33mCardContent[0m, [33mCardHeader[0m, [33mCardTitle[0m } [36mfrom[0m [32m'@/components/ui/...[0m
  [90m 8 |[0m ...{ [33mAvatar[0m, [33mAvatarFallback[0m, [33mAvatarImage[0m } [36mfrom[0m [32m'@/components/ui/avatar'[0m;
[31m[1m>[0m [90m 9 |[0m ...{ [33mTabs[0m, [33mTabsContent[0m, [33mTabsList[0m, [33mTabsTrigger[0m } [36mfrom[0m [32m'@/components/ui/...[0m
  [90m   |[0m    [31m[1m^^^^^^^^^^^^^^^^^^^^^^^^^^^^^^^^^^^^^^^^^^^^^^^^^^^^^^^^^^^^^^^^^^^^^^[0m
  [90m10 |[0m ...
  [90m11 |[0m ...[36mdefault[0m [36mfunction[0m [33mChildProfile[0m() {
  [90m12 |[0m ... [activeTab, setActiveTab] = useState([32m'overview'[0m);

Import map: aliased to relative './src/components/ui/tabs' inside of [project]/Music/app


Import traces:
  Client Component Browser:
    ./Music/app/app/parent/child/page.tsx [Client Component Browser]
    ./Music/app/app/parent/child/page.tsx [Server Component]

  Client Component SSR:
    ./Music/app/app/parent/child/page.tsx [Client Component SSR]
    ./Music/app/app/parent/child/page.tsx [Server Component]

https://nextjs.org/docs/messages/module-not-found


./Music/app/app/parent/messages/page.tsx:9:1
Module not found: Can't resolve '@/components/ui/tabs'
  [90m 7 |[0m ...{ [33mInput[0m } [36mfrom[0m [32m'@/components/ui/input'[0m;
  [90m 8 |[0m ...{ [33mAvatar[0m, [33mAvatarFallback[0m, [33mAvatarImage[0m } [36mfrom[0m [32m'@/components/ui/avatar'[0m;
[31m[1m>[0m [90m 9 |[0m ...{ [33mTabs[0m, [33mTabsContent[0m, [33mTabsList[0m, [33mTabsTrigger[0m } [36mfrom[0m [32m'@/components/ui/...[0m
  [90m   |[0m    [31m[1m^^^^^^^^^^^^^^^^^^^^^^^^^^^^^^^^^^^^^^^^^^^^^^^^^^^^^^^^^^^^^^^^^^^^^^[0m
  [90m10 |[0m ...{ toast } [36mfrom[0m [32m'sonner'[0m;
  [90m11 |[0m ...
  [90m12 |[0m ...hreads = [

Import map: aliased to relative './src/components/ui/tabs' inside of [project]/Music/app


Import traces:
  Client Component Browser:
    ./Music/app/app/parent/messages/page.tsx [Client Component Browser]
    ./Music/app/app/parent/messages/page.tsx [Server Component]

  Client Component SSR:
    ./Music/app/app/parent/messages/page.tsx [Client Component SSR]
    ./Music/app/app/parent/messages/page.tsx [Server Component]

https://nextjs.org/docs/messages/module-not-found


./Music/app/app/parent/settings/page.tsx:10:1
Module not found: Can't resolve '@/components/ui/tabs'
  [90m 8 |[0m ...{ [33mLabel[0m } [36mfrom[0m [32m'@/components/ui/label'[0m;
  [90m 9 |[0m ...{ [33mSwitch[0m } [36mfrom[0m [32m'@/components/ui/switch'[0m;
[31m[1m>[0m [90m10 |[0m ...{ [33mTabs[0m, [33mTabsContent[0m, [33mTabsList[0m, [33mTabsTrigger[0m } [36mfrom[0m [32m'@/components/ui/...[0m
  [90m   |[0m    [31m[1m^^^^^^^^^^^^^^^^^^^^^^^^^^^^^^^^^^^^^^^^^^^^^^^^^^^^^^^^^^^^^^^^^^^^^^[0m
  [90m11 |[0m ...{ [33mAvatar[0m, [33mAvatarFallback[0m, [33mAvatarImage[0m } [36mfrom[0m [32m'@/components/ui/avatar'[0m;
  [90m12 |[0m ...{ toast } [36mfrom[0m [32m'sonner'[0m;
  [90m13 |[0m ...

Import map: aliased to relative './src/components/ui/tabs' inside of [project]/Music/app


Import traces:
  Client Component Browser:
    ./Music/app/app/parent/settings/page.tsx [Client Component Browser]
    ./Music/app/app/parent/settings/page.tsx [Server Component]

  Client Component SSR:
    ./Music/app/app/parent/settings/page.tsx [Client Component SSR]
    ./Music/app/app/parent/settings/page.tsx [Server Component]

https://nextjs.org/docs/messages/module-not-found


./Music/app/app/(public)/contact/page.tsx:8:1
Module not found: Can't resolve '@/components/ui/textarea'
  [90m 6 |[0m [36mimport[0m { [33mButton[0m } [36mfrom[0m [32m'@/components/ui/button'[0m;
  [90m 7 |[0m [36mimport[0m { [33mInput[0m } [36mfrom[0m [32m'@/components/ui/input'[0m;
[31m[1m>[0m [90m 8 |[0m [36mimport[0m { [33mTextarea[0m } [36mfrom[0m [32m'@/components/ui/textarea'[0m;
  [90m   |[0m [31m[1m^^^^^^^^^^^^^^^^^^^^^^^^^^^^^^^^^^^^^^^^^^^^^^^^^^^^[0m
  [90m 9 |[0m [36mimport[0m { [33mLabel[0m } [36mfrom[0m [32m'@/components/ui/label'[0m;
  [90m10 |[0m [36mimport[0m { toast } [36mfrom[0m [32m'sonner'[0m;
  [90m11 |[0m

Import map: aliased to relative './src/components/ui/textarea' inside of [project]/Music/app


Import traces:
  Client Component Browser:
    ./Music/app/app/(public)/contact/page.tsx [Client Component Browser]
    ./Music/app/app/(public)/contact/page.tsx [Server Component]

  Client Component SSR:
    ./Music/app/app/(public)/contact/page.tsx [Client Component SSR]
    ./Music/app/app/(public)/contact/page.tsx [Server Component]

https://nextjs.org/docs/messages/module-not-found


./Music/app/app/admin/announcements/page.tsx:11:1
Module not found: Can't resolve '@/components/ui/textarea'
  [90m 9 |[0m [36mimport[0m { [33mInput[0m } [36mfrom[0m [32m'@/components/ui/input'[0m;
  [90m10 |[0m [36mimport[0m { [33mLabel[0m } [36mfrom[0m [32m'@/components/ui/label'[0m;
[31m[1m>[0m [90m11 |[0m [36mimport[0m { [33mTextarea[0m } [36mfrom[0m [32m'@/components/ui/textarea'[0m;
  [90m   |[0m [31m[1m^^^^^^^^^^^^^^^^^^^^^^^^^^^^^^^^^^^^^^^^^^^^^^^^^^^^[0m
  [90m12 |[0m [36mimport[0m { toast } [36mfrom[0m [32m'sonner'[0m;
  [90m13 |[0m
  [90m14 |[0m [36mconst[0m announcements = [

Import map: aliased to relative './src/components/ui/textarea' inside of [project]/Music/app


Import traces:
  Client Component Browser:
    ./Music/app/app/admin/announcements/page.tsx [Client Component Browser]
    ./Music/app/app/admin/announcements/page.tsx [Server Component]

  Client Component SSR:
    ./Music/app/app/admin/announcements/page.tsx [Client Component SSR]
    ./Music/app/app/admin/announcements/page.tsx [Server Component]

https://nextjs.org/docs/messages/module-not-found


./Music/app/app/admin/events/page.tsx:11:1
Module not found: Can't resolve '@/components/ui/textarea'
  [90m 9 |[0m [36mimport[0m { [33mDialog[0m, [33mDialogContent[0m, [33mDialogHeader[0m, [33mDialogTitle[0m, [33mDialogTrigg..[0m.
  [90m10 |[0m [36mimport[0m { [33mLabel[0m } [36mfrom[0m [32m'@/components/ui/label'[0m;
[31m[1m>[0m [90m11 |[0m [36mimport[0m { [33mTextarea[0m } [36mfrom[0m [32m'@/components/ui/textarea'[0m;
  [90m   |[0m [31m[1m^^^^^^^^^^^^^^^^^^^^^^^^^^^^^^^^^^^^^^^^^^^^^^^^^^^^[0m
  [90m12 |[0m [36mimport[0m { toast } [36mfrom[0m [32m'sonner'[0m;
  [90m13 |[0m
  [90m14 |[0m [36mconst[0m events = [

Import map: aliased to relative './src/components/ui/textarea' inside of [project]/Music/app


Import traces:
  Client Component Browser:
    ./Music/app/app/admin/events/page.tsx [Client Component Browser]
    ./Music/app/app/admin/events/page.tsx [Server Component]

  Client Component SSR:
    ./Music/app/app/admin/events/page.tsx [Client Component SSR]
    ./Music/app/app/admin/events/page.tsx [Server Component]

https://nextjs.org/docs/messages/module-not-found


./Music/app/app/admin/support/page.tsx:8:1
Module not found: Can't resolve '@/components/ui/textarea'
  [90m 6 |[0m [36mimport[0m { [33mButton[0m } [36mfrom[0m [32m'@/components/ui/button'[0m;
  [90m 7 |[0m [36mimport[0m { [33mCard[0m, [33mCardContent[0m } [36mfrom[0m [32m'@/components/ui/card'[0m;
[31m[1m>[0m [90m 8 |[0m [36mimport[0m { [33mTextarea[0m } [36mfrom[0m [32m'@/components/ui/textarea'[0m;
  [90m   |[0m [31m[1m^^^^^^^^^^^^^^^^^^^^^^^^^^^^^^^^^^^^^^^^^^^^^^^^^^^^[0m
  [90m 9 |[0m [36mimport[0m { [33mDialog[0m, [33mDialogContent[0m, [33mDialogHeader[0m, [33mDialogTitle[0m } [36mfrom[0m [32m'@/co...[0m
  [90m10 |[0m [36mimport[0m { toast } [36mfrom[0m [32m'sonner'[0m;
  [90m11 |[0m

Import map: aliased to relative './src/components/ui/textarea' inside of [project]/Music/app


Import traces:
  Client Component Browser:
    ./Music/app/app/admin/support/page.tsx [Client Component Browser]
    ./Music/app/app/admin/support/page.tsx [Server Component]

  Client Component SSR:
    ./Music/app/app/admin/support/page.tsx [Client Component SSR]
    ./Music/app/app/admin/support/page.tsx [Server Component]

https://nextjs.org/docs/messages/module-not-found


./Music/app/app/parent/support/page.tsx:9:1
Module not found: Can't resolve '@/components/ui/textarea'
  [90m 7 |[0m [36mimport[0m { [33mCard[0m, [33mCardContent[0m, [33mCardHeader[0m, [33mCardTitle[0m } [36mfrom[0m [32m'@/components...[0m
  [90m 8 |[0m [36mimport[0m { [33mInput[0m } [36mfrom[0m [32m'@/components/ui/input'[0m;
[31m[1m>[0m [90m 9 |[0m [36mimport[0m { [33mTextarea[0m } [36mfrom[0m [32m'@/components/ui/textarea'[0m;
  [90m   |[0m [31m[1m^^^^^^^^^^^^^^^^^^^^^^^^^^^^^^^^^^^^^^^^^^^^^^^^^^^^[0m
  [90m10 |[0m [36mimport[0m { [33mLabel[0m } [36mfrom[0m [32m'@/components/ui/label'[0m;
  [90m11 |[0m [36mimport[0m { [33mDialog[0m, [33mDialogContent[0m, [33mDialogHeader[0m, [33mDialogTitle[0m, [33mDialogTrigg..[0m.
  [90m12 |[0m [36mimport[0m { toast } [36mfrom[0m [32m'sonner'[0m;

Import map: aliased to relative './src/components/ui/textarea' inside of [project]/Music/app


Import traces:
  Client Component Browser:
    ./Music/app/app/parent/support/page.tsx [Client Component Browser]
    ./Music/app/app/parent/support/page.tsx [Server Component]

  Client Component SSR:
    ./Music/app/app/parent/support/page.tsx [Client Component SSR]
    ./Music/app/app/parent/support/page.tsx [Server Component]

https://nextjs.org/docs/messages/module-not-found


./Music/app/app/(public)/layout.tsx:2:1
Module not found: Can't resolve '@/src/components/PublicFooter'
  [90m1 |[0m [36mimport[0m [33mPublicNavbar[0m [36mfrom[0m [32m'@/src/components/PublicNavbar'[0m;
[31m[1m>[0m [90m2 |[0m [36mimport[0m [33mPublicFooter[0m [36mfrom[0m [32m'@/src/components/PublicFooter'[0m;
  [90m  |[0m [31m[1m^^^^^^^^^^^^^^^^^^^^^^^^^^^^^^^^^^^^^^^^^^^^^^^^^^^^^^^^^[0m
  [90m3 |[0m
  [90m4 |[0m [36mexport[0m [36mdefault[0m [36mfunction[0m [33mPublicLayout[0m({
  [90m5 |[0m   children,

Import map: aliased to relative './src/src/components/PublicFooter' inside of [project]/Music/app


https://nextjs.org/docs/messages/module-not-found


./Music/app/app/(public)/layout.tsx:1:1
Module not found: Can't resolve '@/src/components/PublicNavbar'
[31m[1m>[0m [90m1 |[0m [36mimport[0m [33mPublicNavbar[0m [36mfrom[0m [32m'@/src/components/PublicNavbar'[0m;
  [90m  |[0m [31m[1m^^^^^^^^^^^^^^^^^^^^^^^^^^^^^^^^^^^^^^^^^^^^^^^^^^^^^^^^^[0m
  [90m2 |[0m [36mimport[0m [33mPublicFooter[0m [36mfrom[0m [32m'@/src/components/PublicFooter'[0m;
  [90m3 |[0m
  [90m4 |[0m [36mexport[0m [36mdefault[0m [36mfunction[0m [33mPublicLayout[0m({

Import map: aliased to relative './src/src/components/PublicNavbar' inside of [project]/Music/app


https://nextjs.org/docs/messages/module-not-found


./Music/app/app/layout.tsx:3:1
Module not found: Can't resolve '@/src/index.css'
  [90m1 |[0m [36mimport[0m [36mtype[0m { [33mMetadata[0m } [36mfrom[0m [32m"next"[0m;
  [90m2 |[0m [36mimport[0m { [33mInter[0m } [36mfrom[0m [32m"next/font/google"[0m;
[31m[1m>[0m [90m3 |[0m [36mimport[0m [32m"@/src/index.css"[0m;
  [90m  |[0m [31m[1m^^^^^^^^^^^^^^^^^^^^^^^^^[0m
  [90m4 |[0m [36mimport[0m { [33mToaster[0m } [36mfrom[0m [32m"@/components/ui/sonner"[0m;
  [90m5 |[0m
  [90m6 |[0m [36mconst[0m inter = [33mInter[0m({ subsets: [[32m"latin"[0m] });

Import map: aliased to relative './src/src/index.css' inside of [project]/Music/app


https://nextjs.org/docs/messages/module-not-found


    at <unknown> (./Music/app/app/(public)/faq/page.tsx:7:1)
    at <unknown> (https://nextjs.org/docs/messages/module-not-found)
    at <unknown> (./Music/app/app/admin/children/page.tsx:8:1)
    at <unknown> (https://nextjs.org/docs/messages/module-not-found)
    at <unknown> (./Music/app/app/admin/layout.tsx:12:1)
    at <unknown> (https://nextjs.org/docs/messages/module-not-found)
    at <unknown> (./Music/app/app/admin/messages/page.tsx:8:1)
    at <unknown> (https://nextjs.org/docs/messages/module-not-found)
    at <unknown> (./Music/app/app/admin/staff/page.tsx:9:1)
    at <unknown> (https://nextjs.org/docs/messages/module-not-found)
    at <unknown> (./Music/app/app/parent/child/page.tsx:8:1)
    at <unknown> (https://nextjs.org/docs/messages/module-not-found)
    at <unknown> (./Music/app/app/parent/layout.tsx:10:1)
    at <unknown> (https://nextjs.org/docs/messages/module-not-found)
    at <unknown> (./Music/app/app/parent/messages/page.tsx:8:1)
    at <unknown> (https://nextjs.org/docs/messages/module-not-found)
    at <unknown> (./Music/app/app/parent/page.tsx:9:1)
    at <unknown> (https://nextjs.org/docs/messages/module-not-found)
    at <unknown> (./Music/app/app/parent/settings/page.tsx:11:1)
    at <unknown> (https://nextjs.org/docs/messages/module-not-found)
    at <unknown> (./Music/app/app/(public)/about/page.tsx:5:1)
    at <unknown> (https://nextjs.org/docs/messages/module-not-found)
    at <unknown> (./Music/app/app/(public)/contact/page.tsx:5:1)
    at <unknown> (https://nextjs.org/docs/messages/module-not-found)
    at <unknown> (./Music/app/app/(public)/events/page.tsx:6:1)
    at <unknown> (https://nextjs.org/docs/messages/module-not-found)
    at <unknown> (./Music/app/app/(public)/faq/page.tsx:5:1)
    at <unknown> (https://nextjs.org/docs/messages/module-not-found)
    at <unknown> (./Music/app/app/(public)/gallery/page.tsx:6:1)
    at <unknown> (https://nextjs.org/docs/messages/module-not-found)
    at <unknown> (./Music/app/app/(public)/privacy/page.tsx:1:1)
    at <unknown> (https://nextjs.org/docs/messages/module-not-found)
    at <unknown> (./Music/app/app/(public)/programs/page.tsx:6:1)
    at <unknown> (https://nextjs.org/docs/messages/module-not-found)
    at <unknown> (./Music/app/app/(public)/terms/page.tsx:1:1)
    at <unknown> (https://nextjs.org/docs/messages/module-not-found)
    at <unknown> (./Music/app/app/admin/announcements/page.tsx:5:1)
    at <unknown> (https://nextjs.org/docs/messages/module-not-found)
    at <unknown> (./Music/app/app/admin/attendance/page.tsx:5:1)
    at <unknown> (https://nextjs.org/docs/messages/module-not-found)
    at <unknown> (./Music/app/app/admin/children/page.tsx:4:1)
    at <unknown> (https://nextjs.org/docs/messages/module-not-found)
    at <unknown> (./Music/app/app/admin/events/page.tsx:5:1)
    at <unknown> (https://nextjs.org/docs/messages/module-not-found)
    at <unknown> (./Music/app/app/admin/invoices/page.tsx:4:1)
    at <unknown> (https://nextjs.org/docs/messages/module-not-found)
    at <unknown> (./Music/app/app/admin/page.tsx:7:1)
    at <unknown> (https://nextjs.org/docs/messages/module-not-found)
    at <unknown> (./Music/app/app/admin/parents/page.tsx:4:1)
    at <unknown> (https://nextjs.org/docs/messages/module-not-found)
    at <unknown> (./Music/app/app/admin/payments/page.tsx:4:1)
    at <unknown> (https://nextjs.org/docs/messages/module-not-found)
    at <unknown> (./Music/app/app/admin/registrations/page.tsx:4:1)
    at <unknown> (https://nextjs.org/docs/messages/module-not-found)
    at <unknown> (./Music/app/app/admin/resources/page.tsx:4:1)
    at <unknown> (https://nextjs.org/docs/messages/module-not-found)
    at <unknown> (./Music/app/app/admin/staff/page.tsx:5:1)
    at <unknown> (https://nextjs.org/docs/messages/module-not-found)
    at <unknown> (./Music/app/app/admin/support/page.tsx:5:1)
    at <unknown> (https://nextjs.org/docs/messages/module-not-found)
    at <unknown> (./Music/app/app/page.tsx:12:1)
    at <unknown> (https://nextjs.org/docs/messages/module-not-found)
    at <unknown> (./Music/app/app/parent/attendance/page.tsx:5:1)
    at <unknown> (https://nextjs.org/docs/messages/module-not-found)
    at <unknown> (./Music/app/app/parent/child/page.tsx:5:1)
    at <unknown> (https://nextjs.org/docs/messages/module-not-found)
    at <unknown> (./Music/app/app/parent/events/page.tsx:5:1)
    at <unknown> (https://nextjs.org/docs/messages/module-not-found)
    at <unknown> (./Music/app/app/parent/messages/page.tsx:5:1)
    at <unknown> (https://nextjs.org/docs/messages/module-not-found)
    at <unknown> (./Music/app/app/parent/page.tsx:6:1)
    at <unknown> (https://nextjs.org/docs/messages/module-not-found)
    at <unknown> (./Music/app/app/parent/payments/page.tsx:4:1)
    at <unknown> (https://nextjs.org/docs/messages/module-not-found)
    at <unknown> (./Music/app/app/parent/resources/page.tsx:5:1)
    at <unknown> (https://nextjs.org/docs/messages/module-not-found)
    at <unknown> (./Music/app/app/parent/support/page.tsx:5:1)
    at <unknown> (https://nextjs.org/docs/messages/module-not-found)
    at <unknown> (./Music/app/app/(public)/about/page.tsx:6:1)
    at <unknown> (https://nextjs.org/docs/messages/module-not-found)
    at <unknown> (./Music/app/app/(public)/contact/page.tsx:6:1)
    at <unknown> (https://nextjs.org/docs/messages/module-not-found)
    at <unknown> (./Music/app/app/(public)/events/page.tsx:7:1)
    at <unknown> (https://nextjs.org/docs/messages/module-not-found)
    at <unknown> (./Music/app/app/(public)/faq/page.tsx:8:1)
    at <unknown> (https://nextjs.org/docs/messages/module-not-found)
    at <unknown> (./Music/app/app/(public)/programs/page.tsx:7:1)
    at <unknown> (https://nextjs.org/docs/messages/module-not-found)
    at <unknown> (./Music/app/app/admin/announcements/page.tsx:6:1)
    at <unknown> (https://nextjs.org/docs/messages/module-not-found)
    at <unknown> (./Music/app/app/admin/attendance/page.tsx:6:1)
    at <unknown> (https://nextjs.org/docs/messages/module-not-found)
    at <unknown> (./Music/app/app/admin/children/page.tsx:5:1)
    at <unknown> (https://nextjs.org/docs/messages/module-not-found)
    at <unknown> (./Music/app/app/admin/events/page.tsx:6:1)
    at <unknown> (https://nextjs.org/docs/messages/module-not-found)
    at <unknown> (./Music/app/app/admin/invoices/page.tsx:5:1)
    at <unknown> (https://nextjs.org/docs/messages/module-not-found)
    at <unknown> (./Music/app/app/admin/login/page.tsx:7:1)
    at <unknown> (https://nextjs.org/docs/messages/module-not-found)
    at <unknown> (./Music/app/app/admin/messages/page.tsx:5:1)
    at <unknown> (https://nextjs.org/docs/messages/module-not-found)
    at <unknown> (./Music/app/app/admin/page.tsx:8:1)
    at <unknown> (https://nextjs.org/docs/messages/module-not-found)
    at <unknown> (./Music/app/app/admin/parents/page.tsx:5:1)
    at <unknown> (https://nextjs.org/docs/messages/module-not-found)
    at <unknown> (./Music/app/app/admin/payments/page.tsx:5:1)
    at <unknown> (https://nextjs.org/docs/messages/module-not-found)
    at <unknown> (./Music/app/app/admin/registrations/page.tsx:5:1)
    at <unknown> (https://nextjs.org/docs/messages/module-not-found)
    at <unknown> (./Music/app/app/admin/resources/page.tsx:5:1)
    at <unknown> (https://nextjs.org/docs/messages/module-not-found)
    at <unknown> (./Music/app/app/admin/roles/page.tsx:4:1)
    at <unknown> (https://nextjs.org/docs/messages/module-not-found)
    at <unknown> (./Music/app/app/admin/settings/page.tsx:5:1)
    at <unknown> (https://nextjs.org/docs/messages/module-not-found)
    at <unknown> (./Music/app/app/admin/staff/page.tsx:6:1)
    at <unknown> (https://nextjs.org/docs/messages/module-not-found)
    at <unknown> (./Music/app/app/admin/support/page.tsx:6:1)
    at <unknown> (https://nextjs.org/docs/messages/module-not-found)
    at <unknown> (./Music/app/app/login/page.tsx:7:1)
    at <unknown> (https://nextjs.org/docs/messages/module-not-found)
    at <unknown> (./Music/app/app/page.tsx:11:1)
    at <unknown> (https://nextjs.org/docs/messages/module-not-found)
    at <unknown> (./Music/app/app/parent/attendance/page.tsx:6:1)
    at <unknown> (https://nextjs.org/docs/messages/module-not-found)
    at <unknown> (./Music/app/app/parent/child/page.tsx:6:1)
    at <unknown> (https://nextjs.org/docs/messages/module-not-found)
    at <unknown> (./Music/app/app/parent/events/page.tsx:6:1)
    at <unknown> (https://nextjs.org/docs/messages/module-not-found)
    at <unknown> (./Music/app/app/parent/messages/page.tsx:6:1)
    at <unknown> (https://nextjs.org/docs/messages/module-not-found)
    at <unknown> (./Music/app/app/parent/page.tsx:7:1)
    at <unknown> (https://nextjs.org/docs/messages/module-not-found)
    at <unknown> (./Music/app/app/parent/payments/page.tsx:5:1)
    at <unknown> (https://nextjs.org/docs/messages/module-not-found)
    at <unknown> (./Music/app/app/parent/payments/pay/page.tsx:5:1)
    at <unknown> (https://nextjs.org/docs/messages/module-not-found)
    at <unknown> (./Music/app/app/parent/resources/page.tsx:6:1)
    at <unknown> (https://nextjs.org/docs/messages/module-not-found)
    at <unknown> (./Music/app/app/parent/settings/page.tsx:5:1)
    at <unknown> (https://nextjs.org/docs/messages/module-not-found)
    at <unknown> (./Music/app/app/parent/support/page.tsx:6:1)
    at <unknown> (https://nextjs.org/docs/messages/module-not-found)
    at <unknown> (./Music/app/app/register/page.tsx:7:1)
    at <unknown> (https://nextjs.org/docs/messages/module-not-found)
    at <unknown> (./Music/app/app/signup/page.tsx:7:1)
    at <unknown> (https://nextjs.org/docs/messages/module-not-found)
    at <unknown> (./Music/app/app/admin/analytics/page.tsx:4:1)
    at <unknown> (https://nextjs.org/docs/messages/module-not-found)
    at <unknown> (./Music/app/app/admin/announcements/page.tsx:7:1)
    at <unknown> (https://nextjs.org/docs/messages/module-not-found)
    at <unknown> (./Music/app/app/admin/attendance/page.tsx:8:1)
    at <unknown> (https://nextjs.org/docs/messages/module-not-found)
    at <unknown> (./Music/app/app/admin/children/page.tsx:7:1)
    at <unknown> (https://nextjs.org/docs/messages/module-not-found)
    at <unknown> (./Music/app/app/admin/events/page.tsx:8:1)
    at <unknown> (https://nextjs.org/docs/messages/module-not-found)
    at <unknown> (./Music/app/app/admin/invoices/page.tsx:7:1)
    at <unknown> (https://nextjs.org/docs/messages/module-not-found)
    at <unknown> (./Music/app/app/admin/messages/page.tsx:7:1)
    at <unknown> (https://nextjs.org/docs/messages/module-not-found)
    at <unknown> (./Music/app/app/admin/page.tsx:9:1)
    at <unknown> (https://nextjs.org/docs/messages/module-not-found)
    at <unknown> (./Music/app/app/admin/parents/page.tsx:7:1)
    at <unknown> (https://nextjs.org/docs/messages/module-not-found)
    at <unknown> (./Music/app/app/admin/payments/page.tsx:6:1)
    at <unknown> (https://nextjs.org/docs/messages/module-not-found)
    at <unknown> (./Music/app/app/admin/registrations/page.tsx:6:1)
    at <unknown> (https://nextjs.org/docs/messages/module-not-found)
    at <unknown> (./Music/app/app/admin/resources/page.tsx:6:1)
    at <unknown> (https://nextjs.org/docs/messages/module-not-found)
    at <unknown> (./Music/app/app/admin/roles/page.tsx:5:1)
    at <unknown> (https://nextjs.org/docs/messages/module-not-found)
    at <unknown> (./Music/app/app/admin/settings/page.tsx:6:1)
    at <unknown> (https://nextjs.org/docs/messages/module-not-found)
    at <unknown> (./Music/app/app/admin/staff/page.tsx:8:1)
    at <unknown> (https://nextjs.org/docs/messages/module-not-found)
    at <unknown> (./Music/app/app/admin/support/page.tsx:7:1)
    at <unknown> (https://nextjs.org/docs/messages/module-not-found)
    at <unknown> (./Music/app/app/parent/attendance/page.tsx:7:1)
    at <unknown> (https://nextjs.org/docs/messages/module-not-found)
    at <unknown> (./Music/app/app/parent/child/page.tsx:7:1)
    at <unknown> (https://nextjs.org/docs/messages/module-not-found)
    at <unknown> (./Music/app/app/parent/events/page.tsx:7:1)
    at <unknown> (https://nextjs.org/docs/messages/module-not-found)
    at <unknown> (./Music/app/app/parent/page.tsx:8:1)
    at <unknown> (https://nextjs.org/docs/messages/module-not-found)
    at <unknown> (./Music/app/app/parent/payments/page.tsx:6:1)
    at <unknown> (https://nextjs.org/docs/messages/module-not-found)
    at <unknown> (./Music/app/app/parent/payments/pay/page.tsx:6:1)
    at <unknown> (https://nextjs.org/docs/messages/module-not-found)
    at <unknown> (./Music/app/app/parent/resources/page.tsx:7:1)
    at <unknown> (https://nextjs.org/docs/messages/module-not-found)
    at <unknown> (./Music/app/app/parent/settings/page.tsx:6:1)
    at <unknown> (https://nextjs.org/docs/messages/module-not-found)
    at <unknown> (./Music/app/app/parent/support/page.tsx:7:1)
    at <unknown> (https://nextjs.org/docs/messages/module-not-found)
    at <unknown> (./Music/app/app/login/page.tsx:10:1)
    at <unknown> (https://nextjs.org/docs/messages/module-not-found)
    at <unknown> (./Music/app/app/register/page.tsx:10:1)
    at <unknown> (https://nextjs.org/docs/messages/module-not-found)
    at <unknown> (./Music/app/app/signup/page.tsx:10:1)
    at <unknown> (https://nextjs.org/docs/messages/module-not-found)
    at <unknown> (./Music/app/app/admin/announcements/page.tsx:8:1)
    at <unknown> (https://nextjs.org/docs/messages/module-not-found)
    at <unknown> (./Music/app/app/admin/events/page.tsx:9:1)
    at <unknown> (https://nextjs.org/docs/messages/module-not-found)
    at <unknown> (./Music/app/app/admin/invoices/page.tsx:8:1)
    at <unknown> (https://nextjs.org/docs/messages/module-not-found)
    at <unknown> (./Music/app/app/admin/roles/page.tsx:6:1)
    at <unknown> (https://nextjs.org/docs/messages/module-not-found)
    at <unknown> (./Music/app/app/admin/support/page.tsx:9:1)
    at <unknown> (https://nextjs.org/docs/messages/module-not-found)
    at <unknown> (./Music/app/app/parent/support/page.tsx:11:1)
    at <unknown> (https://nextjs.org/docs/messages/module-not-found)
    at <unknown> (./Music/app/app/(public)/contact/page.tsx:7:1)
    at <unknown> (https://nextjs.org/docs/messages/module-not-found)
    at <unknown> (./Music/app/app/(public)/faq/page.tsx:6:1)
    at <unknown> (https://nextjs.org/docs/messages/module-not-found)
    at <unknown> (./Music/app/app/admin/announcements/page.tsx:9:1)
    at <unknown> (https://nextjs.org/docs/messages/module-not-found)
    at <unknown> (./Music/app/app/admin/attendance/page.tsx:7:1)
    at <unknown> (https://nextjs.org/docs/messages/module-not-found)
    at <unknown> (./Music/app/app/admin/children/page.tsx:6:1)
    at <unknown> (https://nextjs.org/docs/messages/module-not-found)
    at <unknown> (./Music/app/app/admin/events/page.tsx:7:1)
    at <unknown> (https://nextjs.org/docs/messages/module-not-found)
    at <unknown> (./Music/app/app/admin/invoices/page.tsx:6:1)
    at <unknown> (https://nextjs.org/docs/messages/module-not-found)
    at <unknown> (./Music/app/app/admin/layout.tsx:11:1)
    at <unknown> (https://nextjs.org/docs/messages/module-not-found)
    at <unknown> (./Music/app/app/admin/login/page.tsx:8:1)
    at <unknown> (https://nextjs.org/docs/messages/module-not-found)
    at <unknown> (./Music/app/app/admin/messages/page.tsx:6:1)
    at <unknown> (https://nextjs.org/docs/messages/module-not-found)
    at <unknown> (./Music/app/app/admin/parents/page.tsx:6:1)
    at <unknown> (https://nextjs.org/docs/messages/module-not-found)
    at <unknown> (./Music/app/app/admin/roles/page.tsx:7:1)
    at <unknown> (https://nextjs.org/docs/messages/module-not-found)
    at <unknown> (./Music/app/app/admin/settings/page.tsx:7:1)
    at <unknown> (https://nextjs.org/docs/messages/module-not-found)
    at <unknown> (./Music/app/app/admin/staff/page.tsx:7:1)
    at <unknown> (https://nextjs.org/docs/messages/module-not-found)
    at <unknown> (./Music/app/app/login/page.tsx:8:1)
    at <unknown> (https://nextjs.org/docs/messages/module-not-found)
    at <unknown> (./Music/app/app/parent/messages/page.tsx:7:1)
    at <unknown> (https://nextjs.org/docs/messages/module-not-found)
    at <unknown> (./Music/app/app/parent/payments/pay/page.tsx:7:1)
    at <unknown> (https://nextjs.org/docs/messages/module-not-found)
    at <unknown> (./Music/app/app/parent/resources/page.tsx:8:1)
    at <unknown> (https://nextjs.org/docs/messages/module-not-found)
    at <unknown> (./Music/app/app/parent/settings/page.tsx:7:1)
    at <unknown> (https://nextjs.org/docs/messages/module-not-found)
    at <unknown> (./Music/app/app/parent/support/page.tsx:8:1)
    at <unknown> (https://nextjs.org/docs/messages/module-not-found)
    at <unknown> (./Music/app/app/register/page.tsx:8:1)
    at <unknown> (https://nextjs.org/docs/messages/module-not-found)
    at <unknown> (./Music/app/app/signup/page.tsx:8:1)
    at <unknown> (https://nextjs.org/docs/messages/module-not-found)
    at <unknown> (./Music/app/app/(public)/contact/page.tsx:9:1)
    at <unknown> (https://nextjs.org/docs/messages/module-not-found)
    at <unknown> (./Music/app/app/admin/announcements/page.tsx:10:1)
    at <unknown> (https://nextjs.org/docs/messages/module-not-found)
    at <unknown> (./Music/app/app/admin/events/page.tsx:10:1)
    at <unknown> (https://nextjs.org/docs/messages/module-not-found)
    at <unknown> (./Music/app/app/admin/invoices/page.tsx:9:1)
    at <unknown> (https://nextjs.org/docs/messages/module-not-found)
    at <unknown> (./Music/app/app/admin/login/page.tsx:9:1)
    at <unknown> (https://nextjs.org/docs/messages/module-not-found)
    at <unknown> (./Music/app/app/admin/roles/page.tsx:8:1)
    at <unknown> (https://nextjs.org/docs/messages/module-not-found)
    at <unknown> (./Music/app/app/admin/settings/page.tsx:8:1)
    at <unknown> (https://nextjs.org/docs/messages/module-not-found)
    at <unknown> (./Music/app/app/login/page.tsx:9:1)
    at <unknown> (https://nextjs.org/docs/messages/module-not-found)
    at <unknown> (./Music/app/app/parent/payments/pay/page.tsx:8:1)
    at <unknown> (https://nextjs.org/docs/messages/module-not-found)
    at <unknown> (./Music/app/app/parent/settings/page.tsx:8:1)
    at <unknown> (https://nextjs.org/docs/messages/module-not-found)
    at <unknown> (./Music/app/app/parent/support/page.tsx:10:1)
    at <unknown> (https://nextjs.org/docs/messages/module-not-found)
    at <unknown> (./Music/app/app/register/page.tsx:9:1)
    at <unknown> (https://nextjs.org/docs/messages/module-not-found)
    at <unknown> (./Music/app/app/signup/page.tsx:9:1)
    at <unknown> (https://nextjs.org/docs/messages/module-not-found)
    at <unknown> (./Music/app/app/admin/attendance/page.tsx:9:1)
    at <unknown> (https://nextjs.org/docs/messages/module-not-found)
    at <unknown> (./Music/app/app/layout.tsx:4:1)
    at <unknown> (https://nextjs.org/docs/messages/module-not-found)
    at <unknown> (./Music/app/app/admin/roles/page.tsx:9:1)
    at <unknown> (https://nextjs.org/docs/messages/module-not-found)
    at <unknown> (./Music/app/app/admin/settings/page.tsx:9:1)
    at <unknown> (https://nextjs.org/docs/messages/module-not-found)
    at <unknown> (./Music/app/app/parent/events/page.tsx:8:1)
    at <unknown> (https://nextjs.org/docs/messages/module-not-found)
    at <unknown> (./Music/app/app/parent/settings/page.tsx:9:1)
    at <unknown> (https://nextjs.org/docs/messages/module-not-found)
    at <unknown> (./Music/app/app/(public)/programs/page.tsx:8:1)
    at <unknown> (https://nextjs.org/docs/messages/module-not-found)
    at <unknown> (./Music/app/app/admin/messages/page.tsx:9:1)
    at <unknown> (https://nextjs.org/docs/messages/module-not-found)
    at <unknown> (./Music/app/app/parent/child/page.tsx:9:1)
    at <unknown> (https://nextjs.org/docs/messages/module-not-found)
    at <unknown> (./Music/app/app/parent/messages/page.tsx:9:1)
    at <unknown> (https://nextjs.org/docs/messages/module-not-found)
    at <unknown> (./Music/app/app/parent/settings/page.tsx:10:1)
    at <unknown> (https://nextjs.org/docs/messages/module-not-found)
    at <unknown> (./Music/app/app/(public)/contact/page.tsx:8:1)
    at <unknown> (https://nextjs.org/docs/messages/module-not-found)
    at <unknown> (./Music/app/app/admin/announcements/page.tsx:11:1)
    at <unknown> (https://nextjs.org/docs/messages/module-not-found)
    at <unknown> (./Music/app/app/admin/events/page.tsx:11:1)
    at <unknown> (https://nextjs.org/docs/messages/module-not-found)
    at <unknown> (./Music/app/app/admin/support/page.tsx:8:1)
    at <unknown> (https://nextjs.org/docs/messages/module-not-found)
    at <unknown> (./Music/app/app/parent/support/page.tsx:9:1)
    at <unknown> (https://nextjs.org/docs/messages/module-not-found)
    at <unknown> (./Music/app/app/(public)/layout.tsx:2:1)
    at <unknown> (https://nextjs.org/docs/messages/module-not-found)
    at <unknown> (./Music/app/app/(public)/layout.tsx:1:1)
    at <unknown> (https://nextjs.org/docs/messages/module-not-found)
    at <unknown> (./Music/app/app/layout.tsx:3:1)
    at <unknown> (https://nextjs.org/docs/messages/module-not-found)
